14:05:53 **** Build of project mem_test_bsp ****
make -k all 
"Running Make include in ps7_cortexa9_0/libsrc/coresightps_dcc_v1_0/src"
make -C ps7_cortexa9_0/libsrc/coresightps_dcc_v1_0/src -s include  "SHELL=CMD" "COMPILER=arm-xilinx-eabi-gcc" "ARCHIVER=arm-xilinx-eabi-ar" "COMPILER_FLAGS=  -O2 -c" "EXTRA_COMPILER_FLAGS=-g"
"Running Make include in ps7_cortexa9_0/libsrc/cpu_cortexa9_v2_1/src"
make -C ps7_cortexa9_0/libsrc/cpu_cortexa9_v2_1/src -s include  "SHELL=CMD" "COMPILER=arm-xilinx-eabi-gcc" "ARCHIVER=arm-xilinx-eabi-ar" "COMPILER_FLAGS=  -O2 -c" "EXTRA_COMPILER_FLAGS=-g"
"Running Make include in ps7_cortexa9_0/libsrc/devcfg_v3_3/src"
make -C ps7_cortexa9_0/libsrc/devcfg_v3_3/src -s include  "SHELL=CMD" "COMPILER=arm-xilinx-eabi-gcc" "ARCHIVER=arm-xilinx-eabi-ar" "COMPILER_FLAGS=  -O2 -c" "EXTRA_COMPILER_FLAGS=-g"
"Running Make include in ps7_cortexa9_0/libsrc/dmaps_v2_1/src"
make -C ps7_cortexa9_0/libsrc/dmaps_v2_1/src -s include  "SHELL=CMD" "COMPILER=arm-xilinx-eabi-gcc" "ARCHIVER=arm-xilinx-eabi-ar" "COMPILER_FLAGS=  -O2 -c" "EXTRA_COMPILER_FLAGS=-g"
"Running Make include in ps7_cortexa9_0/libsrc/scugic_v3_0/src"
make -C ps7_cortexa9_0/libsrc/scugic_v3_0/src -s include  "SHELL=CMD" "COMPILER=arm-xilinx-eabi-gcc" "ARCHIVER=arm-xilinx-eabi-ar" "COMPILER_FLAGS=  -O2 -c" "EXTRA_COMPILER_FLAGS=-g"
"Running Make include in ps7_cortexa9_0/libsrc/scutimer_v2_1/src"
make -C ps7_cortexa9_0/libsrc/scutimer_v2_1/src -s include  "SHELL=CMD" "COMPILER=arm-xilinx-eabi-gcc" "ARCHIVER=arm-xilinx-eabi-ar" "COMPILER_FLAGS=  -O2 -c" "EXTRA_COMPILER_FLAGS=-g"
"Running Make include in ps7_cortexa9_0/libsrc/scuwdt_v2_1/src"
make -C ps7_cortexa9_0/libsrc/scuwdt_v2_1/src -s include  "SHELL=CMD" "COMPILER=arm-xilinx-eabi-gcc" "ARCHIVER=arm-xilinx-eabi-ar" "COMPILER_FLAGS=  -O2 -c" "EXTRA_COMPILER_FLAGS=-g"
"Running Make include in ps7_cortexa9_0/libsrc/standalone_v5_1/src"
make -C ps7_cortexa9_0/libsrc/standalone_v5_1/src -s include  "SHELL=CMD" "COMPILER=arm-xilinx-eabi-gcc" "ARCHIVER=arm-xilinx-eabi-ar" "COMPILER_FLAGS=  -O2 -c" "EXTRA_COMPILER_FLAGS=-g"
"Running Make include in ps7_cortexa9_0/libsrc/uartps_v3_0/src"
make -C ps7_cortexa9_0/libsrc/uartps_v3_0/src -s include  "SHELL=CMD" "COMPILER=arm-xilinx-eabi-gcc" "ARCHIVER=arm-xilinx-eabi-ar" "COMPILER_FLAGS=  -O2 -c" "EXTRA_COMPILER_FLAGS=-g"
"Running Make include in ps7_cortexa9_0/libsrc/xadcps_v2_2/src"
make -C ps7_cortexa9_0/libsrc/xadcps_v2_2/src -s include  "SHELL=CMD" "COMPILER=arm-xilinx-eabi-gcc" "ARCHIVER=arm-xilinx-eabi-ar" "COMPILER_FLAGS=  -O2 -c" "EXTRA_COMPILER_FLAGS=-g"
"Running Make libs in ps7_cortexa9_0/libsrc/coresightps_dcc_v1_0/src"
make -C ps7_cortexa9_0/libsrc/coresightps_dcc_v1_0/src -s libs  "SHELL=CMD" "COMPILER=arm-xilinx-eabi-gcc" "ARCHIVER=arm-xilinx-eabi-ar" "COMPILER_FLAGS=  -O2 -c" "EXTRA_COMPILER_FLAGS=-g"
"Compiling coresightps_dcc"
arm-xilinx-eabi-ar: creating ../../../lib/libxil.a
"Running Make libs in ps7_cortexa9_0/libsrc/cpu_cortexa9_v2_1/src"
make -C ps7_cortexa9_0/libsrc/cpu_cortexa9_v2_1/src -s libs  "SHELL=CMD" "COMPILER=arm-xilinx-eabi-gcc" "ARCHIVER=arm-xilinx-eabi-ar" "COMPILER_FLAGS=  -O2 -c" "EXTRA_COMPILER_FLAGS=-g"
"Compiling cpu_cortexa9"
"Running Make libs in ps7_cortexa9_0/libsrc/devcfg_v3_3/src"
make -C ps7_cortexa9_0/libsrc/devcfg_v3_3/src -s libs  "SHELL=CMD" "COMPILER=arm-xilinx-eabi-gcc" "ARCHIVER=arm-xilinx-eabi-ar" "COMPILER_FLAGS=  -O2 -c" "EXTRA_COMPILER_FLAGS=-g"
"Compiling devcfg"
"Running Make libs in ps7_cortexa9_0/libsrc/dmaps_v2_1/src"
make -C ps7_cortexa9_0/libsrc/dmaps_v2_1/src -s libs  "SHELL=CMD" "COMPILER=arm-xilinx-eabi-gcc" "ARCHIVER=arm-xilinx-eabi-ar" "COMPILER_FLAGS=  -O2 -c" "EXTRA_COMPILER_FLAGS=-g"
"Compiling dmaps"
"Running Make libs in ps7_cortexa9_0/libsrc/scugic_v3_0/src"
make -C ps7_cortexa9_0/libsrc/scugic_v3_0/src -s libs  "SHELL=CMD" "COMPILER=arm-xilinx-eabi-gcc" "ARCHIVER=arm-xilinx-eabi-ar" "COMPILER_FLAGS=  -O2 -c" "EXTRA_COMPILER_FLAGS=-g"
"Compiling scugic"
"Running Make libs in ps7_cortexa9_0/libsrc/scutimer_v2_1/src"
make -C ps7_cortexa9_0/libsrc/scutimer_v2_1/src -s libs  "SHELL=CMD" "COMPILER=arm-xilinx-eabi-gcc" "ARCHIVER=arm-xilinx-eabi-ar" "COMPILER_FLAGS=  -O2 -c" "EXTRA_COMPILER_FLAGS=-g"
"Compiling scutimer"
"Running Make libs in ps7_cortexa9_0/libsrc/scuwdt_v2_1/src"
make -C ps7_cortexa9_0/libsrc/scuwdt_v2_1/src -s libs  "SHELL=CMD" "COMPILER=arm-xilinx-eabi-gcc" "ARCHIVER=arm-xilinx-eabi-ar" "COMPILER_FLAGS=  -O2 -c" "EXTRA_COMPILER_FLAGS=-g"
"Compiling scuwdt"
"Running Make libs in ps7_cortexa9_0/libsrc/standalone_v5_1/src"
make -C ps7_cortexa9_0/libsrc/standalone_v5_1/src -s libs  "SHELL=CMD" "COMPILER=arm-xilinx-eabi-gcc" "ARCHIVER=arm-xilinx-eabi-ar" "COMPILER_FLAGS=  -O2 -c" "EXTRA_COMPILER_FLAGS=-g"
"Compiling standalone"
"Running Make libs in ps7_cortexa9_0/libsrc/uartps_v3_0/src"
make -C ps7_cortexa9_0/libsrc/uartps_v3_0/src -s libs  "SHELL=CMD" "COMPILER=arm-xilinx-eabi-gcc" "ARCHIVER=arm-xilinx-eabi-ar" "COMPILER_FLAGS=  -O2 -c" "EXTRA_COMPILER_FLAGS=-g"
"Compiling uartps"
"Running Make libs in ps7_cortexa9_0/libsrc/xadcps_v2_2/src"
make -C ps7_cortexa9_0/libsrc/xadcps_v2_2/src -s libs  "SHELL=CMD" "COMPILER=arm-xilinx-eabi-gcc" "ARCHIVER=arm-xilinx-eabi-ar" "COMPILER_FLAGS=  -O2 -c" "EXTRA_COMPILER_FLAGS=-g"
"Compiling xadcps"
'Finished building libraries'
14:06:07 **** Build of configuration Debug for project mem_test ****
make all 
'Building file: ../src/memory_config_g.c'
'Invoking: ARM gcc compiler'
arm-xilinx-eabi-gcc -Wall -O0 -g3 -c -fmessage-length=0 -MT"src/memory_config_g.o" -I../../mem_test_bsp/ps7_cortexa9_0/include -MMD -MP -MF"src/memory_config_g.d" -MT"src/memory_config_g.d" -o "src/memory_config_g.o" "../src/memory_config_g.c"
'Finished building: ../src/memory_config_g.c'
' '
'Building file: ../src/memorytest.c'
'Invoking: ARM gcc compiler'
arm-xilinx-eabi-gcc -Wall -O0 -g3 -c -fmessage-length=0 -MT"src/memorytest.o" -I../../mem_test_bsp/ps7_cortexa9_0/include -MMD -MP -MF"src/memorytest.d" -MT"src/memorytest.d" -o "src/memorytest.o" "../src/memorytest.c"
'Finished building: ../src/memorytest.c'
' '
'Building file: ../src/platform.c'
'Invoking: ARM gcc compiler'
arm-xilinx-eabi-gcc -Wall -O0 -g3 -c -fmessage-length=0 -MT"src/platform.o" -I../../mem_test_bsp/ps7_cortexa9_0/include -MMD -MP -MF"src/platform.d" -MT"src/platform.d" -o "src/platform.o" "../src/platform.c"
'Finished building: ../src/platform.c'
' '
'Building target: mem_test.elf'
'Invoking: ARM gcc linker'
arm-xilinx-eabi-gcc -Wl,-T -Wl,../src/lscript.ld -L../../mem_test_bsp/ps7_cortexa9_0/lib -o "mem_test.elf"  ./src/memory_config_g.o ./src/memorytest.o ./src/platform.o   -Wl,--start-group,-lxil,-lgcc,-lc,--end-group
'Finished building target: mem_test.elf'
' '
'Invoking: ARM Print Size'
arm-xilinx-eabi-size mem_test.elf  |tee "mem_test.elf.size"
   text	   data	    bss	    dec	    hex	filename
  26292	   1184	  14388	  41864	   a388	mem_test.elf
'Finished building: mem_test.elf.size'
' '
14:12:41 **** Incremental Build of configuration Debug for project mem_test ****
make all 
make: Nothing to be done for `all'.
13:20:01 **** Auto Build of project mem_test_bsp ****
make -k all 
"Running Make include in ps7_cortexa9_0/libsrc/coresightps_dcc_v1_0/src"
make -C ps7_cortexa9_0/libsrc/coresightps_dcc_v1_0/src -s include  "SHELL=CMD" "COMPILER=arm-xilinx-eabi-gcc" "ARCHIVER=arm-xilinx-eabi-ar" "COMPILER_FLAGS=  -O2 -c" "EXTRA_COMPILER_FLAGS=-g"
"Running Make include in ps7_cortexa9_0/libsrc/cpu_cortexa9_v2_1/src"
make -C ps7_cortexa9_0/libsrc/cpu_cortexa9_v2_1/src -s include  "SHELL=CMD" "COMPILER=arm-xilinx-eabi-gcc" "ARCHIVER=arm-xilinx-eabi-ar" "COMPILER_FLAGS=  -O2 -c" "EXTRA_COMPILER_FLAGS=-g"
"Running Make include in ps7_cortexa9_0/libsrc/devcfg_v3_3/src"
make -C ps7_cortexa9_0/libsrc/devcfg_v3_3/src -s include  "SHELL=CMD" "COMPILER=arm-xilinx-eabi-gcc" "ARCHIVER=arm-xilinx-eabi-ar" "COMPILER_FLAGS=  -O2 -c" "EXTRA_COMPILER_FLAGS=-g"
"Running Make include in ps7_cortexa9_0/libsrc/dmaps_v2_1/src"
make -C ps7_cortexa9_0/libsrc/dmaps_v2_1/src -s include  "SHELL=CMD" "COMPILER=arm-xilinx-eabi-gcc" "ARCHIVER=arm-xilinx-eabi-ar" "COMPILER_FLAGS=  -O2 -c" "EXTRA_COMPILER_FLAGS=-g"
"Running Make include in ps7_cortexa9_0/libsrc/scugic_v3_0/src"
make -C ps7_cortexa9_0/libsrc/scugic_v3_0/src -s include  "SHELL=CMD" "COMPILER=arm-xilinx-eabi-gcc" "ARCHIVER=arm-xilinx-eabi-ar" "COMPILER_FLAGS=  -O2 -c" "EXTRA_COMPILER_FLAGS=-g"
"Running Make include in ps7_cortexa9_0/libsrc/scutimer_v2_1/src"
make -C ps7_cortexa9_0/libsrc/scutimer_v2_1/src -s include  "SHELL=CMD" "COMPILER=arm-xilinx-eabi-gcc" "ARCHIVER=arm-xilinx-eabi-ar" "COMPILER_FLAGS=  -O2 -c" "EXTRA_COMPILER_FLAGS=-g"
"Running Make include in ps7_cortexa9_0/libsrc/scuwdt_v2_1/src"
make -C ps7_cortexa9_0/libsrc/scuwdt_v2_1/src -s include  "SHELL=CMD" "COMPILER=arm-xilinx-eabi-gcc" "ARCHIVER=arm-xilinx-eabi-ar" "COMPILER_FLAGS=  -O2 -c" "EXTRA_COMPILER_FLAGS=-g"
"Running Make include in ps7_cortexa9_0/libsrc/standalone_v5_1/src"
make -C ps7_cortexa9_0/libsrc/standalone_v5_1/src -s include  "SHELL=CMD" "COMPILER=arm-xilinx-eabi-gcc" "ARCHIVER=arm-xilinx-eabi-ar" "COMPILER_FLAGS=  -O2 -c" "EXTRA_COMPILER_FLAGS=-g"
"Running Make include in ps7_cortexa9_0/libsrc/uartps_v3_0/src"
make -C ps7_cortexa9_0/libsrc/uartps_v3_0/src -s include  "SHELL=CMD" "COMPILER=arm-xilinx-eabi-gcc" "ARCHIVER=arm-xilinx-eabi-ar" "COMPILER_FLAGS=  -O2 -c" "EXTRA_COMPILER_FLAGS=-g"
"Running Make include in ps7_cortexa9_0/libsrc/xadcps_v2_2/src"
make -C ps7_cortexa9_0/libsrc/xadcps_v2_2/src -s include  "SHELL=CMD" "COMPILER=arm-xilinx-eabi-gcc" "ARCHIVER=arm-xilinx-eabi-ar" "COMPILER_FLAGS=  -O2 -c" "EXTRA_COMPILER_FLAGS=-g"
"Running Make libs in ps7_cortexa9_0/libsrc/coresightps_dcc_v1_0/src"
make -C ps7_cortexa9_0/libsrc/coresightps_dcc_v1_0/src -s libs  "SHELL=CMD" "COMPILER=arm-xilinx-eabi-gcc" "ARCHIVER=arm-xilinx-eabi-ar" "COMPILER_FLAGS=  -O2 -c" "EXTRA_COMPILER_FLAGS=-g"
"Compiling coresightps_dcc"
"Running Make libs in ps7_cortexa9_0/libsrc/cpu_cortexa9_v2_1/src"
make -C ps7_cortexa9_0/libsrc/cpu_cortexa9_v2_1/src -s libs  "SHELL=CMD" "COMPILER=arm-xilinx-eabi-gcc" "ARCHIVER=arm-xilinx-eabi-ar" "COMPILER_FLAGS=  -O2 -c" "EXTRA_COMPILER_FLAGS=-g"
"Compiling cpu_cortexa9"
"Running Make libs in ps7_cortexa9_0/libsrc/devcfg_v3_3/src"
make -C ps7_cortexa9_0/libsrc/devcfg_v3_3/src -s libs  "SHELL=CMD" "COMPILER=arm-xilinx-eabi-gcc" "ARCHIVER=arm-xilinx-eabi-ar" "COMPILER_FLAGS=  -O2 -c" "EXTRA_COMPILER_FLAGS=-g"
"Compiling devcfg"
"Running Make libs in ps7_cortexa9_0/libsrc/dmaps_v2_1/src"
make -C ps7_cortexa9_0/libsrc/dmaps_v2_1/src -s libs  "SHELL=CMD" "COMPILER=arm-xilinx-eabi-gcc" "ARCHIVER=arm-xilinx-eabi-ar" "COMPILER_FLAGS=  -O2 -c" "EXTRA_COMPILER_FLAGS=-g"
"Compiling dmaps"
"Running Make libs in ps7_cortexa9_0/libsrc/scugic_v3_0/src"
make -C ps7_cortexa9_0/libsrc/scugic_v3_0/src -s libs  "SHELL=CMD" "COMPILER=arm-xilinx-eabi-gcc" "ARCHIVER=arm-xilinx-eabi-ar" "COMPILER_FLAGS=  -O2 -c" "EXTRA_COMPILER_FLAGS=-g"
"Compiling scugic"
"Running Make libs in ps7_cortexa9_0/libsrc/scutimer_v2_1/src"
make -C ps7_cortexa9_0/libsrc/scutimer_v2_1/src -s libs  "SHELL=CMD" "COMPILER=arm-xilinx-eabi-gcc" "ARCHIVER=arm-xilinx-eabi-ar" "COMPILER_FLAGS=  -O2 -c" "EXTRA_COMPILER_FLAGS=-g"
"Compiling scutimer"
"Running Make libs in ps7_cortexa9_0/libsrc/scuwdt_v2_1/src"
make -C ps7_cortexa9_0/libsrc/scuwdt_v2_1/src -s libs  "SHELL=CMD" "COMPILER=arm-xilinx-eabi-gcc" "ARCHIVER=arm-xilinx-eabi-ar" "COMPILER_FLAGS=  -O2 -c" "EXTRA_COMPILER_FLAGS=-g"
"Compiling scuwdt"
"Running Make libs in ps7_cortexa9_0/libsrc/standalone_v5_1/src"
make -C ps7_cortexa9_0/libsrc/standalone_v5_1/src -s libs  "SHELL=CMD" "COMPILER=arm-xilinx-eabi-gcc" "ARCHIVER=arm-xilinx-eabi-ar" "COMPILER_FLAGS=  -O2 -c" "EXTRA_COMPILER_FLAGS=-g"
"Compiling standalone"
"Running Make libs in ps7_cortexa9_0/libsrc/uartps_v3_0/src"
make -C ps7_cortexa9_0/libsrc/uartps_v3_0/src -s libs  "SHELL=CMD" "COMPILER=arm-xilinx-eabi-gcc" "ARCHIVER=arm-xilinx-eabi-ar" "COMPILER_FLAGS=  -O2 -c" "EXTRA_COMPILER_FLAGS=-g"
"Compiling uartps"
"Running Make libs in ps7_cortexa9_0/libsrc/xadcps_v2_2/src"
make -C ps7_cortexa9_0/libsrc/xadcps_v2_2/src -s libs  "SHELL=CMD" "COMPILER=arm-xilinx-eabi-gcc" "ARCHIVER=arm-xilinx-eabi-ar" "COMPILER_FLAGS=  -O2 -c" "EXTRA_COMPILER_FLAGS=-g"
"Compiling xadcps"
'Finished building libraries'
13:20:23 **** Auto Build of configuration Debug for project mem_test ****
make all 
'Building file: ../src/memorytest.c'
'Invoking: ARM gcc compiler'
arm-xilinx-eabi-gcc -Wall -O0 -g3 -c -fmessage-length=0 -MT"src/memorytest.o" -I../../mem_test_bsp/ps7_cortexa9_0/include -MMD -MP -MF"src/memorytest.d" -MT"src/memorytest.d" -o "src/memorytest.o" "../src/memorytest.c"
'Finished building: ../src/memorytest.c'
' '
'Building file: ../src/platform.c'
'Invoking: ARM gcc compiler'
arm-xilinx-eabi-gcc -Wall -O0 -g3 -c -fmessage-length=0 -MT"src/platform.o" -I../../mem_test_bsp/ps7_cortexa9_0/include -MMD -MP -MF"src/platform.d" -MT"src/platform.d" -o "src/platform.o" "../src/platform.c"
'Finished building: ../src/platform.c'
' '
'Building target: mem_test.elf'
'Invoking: ARM gcc linker'
arm-xilinx-eabi-gcc -Wl,-T -Wl,../src/lscript.ld -L../../mem_test_bsp/ps7_cortexa9_0/lib -o "mem_test.elf"  ./src/memory_config_g.o ./src/memorytest.o ./src/platform.o   -Wl,--start-group,-lxil,-lgcc,-lc,--end-group
'Finished building target: mem_test.elf'
' '
'Invoking: ARM Print Size'
arm-xilinx-eabi-size mem_test.elf  |tee "mem_test.elf.size"
   text	   data	    bss	    dec	    hex	filename
  26292	   1184	  14388	  41864	   a388	mem_test.elf
'Finished building: mem_test.elf.size'
' '
13:23:50 **** Build of project standalone_bsp_0 ****
make -k all 
"Running Make include in ps7_cortexa9_0/libsrc/coresightps_dcc_v1_0/src"
make -C ps7_cortexa9_0/libsrc/coresightps_dcc_v1_0/src -s include  "SHELL=CMD" "COMPILER=arm-xilinx-eabi-gcc" "ARCHIVER=arm-xilinx-eabi-ar" "COMPILER_FLAGS=  -O2 -c" "EXTRA_COMPILER_FLAGS=-g"
"Running Make include in ps7_cortexa9_0/libsrc/cpu_cortexa9_v2_1/src"
make -C ps7_cortexa9_0/libsrc/cpu_cortexa9_v2_1/src -s include  "SHELL=CMD" "COMPILER=arm-xilinx-eabi-gcc" "ARCHIVER=arm-xilinx-eabi-ar" "COMPILER_FLAGS=  -O2 -c" "EXTRA_COMPILER_FLAGS=-g"
"Running Make include in ps7_cortexa9_0/libsrc/devcfg_v3_3/src"
make -C ps7_cortexa9_0/libsrc/devcfg_v3_3/src -s include  "SHELL=CMD" "COMPILER=arm-xilinx-eabi-gcc" "ARCHIVER=arm-xilinx-eabi-ar" "COMPILER_FLAGS=  -O2 -c" "EXTRA_COMPILER_FLAGS=-g"
"Running Make include in ps7_cortexa9_0/libsrc/dmaps_v2_1/src"
make -C ps7_cortexa9_0/libsrc/dmaps_v2_1/src -s include  "SHELL=CMD" "COMPILER=arm-xilinx-eabi-gcc" "ARCHIVER=arm-xilinx-eabi-ar" "COMPILER_FLAGS=  -O2 -c" "EXTRA_COMPILER_FLAGS=-g"
"Running Make include in ps7_cortexa9_0/libsrc/gpio_v4_0/src"
make -C ps7_cortexa9_0/libsrc/gpio_v4_0/src -s include  "SHELL=CMD" "COMPILER=arm-xilinx-eabi-gcc" "ARCHIVER=arm-xilinx-eabi-ar" "COMPILER_FLAGS=  -O2 -c" "EXTRA_COMPILER_FLAGS=-g"
"Running Make include in ps7_cortexa9_0/libsrc/scugic_v3_0/src"
make -C ps7_cortexa9_0/libsrc/scugic_v3_0/src -s include  "SHELL=CMD" "COMPILER=arm-xilinx-eabi-gcc" "ARCHIVER=arm-xilinx-eabi-ar" "COMPILER_FLAGS=  -O2 -c" "EXTRA_COMPILER_FLAGS=-g"
"Running Make include in ps7_cortexa9_0/libsrc/scutimer_v2_1/src"
make -C ps7_cortexa9_0/libsrc/scutimer_v2_1/src -s include  "SHELL=CMD" "COMPILER=arm-xilinx-eabi-gcc" "ARCHIVER=arm-xilinx-eabi-ar" "COMPILER_FLAGS=  -O2 -c" "EXTRA_COMPILER_FLAGS=-g"
"Running Make include in ps7_cortexa9_0/libsrc/scuwdt_v2_1/src"
make -C ps7_cortexa9_0/libsrc/scuwdt_v2_1/src -s include  "SHELL=CMD" "COMPILER=arm-xilinx-eabi-gcc" "ARCHIVER=arm-xilinx-eabi-ar" "COMPILER_FLAGS=  -O2 -c" "EXTRA_COMPILER_FLAGS=-g"
"Running Make include in ps7_cortexa9_0/libsrc/standalone_v5_1/src"
make -C ps7_cortexa9_0/libsrc/standalone_v5_1/src -s include  "SHELL=CMD" "COMPILER=arm-xilinx-eabi-gcc" "ARCHIVER=arm-xilinx-eabi-ar" "COMPILER_FLAGS=  -O2 -c" "EXTRA_COMPILER_FLAGS=-g"
"Running Make include in ps7_cortexa9_0/libsrc/uartps_v3_0/src"
make -C ps7_cortexa9_0/libsrc/uartps_v3_0/src -s include  "SHELL=CMD" "COMPILER=arm-xilinx-eabi-gcc" "ARCHIVER=arm-xilinx-eabi-ar" "COMPILER_FLAGS=  -O2 -c" "EXTRA_COMPILER_FLAGS=-g"
"Running Make include in ps7_cortexa9_0/libsrc/xadcps_v2_2/src"
make -C ps7_cortexa9_0/libsrc/xadcps_v2_2/src -s include  "SHELL=CMD" "COMPILER=arm-xilinx-eabi-gcc" "ARCHIVER=arm-xilinx-eabi-ar" "COMPILER_FLAGS=  -O2 -c" "EXTRA_COMPILER_FLAGS=-g"
"Running Make libs in ps7_cortexa9_0/libsrc/coresightps_dcc_v1_0/src"
make -C ps7_cortexa9_0/libsrc/coresightps_dcc_v1_0/src -s libs  "SHELL=CMD" "COMPILER=arm-xilinx-eabi-gcc" "ARCHIVER=arm-xilinx-eabi-ar" "COMPILER_FLAGS=  -O2 -c" "EXTRA_COMPILER_FLAGS=-g"
"Compiling coresightps_dcc"
arm-xilinx-eabi-ar: creating ../../../lib/libxil.a
"Running Make libs in ps7_cortexa9_0/libsrc/cpu_cortexa9_v2_1/src"
make -C ps7_cortexa9_0/libsrc/cpu_cortexa9_v2_1/src -s libs  "SHELL=CMD" "COMPILER=arm-xilinx-eabi-gcc" "ARCHIVER=arm-xilinx-eabi-ar" "COMPILER_FLAGS=  -O2 -c" "EXTRA_COMPILER_FLAGS=-g"
"Compiling cpu_cortexa9"
"Running Make libs in ps7_cortexa9_0/libsrc/devcfg_v3_3/src"
make -C ps7_cortexa9_0/libsrc/devcfg_v3_3/src -s libs  "SHELL=CMD" "COMPILER=arm-xilinx-eabi-gcc" "ARCHIVER=arm-xilinx-eabi-ar" "COMPILER_FLAGS=  -O2 -c" "EXTRA_COMPILER_FLAGS=-g"
"Compiling devcfg"
"Running Make libs in ps7_cortexa9_0/libsrc/dmaps_v2_1/src"
make -C ps7_cortexa9_0/libsrc/dmaps_v2_1/src -s libs  "SHELL=CMD" "COMPILER=arm-xilinx-eabi-gcc" "ARCHIVER=arm-xilinx-eabi-ar" "COMPILER_FLAGS=  -O2 -c" "EXTRA_COMPILER_FLAGS=-g"
"Compiling dmaps"
"Running Make libs in ps7_cortexa9_0/libsrc/gpio_v4_0/src"
make -C ps7_cortexa9_0/libsrc/gpio_v4_0/src -s libs  "SHELL=CMD" "COMPILER=arm-xilinx-eabi-gcc" "ARCHIVER=arm-xilinx-eabi-ar" "COMPILER_FLAGS=  -O2 -c" "EXTRA_COMPILER_FLAGS=-g"
"Compiling gpio"
"Running Make libs in ps7_cortexa9_0/libsrc/scugic_v3_0/src"
make -C ps7_cortexa9_0/libsrc/scugic_v3_0/src -s libs  "SHELL=CMD" "COMPILER=arm-xilinx-eabi-gcc" "ARCHIVER=arm-xilinx-eabi-ar" "COMPILER_FLAGS=  -O2 -c" "EXTRA_COMPILER_FLAGS=-g"
"Compiling scugic"
"Running Make libs in ps7_cortexa9_0/libsrc/scutimer_v2_1/src"
make -C ps7_cortexa9_0/libsrc/scutimer_v2_1/src -s libs  "SHELL=CMD" "COMPILER=arm-xilinx-eabi-gcc" "ARCHIVER=arm-xilinx-eabi-ar" "COMPILER_FLAGS=  -O2 -c" "EXTRA_COMPILER_FLAGS=-g"
"Compiling scutimer"
"Running Make libs in ps7_cortexa9_0/libsrc/scuwdt_v2_1/src"
make -C ps7_cortexa9_0/libsrc/scuwdt_v2_1/src -s libs  "SHELL=CMD" "COMPILER=arm-xilinx-eabi-gcc" "ARCHIVER=arm-xilinx-eabi-ar" "COMPILER_FLAGS=  -O2 -c" "EXTRA_COMPILER_FLAGS=-g"
"Compiling scuwdt"
"Running Make libs in ps7_cortexa9_0/libsrc/standalone_v5_1/src"
make -C ps7_cortexa9_0/libsrc/standalone_v5_1/src -s libs  "SHELL=CMD" "COMPILER=arm-xilinx-eabi-gcc" "ARCHIVER=arm-xilinx-eabi-ar" "COMPILER_FLAGS=  -O2 -c" "EXTRA_COMPILER_FLAGS=-g"
"Compiling standalone"
"Running Make libs in ps7_cortexa9_0/libsrc/uartps_v3_0/src"
make -C ps7_cortexa9_0/libsrc/uartps_v3_0/src -s libs  "SHELL=CMD" "COMPILER=arm-xilinx-eabi-gcc" "ARCHIVER=arm-xilinx-eabi-ar" "COMPILER_FLAGS=  -O2 -c" "EXTRA_COMPILER_FLAGS=-g"
"Compiling uartps"
"Running Make libs in ps7_cortexa9_0/libsrc/xadcps_v2_2/src"
make -C ps7_cortexa9_0/libsrc/xadcps_v2_2/src -s libs  "SHELL=CMD" "COMPILER=arm-xilinx-eabi-gcc" "ARCHIVER=arm-xilinx-eabi-ar" "COMPILER_FLAGS=  -O2 -c" "EXTRA_COMPILER_FLAGS=-g"
"Compiling xadcps"
'Finished building libraries'

**** Build of configuration Debug for project TestApp ****

Nothing to build for project TestApp
13:39:19 **** Auto Build of configuration Debug for project TestApp ****
make all 
'Building file: ../src/lab2.c'
'Invoking: ARM gcc compiler'
arm-xilinx-eabi-gcc -Wall -O0 -g3 -c -fmessage-length=0 -MT"src/lab2.o" -I../../standalone_bsp_0/ps7_cortexa9_0/include -MMD -MP -MF"src/lab2.d" -MT"src/lab2.d" -o "src/lab2.o" "../src/lab2.c"
../src/lab2.c: In function 'main':
../src/lab2.c:28:4: warning: implicit declaration of function 'sleep' [-Wimplicit-function-declaration]
    sleep(1);
    ^
'Finished building: ../src/lab2.c'
' '
'Building target: TestApp.elf'
'Invoking: ARM gcc linker'
arm-xilinx-eabi-gcc -Wl,-T -Wl,../src/lscript.ld -L../../standalone_bsp_0/ps7_cortexa9_0/lib -o "TestApp.elf"  ./src/lab2.o   -Wl,--start-group,-lxil,-lgcc,-lc,--end-group
'Finished building target: TestApp.elf'
' '
'Invoking: ARM Print Size'
arm-xilinx-eabi-size TestApp.elf  |tee "TestApp.elf.size"
   text	   data	    bss	    dec	    hex	filename
  23796	   1184	  22580	  47560	   b9c8	TestApp.elf
'Finished building: TestApp.elf.size'
' '
13:43:36 **** Incremental Build of configuration Debug for project TestApp ****
make all 
make: Nothing to be done for `all'.
13:59:28 **** Incremental Build of configuration Debug for project TestApp ****
make all 
make: Nothing to be done for `all'.
13:36:26 **** Build of project standalone_bsp_0 ****
make -k all 
"Running Make include in ps7_cortexa9_0/libsrc/coresightps_dcc_v1_0/src"
make -C ps7_cortexa9_0/libsrc/coresightps_dcc_v1_0/src -s include  "SHELL=CMD" "COMPILER=arm-xilinx-eabi-gcc" "ARCHIVER=arm-xilinx-eabi-ar" "COMPILER_FLAGS=  -O2 -c" "EXTRA_COMPILER_FLAGS=-g"
"Running Make include in ps7_cortexa9_0/libsrc/cpu_cortexa9_v2_1/src"
make -C ps7_cortexa9_0/libsrc/cpu_cortexa9_v2_1/src -s include  "SHELL=CMD" "COMPILER=arm-xilinx-eabi-gcc" "ARCHIVER=arm-xilinx-eabi-ar" "COMPILER_FLAGS=  -O2 -c" "EXTRA_COMPILER_FLAGS=-g"
"Running Make include in ps7_cortexa9_0/libsrc/devcfg_v3_3/src"
make -C ps7_cortexa9_0/libsrc/devcfg_v3_3/src -s include  "SHELL=CMD" "COMPILER=arm-xilinx-eabi-gcc" "ARCHIVER=arm-xilinx-eabi-ar" "COMPILER_FLAGS=  -O2 -c" "EXTRA_COMPILER_FLAGS=-g"
"Running Make include in ps7_cortexa9_0/libsrc/dmaps_v2_1/src"
make -C ps7_cortexa9_0/libsrc/dmaps_v2_1/src -s include  "SHELL=CMD" "COMPILER=arm-xilinx-eabi-gcc" "ARCHIVER=arm-xilinx-eabi-ar" "COMPILER_FLAGS=  -O2 -c" "EXTRA_COMPILER_FLAGS=-g"
"Running Make include in ps7_cortexa9_0/libsrc/gpio_v4_0/src"
make -C ps7_cortexa9_0/libsrc/gpio_v4_0/src -s include  "SHELL=CMD" "COMPILER=arm-xilinx-eabi-gcc" "ARCHIVER=arm-xilinx-eabi-ar" "COMPILER_FLAGS=  -O2 -c" "EXTRA_COMPILER_FLAGS=-g"
"Running Make include in ps7_cortexa9_0/libsrc/scugic_v3_0/src"
make -C ps7_cortexa9_0/libsrc/scugic_v3_0/src -s include  "SHELL=CMD" "COMPILER=arm-xilinx-eabi-gcc" "ARCHIVER=arm-xilinx-eabi-ar" "COMPILER_FLAGS=  -O2 -c" "EXTRA_COMPILER_FLAGS=-g"
"Running Make include in ps7_cortexa9_0/libsrc/scutimer_v2_1/src"
make -C ps7_cortexa9_0/libsrc/scutimer_v2_1/src -s include  "SHELL=CMD" "COMPILER=arm-xilinx-eabi-gcc" "ARCHIVER=arm-xilinx-eabi-ar" "COMPILER_FLAGS=  -O2 -c" "EXTRA_COMPILER_FLAGS=-g"
"Running Make include in ps7_cortexa9_0/libsrc/scuwdt_v2_1/src"
make -C ps7_cortexa9_0/libsrc/scuwdt_v2_1/src -s include  "SHELL=CMD" "COMPILER=arm-xilinx-eabi-gcc" "ARCHIVER=arm-xilinx-eabi-ar" "COMPILER_FLAGS=  -O2 -c" "EXTRA_COMPILER_FLAGS=-g"
"Running Make include in ps7_cortexa9_0/libsrc/standalone_v5_1/src"
make -C ps7_cortexa9_0/libsrc/standalone_v5_1/src -s include  "SHELL=CMD" "COMPILER=arm-xilinx-eabi-gcc" "ARCHIVER=arm-xilinx-eabi-ar" "COMPILER_FLAGS=  -O2 -c" "EXTRA_COMPILER_FLAGS=-g"
"Running Make include in ps7_cortexa9_0/libsrc/uartps_v3_0/src"
make -C ps7_cortexa9_0/libsrc/uartps_v3_0/src -s include  "SHELL=CMD" "COMPILER=arm-xilinx-eabi-gcc" "ARCHIVER=arm-xilinx-eabi-ar" "COMPILER_FLAGS=  -O2 -c" "EXTRA_COMPILER_FLAGS=-g"
"Running Make include in ps7_cortexa9_0/libsrc/xadcps_v2_2/src"
make -C ps7_cortexa9_0/libsrc/xadcps_v2_2/src -s include  "SHELL=CMD" "COMPILER=arm-xilinx-eabi-gcc" "ARCHIVER=arm-xilinx-eabi-ar" "COMPILER_FLAGS=  -O2 -c" "EXTRA_COMPILER_FLAGS=-g"
"Running Make libs in ps7_cortexa9_0/libsrc/coresightps_dcc_v1_0/src"
make -C ps7_cortexa9_0/libsrc/coresightps_dcc_v1_0/src -s libs  "SHELL=CMD" "COMPILER=arm-xilinx-eabi-gcc" "ARCHIVER=arm-xilinx-eabi-ar" "COMPILER_FLAGS=  -O2 -c" "EXTRA_COMPILER_FLAGS=-g"
"Compiling coresightps_dcc"
"Running Make libs in ps7_cortexa9_0/libsrc/cpu_cortexa9_v2_1/src"
make -C ps7_cortexa9_0/libsrc/cpu_cortexa9_v2_1/src -s libs  "SHELL=CMD" "COMPILER=arm-xilinx-eabi-gcc" "ARCHIVER=arm-xilinx-eabi-ar" "COMPILER_FLAGS=  -O2 -c" "EXTRA_COMPILER_FLAGS=-g"
"Compiling cpu_cortexa9"
"Running Make libs in ps7_cortexa9_0/libsrc/devcfg_v3_3/src"
make -C ps7_cortexa9_0/libsrc/devcfg_v3_3/src -s libs  "SHELL=CMD" "COMPILER=arm-xilinx-eabi-gcc" "ARCHIVER=arm-xilinx-eabi-ar" "COMPILER_FLAGS=  -O2 -c" "EXTRA_COMPILER_FLAGS=-g"
"Compiling devcfg"
"Running Make libs in ps7_cortexa9_0/libsrc/dmaps_v2_1/src"
make -C ps7_cortexa9_0/libsrc/dmaps_v2_1/src -s libs  "SHELL=CMD" "COMPILER=arm-xilinx-eabi-gcc" "ARCHIVER=arm-xilinx-eabi-ar" "COMPILER_FLAGS=  -O2 -c" "EXTRA_COMPILER_FLAGS=-g"
"Compiling dmaps"
"Running Make libs in ps7_cortexa9_0/libsrc/gpio_v4_0/src"
make -C ps7_cortexa9_0/libsrc/gpio_v4_0/src -s libs  "SHELL=CMD" "COMPILER=arm-xilinx-eabi-gcc" "ARCHIVER=arm-xilinx-eabi-ar" "COMPILER_FLAGS=  -O2 -c" "EXTRA_COMPILER_FLAGS=-g"
"Compiling gpio"
"Running Make libs in ps7_cortexa9_0/libsrc/scugic_v3_0/src"
make -C ps7_cortexa9_0/libsrc/scugic_v3_0/src -s libs  "SHELL=CMD" "COMPILER=arm-xilinx-eabi-gcc" "ARCHIVER=arm-xilinx-eabi-ar" "COMPILER_FLAGS=  -O2 -c" "EXTRA_COMPILER_FLAGS=-g"
"Compiling scugic"
"Running Make libs in ps7_cortexa9_0/libsrc/scutimer_v2_1/src"
make -C ps7_cortexa9_0/libsrc/scutimer_v2_1/src -s libs  "SHELL=CMD" "COMPILER=arm-xilinx-eabi-gcc" "ARCHIVER=arm-xilinx-eabi-ar" "COMPILER_FLAGS=  -O2 -c" "EXTRA_COMPILER_FLAGS=-g"
"Compiling scutimer"
"Running Make libs in ps7_cortexa9_0/libsrc/scuwdt_v2_1/src"
make -C ps7_cortexa9_0/libsrc/scuwdt_v2_1/src -s libs  "SHELL=CMD" "COMPILER=arm-xilinx-eabi-gcc" "ARCHIVER=arm-xilinx-eabi-ar" "COMPILER_FLAGS=  -O2 -c" "EXTRA_COMPILER_FLAGS=-g"
"Compiling scuwdt"
"Running Make libs in ps7_cortexa9_0/libsrc/standalone_v5_1/src"
make -C ps7_cortexa9_0/libsrc/standalone_v5_1/src -s libs  "SHELL=CMD" "COMPILER=arm-xilinx-eabi-gcc" "ARCHIVER=arm-xilinx-eabi-ar" "COMPILER_FLAGS=  -O2 -c" "EXTRA_COMPILER_FLAGS=-g"
"Compiling standalone"
"Running Make libs in ps7_cortexa9_0/libsrc/uartps_v3_0/src"
make -C ps7_cortexa9_0/libsrc/uartps_v3_0/src -s libs  "SHELL=CMD" "COMPILER=arm-xilinx-eabi-gcc" "ARCHIVER=arm-xilinx-eabi-ar" "COMPILER_FLAGS=  -O2 -c" "EXTRA_COMPILER_FLAGS=-g"
"Compiling uartps"
"Running Make libs in ps7_cortexa9_0/libsrc/xadcps_v2_2/src"
make -C ps7_cortexa9_0/libsrc/xadcps_v2_2/src -s libs  "SHELL=CMD" "COMPILER=arm-xilinx-eabi-gcc" "ARCHIVER=arm-xilinx-eabi-ar" "COMPILER_FLAGS=  -O2 -c" "EXTRA_COMPILER_FLAGS=-g"
"Compiling xadcps"
'Finished building libraries'
13:36:39 **** Build of configuration Debug for project TestApp ****
make all 
'Building file: ../src/lab2.c'
'Invoking: ARM gcc compiler'
arm-xilinx-eabi-gcc -Wall -O0 -g3 -c -fmessage-length=0 -MT"src/lab2.o" -I../../standalone_bsp_0/ps7_cortexa9_0/include -MMD -MP -MF"src/lab2.d" -MT"src/lab2.d" -o "src/lab2.o" "../src/lab2.c"
../src/lab2.c: In function 'main':
../src/lab2.c:28:4: warning: implicit declaration of function 'sleep' [-Wimplicit-function-declaration]
    sleep(1);
    ^
'Finished building: ../src/lab2.c'
' '
'Building target: TestApp.elf'
'Invoking: ARM gcc linker'
arm-xilinx-eabi-gcc -Wl,-T -Wl,../src/lscript.ld -L../../standalone_bsp_0/ps7_cortexa9_0/lib -o "TestApp.elf"  ./src/lab2.o   -Wl,--start-group,-lxil,-lgcc,-lc,--end-group
'Finished building target: TestApp.elf'
' '
'Invoking: ARM Print Size'
arm-xilinx-eabi-size TestApp.elf  |tee "TestApp.elf.size"
   text	   data	    bss	    dec	    hex	filename
  23796	   1184	  22580	  47560	   b9c8	TestApp.elf
'Finished building: TestApp.elf.size'
' '
13:40:12 **** Build of project lab4_bsp ****
make -k all 
"Running Make include in ps7_cortexa9_0/libsrc/bram_v4_0/src"
make -C ps7_cortexa9_0/libsrc/bram_v4_0/src -s include  "SHELL=CMD" "COMPILER=arm-xilinx-eabi-gcc" "ARCHIVER=arm-xilinx-eabi-ar" "COMPILER_FLAGS=  -O2 -c" "EXTRA_COMPILER_FLAGS=-g"
"Running Make include in ps7_cortexa9_0/libsrc/coresightps_dcc_v1_0/src"
make -C ps7_cortexa9_0/libsrc/coresightps_dcc_v1_0/src -s include  "SHELL=CMD" "COMPILER=arm-xilinx-eabi-gcc" "ARCHIVER=arm-xilinx-eabi-ar" "COMPILER_FLAGS=  -O2 -c" "EXTRA_COMPILER_FLAGS=-g"
"Running Make include in ps7_cortexa9_0/libsrc/cpu_cortexa9_v2_1/src"
make -C ps7_cortexa9_0/libsrc/cpu_cortexa9_v2_1/src -s include  "SHELL=CMD" "COMPILER=arm-xilinx-eabi-gcc" "ARCHIVER=arm-xilinx-eabi-ar" "COMPILER_FLAGS=  -O2 -c" "EXTRA_COMPILER_FLAGS=-g"
"Running Make include in ps7_cortexa9_0/libsrc/devcfg_v3_3/src"
make -C ps7_cortexa9_0/libsrc/devcfg_v3_3/src -s include  "SHELL=CMD" "COMPILER=arm-xilinx-eabi-gcc" "ARCHIVER=arm-xilinx-eabi-ar" "COMPILER_FLAGS=  -O2 -c" "EXTRA_COMPILER_FLAGS=-g"
"Running Make include in ps7_cortexa9_0/libsrc/dmaps_v2_1/src"
make -C ps7_cortexa9_0/libsrc/dmaps_v2_1/src -s include  "SHELL=CMD" "COMPILER=arm-xilinx-eabi-gcc" "ARCHIVER=arm-xilinx-eabi-ar" "COMPILER_FLAGS=  -O2 -c" "EXTRA_COMPILER_FLAGS=-g"
"Running Make include in ps7_cortexa9_0/libsrc/gpio_v4_0/src"
make -C ps7_cortexa9_0/libsrc/gpio_v4_0/src -s include  "SHELL=CMD" "COMPILER=arm-xilinx-eabi-gcc" "ARCHIVER=arm-xilinx-eabi-ar" "COMPILER_FLAGS=  -O2 -c" "EXTRA_COMPILER_FLAGS=-g"
"Running Make include in ps7_cortexa9_0/libsrc/led_ip_v1_0/src"
make -C ps7_cortexa9_0/libsrc/led_ip_v1_0/src -s include  "SHELL=CMD" "COMPILER=arm-xilinx-eabi-gcc" "ARCHIVER=arm-xilinx-eabi-ar" "COMPILER_FLAGS=  -O2 -c" "EXTRA_COMPILER_FLAGS=-g"
"Running Make include in ps7_cortexa9_0/libsrc/scugic_v3_0/src"
make -C ps7_cortexa9_0/libsrc/scugic_v3_0/src -s include  "SHELL=CMD" "COMPILER=arm-xilinx-eabi-gcc" "ARCHIVER=arm-xilinx-eabi-ar" "COMPILER_FLAGS=  -O2 -c" "EXTRA_COMPILER_FLAGS=-g"
"Running Make include in ps7_cortexa9_0/libsrc/scutimer_v2_1/src"
make -C ps7_cortexa9_0/libsrc/scutimer_v2_1/src -s include  "SHELL=CMD" "COMPILER=arm-xilinx-eabi-gcc" "ARCHIVER=arm-xilinx-eabi-ar" "COMPILER_FLAGS=  -O2 -c" "EXTRA_COMPILER_FLAGS=-g"
"Running Make include in ps7_cortexa9_0/libsrc/scuwdt_v2_1/src"
make -C ps7_cortexa9_0/libsrc/scuwdt_v2_1/src -s include  "SHELL=CMD" "COMPILER=arm-xilinx-eabi-gcc" "ARCHIVER=arm-xilinx-eabi-ar" "COMPILER_FLAGS=  -O2 -c" "EXTRA_COMPILER_FLAGS=-g"
"Running Make include in ps7_cortexa9_0/libsrc/standalone_v5_1/src"
make -C ps7_cortexa9_0/libsrc/standalone_v5_1/src -s include  "SHELL=CMD" "COMPILER=arm-xilinx-eabi-gcc" "ARCHIVER=arm-xilinx-eabi-ar" "COMPILER_FLAGS=  -O2 -c" "EXTRA_COMPILER_FLAGS=-g"
"Running Make include in ps7_cortexa9_0/libsrc/uartps_v3_0/src"
make -C ps7_cortexa9_0/libsrc/uartps_v3_0/src -s include  "SHELL=CMD" "COMPILER=arm-xilinx-eabi-gcc" "ARCHIVER=arm-xilinx-eabi-ar" "COMPILER_FLAGS=  -O2 -c" "EXTRA_COMPILER_FLAGS=-g"
"Running Make include in ps7_cortexa9_0/libsrc/xadcps_v2_2/src"
make -C ps7_cortexa9_0/libsrc/xadcps_v2_2/src -s include  "SHELL=CMD" "COMPILER=arm-xilinx-eabi-gcc" "ARCHIVER=arm-xilinx-eabi-ar" "COMPILER_FLAGS=  -O2 -c" "EXTRA_COMPILER_FLAGS=-g"
"Running Make libs in ps7_cortexa9_0/libsrc/bram_v4_0/src"
make -C ps7_cortexa9_0/libsrc/bram_v4_0/src -s libs  "SHELL=CMD" "COMPILER=arm-xilinx-eabi-gcc" "ARCHIVER=arm-xilinx-eabi-ar" "COMPILER_FLAGS=  -O2 -c" "EXTRA_COMPILER_FLAGS=-g"
"Compiling bram"
arm-xilinx-eabi-ar: creating ../../../lib/libxil.a
"Running Make libs in ps7_cortexa9_0/libsrc/coresightps_dcc_v1_0/src"
make -C ps7_cortexa9_0/libsrc/coresightps_dcc_v1_0/src -s libs  "SHELL=CMD" "COMPILER=arm-xilinx-eabi-gcc" "ARCHIVER=arm-xilinx-eabi-ar" "COMPILER_FLAGS=  -O2 -c" "EXTRA_COMPILER_FLAGS=-g"
"Compiling coresightps_dcc"
"Running Make libs in ps7_cortexa9_0/libsrc/cpu_cortexa9_v2_1/src"
make -C ps7_cortexa9_0/libsrc/cpu_cortexa9_v2_1/src -s libs  "SHELL=CMD" "COMPILER=arm-xilinx-eabi-gcc" "ARCHIVER=arm-xilinx-eabi-ar" "COMPILER_FLAGS=  -O2 -c" "EXTRA_COMPILER_FLAGS=-g"
"Compiling cpu_cortexa9"
"Running Make libs in ps7_cortexa9_0/libsrc/devcfg_v3_3/src"
make -C ps7_cortexa9_0/libsrc/devcfg_v3_3/src -s libs  "SHELL=CMD" "COMPILER=arm-xilinx-eabi-gcc" "ARCHIVER=arm-xilinx-eabi-ar" "COMPILER_FLAGS=  -O2 -c" "EXTRA_COMPILER_FLAGS=-g"
"Compiling devcfg"
"Running Make libs in ps7_cortexa9_0/libsrc/dmaps_v2_1/src"
make -C ps7_cortexa9_0/libsrc/dmaps_v2_1/src -s libs  "SHELL=CMD" "COMPILER=arm-xilinx-eabi-gcc" "ARCHIVER=arm-xilinx-eabi-ar" "COMPILER_FLAGS=  -O2 -c" "EXTRA_COMPILER_FLAGS=-g"
"Compiling dmaps"
"Running Make libs in ps7_cortexa9_0/libsrc/gpio_v4_0/src"
make -C ps7_cortexa9_0/libsrc/gpio_v4_0/src -s libs  "SHELL=CMD" "COMPILER=arm-xilinx-eabi-gcc" "ARCHIVER=arm-xilinx-eabi-ar" "COMPILER_FLAGS=  -O2 -c" "EXTRA_COMPILER_FLAGS=-g"
"Compiling gpio"
"Running Make libs in ps7_cortexa9_0/libsrc/led_ip_v1_0/src"
make -C ps7_cortexa9_0/libsrc/led_ip_v1_0/src -s libs  "SHELL=CMD" "COMPILER=arm-xilinx-eabi-gcc" "ARCHIVER=arm-xilinx-eabi-ar" "COMPILER_FLAGS=  -O2 -c" "EXTRA_COMPILER_FLAGS=-g"
"Compiling led_ip..."
"Running Make libs in ps7_cortexa9_0/libsrc/scugic_v3_0/src"
make -C ps7_cortexa9_0/libsrc/scugic_v3_0/src -s libs  "SHELL=CMD" "COMPILER=arm-xilinx-eabi-gcc" "ARCHIVER=arm-xilinx-eabi-ar" "COMPILER_FLAGS=  -O2 -c" "EXTRA_COMPILER_FLAGS=-g"
"Compiling scugic"
"Running Make libs in ps7_cortexa9_0/libsrc/scutimer_v2_1/src"
make -C ps7_cortexa9_0/libsrc/scutimer_v2_1/src -s libs  "SHELL=CMD" "COMPILER=arm-xilinx-eabi-gcc" "ARCHIVER=arm-xilinx-eabi-ar" "COMPILER_FLAGS=  -O2 -c" "EXTRA_COMPILER_FLAGS=-g"
"Compiling scutimer"
"Running Make libs in ps7_cortexa9_0/libsrc/scuwdt_v2_1/src"
make -C ps7_cortexa9_0/libsrc/scuwdt_v2_1/src -s libs  "SHELL=CMD" "COMPILER=arm-xilinx-eabi-gcc" "ARCHIVER=arm-xilinx-eabi-ar" "COMPILER_FLAGS=  -O2 -c" "EXTRA_COMPILER_FLAGS=-g"
"Compiling scuwdt"
"Running Make libs in ps7_cortexa9_0/libsrc/standalone_v5_1/src"
make -C ps7_cortexa9_0/libsrc/standalone_v5_1/src -s libs  "SHELL=CMD" "COMPILER=arm-xilinx-eabi-gcc" "ARCHIVER=arm-xilinx-eabi-ar" "COMPILER_FLAGS=  -O2 -c" "EXTRA_COMPILER_FLAGS=-g"
"Compiling standalone"
"Running Make libs in ps7_cortexa9_0/libsrc/uartps_v3_0/src"
make -C ps7_cortexa9_0/libsrc/uartps_v3_0/src -s libs  "SHELL=CMD" "COMPILER=arm-xilinx-eabi-gcc" "ARCHIVER=arm-xilinx-eabi-ar" "COMPILER_FLAGS=  -O2 -c" "EXTRA_COMPILER_FLAGS=-g"
"Compiling uartps"
"Running Make libs in ps7_cortexa9_0/libsrc/xadcps_v2_2/src"
make -C ps7_cortexa9_0/libsrc/xadcps_v2_2/src -s libs  "SHELL=CMD" "COMPILER=arm-xilinx-eabi-gcc" "ARCHIVER=arm-xilinx-eabi-ar" "COMPILER_FLAGS=  -O2 -c" "EXTRA_COMPILER_FLAGS=-g"
"Compiling xadcps"
'Finished building libraries'

**** Build of configuration Debug for project lab4 ****

Nothing to build for project lab4
13:41:21 **** Auto Build of configuration Debug for project lab4 ****
make all 
'Building file: ../src/lab4.c'
'Invoking: ARM gcc compiler'
arm-xilinx-eabi-gcc -Wall -O0 -g3 -c -fmessage-length=0 -MT"src/lab4.o" -I../../lab4_bsp/ps7_cortexa9_0/include -MMD -MP -MF"src/lab4.d" -MT"src/lab4.d" -o "src/lab4.o" "../src/lab4.c"
../src/lab4.c: In function 'main':
../src/lab4.c:14:27: error: 'XPAR_DIP_DEVICE_ID' undeclared (first use in this function)
    XGpio_Initialize(&dip, XPAR_DIP_DEVICE_ID); // Modify this
                           ^
../src/lab4.c:14:27: note: each undeclared identifier is reported only once for each function it appears in
../src/lab4.c:17:28: error: 'XPAR_PUSH_DEVICE_ID' undeclared (first use in this function)
    XGpio_Initialize(&push, XPAR_PUSH_DEVICE_ID); // Modify this
                            ^
make: *** [src/lab4.o] Error 1
13:49:05 **** Auto Build of configuration Debug for project lab4 ****
make all 
'Building file: ../src/lab4.c'
'Invoking: ARM gcc compiler'
arm-xilinx-eabi-gcc -Wall -O0 -g3 -c -fmessage-length=0 -MT"src/lab4.o" -I../../lab4_bsp/ps7_cortexa9_0/include -MMD -MP -MF"src/lab4.d" -MT"src/lab4.d" -o "src/lab4.o" "../src/lab4.c"
../src/lab4.c: In function 'main':
../src/lab4.c:14:21: error: expected expression before 'XGpio'
    XGpio_Initialize(XGpio *InstancePtr, u16 DeviceId); // Modify this
                     ^
../src/lab4.c:14:4: error: too few arguments to function 'XGpio_Initialize'
    XGpio_Initialize(XGpio *InstancePtr, u16 DeviceId); // Modify this
    ^
In file included from ../src/lab4.c:2:0:
../../lab4_bsp/ps7_cortexa9_0/include/xgpio.h:154:5: note: declared here
 int XGpio_Initialize(XGpio *InstancePtr, u16 DeviceId);
     ^
../src/lab4.c:17:28: error: 'XPAR_PUSH_DEVICE_ID' undeclared (first use in this function)
    XGpio_Initialize(&push, XPAR_PUSH_DEVICE_ID); // Modify this
                            ^
../src/lab4.c:17:28: note: each undeclared identifier is reported only once for each function it appears in
make: *** [src/lab4.o] Error 1
13:50:31 **** Auto Build of configuration Debug for project lab4 ****
make all 
'Building file: ../src/lab4.c'
'Invoking: ARM gcc compiler'
arm-xilinx-eabi-gcc -Wall -O0 -g3 -c -fmessage-length=0 -MT"src/lab4.o" -I../../lab4_bsp/ps7_cortexa9_0/include -MMD -MP -MF"src/lab4.d" -MT"src/lab4.d" -o "src/lab4.o" "../src/lab4.c"
'Finished building: ../src/lab4.c'
' '
'Building target: lab4.elf'
'Invoking: ARM gcc linker'
arm-xilinx-eabi-gcc -Wl,-T -Wl,../src/lscript.ld -L../../lab4_bsp/ps7_cortexa9_0/lib -o "lab4.elf"  ./src/lab4.o   -Wl,--start-group,-lxil,-lgcc,-lc,--end-group
'Finished building target: lab4.elf'
' '
'Invoking: ARM Print Size'
arm-xilinx-eabi-size lab4.elf  |tee "lab4.elf.size"
   text	   data	    bss	    dec	    hex	filename
  23796	   1184	  22580	  47560	   b9c8	lab4.elf
'Finished building: lab4.elf.size'
' '
13:52:13 **** Auto Build of project lab4_bsp ****
make -k all 
"Running Make include in ps7_cortexa9_0/libsrc/bram_v4_0/src"
make -C ps7_cortexa9_0/libsrc/bram_v4_0/src -s include  "SHELL=CMD" "COMPILER=arm-xilinx-eabi-gcc" "ARCHIVER=arm-xilinx-eabi-ar" "COMPILER_FLAGS=  -O2 -c" "EXTRA_COMPILER_FLAGS=-g"
"Running Make include in ps7_cortexa9_0/libsrc/coresightps_dcc_v1_0/src"
make -C ps7_cortexa9_0/libsrc/coresightps_dcc_v1_0/src -s include  "SHELL=CMD" "COMPILER=arm-xilinx-eabi-gcc" "ARCHIVER=arm-xilinx-eabi-ar" "COMPILER_FLAGS=  -O2 -c" "EXTRA_COMPILER_FLAGS=-g"
"Running Make include in ps7_cortexa9_0/libsrc/cpu_cortexa9_v2_1/src"
make -C ps7_cortexa9_0/libsrc/cpu_cortexa9_v2_1/src -s include  "SHELL=CMD" "COMPILER=arm-xilinx-eabi-gcc" "ARCHIVER=arm-xilinx-eabi-ar" "COMPILER_FLAGS=  -O2 -c" "EXTRA_COMPILER_FLAGS=-g"
"Running Make include in ps7_cortexa9_0/libsrc/devcfg_v3_3/src"
make -C ps7_cortexa9_0/libsrc/devcfg_v3_3/src -s include  "SHELL=CMD" "COMPILER=arm-xilinx-eabi-gcc" "ARCHIVER=arm-xilinx-eabi-ar" "COMPILER_FLAGS=  -O2 -c" "EXTRA_COMPILER_FLAGS=-g"
"Running Make include in ps7_cortexa9_0/libsrc/dmaps_v2_1/src"
make -C ps7_cortexa9_0/libsrc/dmaps_v2_1/src -s include  "SHELL=CMD" "COMPILER=arm-xilinx-eabi-gcc" "ARCHIVER=arm-xilinx-eabi-ar" "COMPILER_FLAGS=  -O2 -c" "EXTRA_COMPILER_FLAGS=-g"
"Running Make include in ps7_cortexa9_0/libsrc/gpio_v4_0/src"
make -C ps7_cortexa9_0/libsrc/gpio_v4_0/src -s include  "SHELL=CMD" "COMPILER=arm-xilinx-eabi-gcc" "ARCHIVER=arm-xilinx-eabi-ar" "COMPILER_FLAGS=  -O2 -c" "EXTRA_COMPILER_FLAGS=-g"
"Running Make include in ps7_cortexa9_0/libsrc/led_ip_v1_0/src"
make -C ps7_cortexa9_0/libsrc/led_ip_v1_0/src -s include  "SHELL=CMD" "COMPILER=arm-xilinx-eabi-gcc" "ARCHIVER=arm-xilinx-eabi-ar" "COMPILER_FLAGS=  -O2 -c" "EXTRA_COMPILER_FLAGS=-g"
"Running Make include in ps7_cortexa9_0/libsrc/scugic_v3_0/src"
make -C ps7_cortexa9_0/libsrc/scugic_v3_0/src -s include  "SHELL=CMD" "COMPILER=arm-xilinx-eabi-gcc" "ARCHIVER=arm-xilinx-eabi-ar" "COMPILER_FLAGS=  -O2 -c" "EXTRA_COMPILER_FLAGS=-g"
"Running Make include in ps7_cortexa9_0/libsrc/scutimer_v2_1/src"
make -C ps7_cortexa9_0/libsrc/scutimer_v2_1/src -s include  "SHELL=CMD" "COMPILER=arm-xilinx-eabi-gcc" "ARCHIVER=arm-xilinx-eabi-ar" "COMPILER_FLAGS=  -O2 -c" "EXTRA_COMPILER_FLAGS=-g"
"Running Make include in ps7_cortexa9_0/libsrc/scuwdt_v2_1/src"
make -C ps7_cortexa9_0/libsrc/scuwdt_v2_1/src -s include  "SHELL=CMD" "COMPILER=arm-xilinx-eabi-gcc" "ARCHIVER=arm-xilinx-eabi-ar" "COMPILER_FLAGS=  -O2 -c" "EXTRA_COMPILER_FLAGS=-g"
"Running Make include in ps7_cortexa9_0/libsrc/standalone_v5_1/src"
make -C ps7_cortexa9_0/libsrc/standalone_v5_1/src -s include  "SHELL=CMD" "COMPILER=arm-xilinx-eabi-gcc" "ARCHIVER=arm-xilinx-eabi-ar" "COMPILER_FLAGS=  -O2 -c" "EXTRA_COMPILER_FLAGS=-g"
"Running Make include in ps7_cortexa9_0/libsrc/uartps_v3_0/src"
make -C ps7_cortexa9_0/libsrc/uartps_v3_0/src -s include  "SHELL=CMD" "COMPILER=arm-xilinx-eabi-gcc" "ARCHIVER=arm-xilinx-eabi-ar" "COMPILER_FLAGS=  -O2 -c" "EXTRA_COMPILER_FLAGS=-g"
"Running Make include in ps7_cortexa9_0/libsrc/xadcps_v2_2/src"
make -C ps7_cortexa9_0/libsrc/xadcps_v2_2/src -s include  "SHELL=CMD" "COMPILER=arm-xilinx-eabi-gcc" "ARCHIVER=arm-xilinx-eabi-ar" "COMPILER_FLAGS=  -O2 -c" "EXTRA_COMPILER_FLAGS=-g"
"Running Make libs in ps7_cortexa9_0/libsrc/bram_v4_0/src"
make -C ps7_cortexa9_0/libsrc/bram_v4_0/src -s libs  "SHELL=CMD" "COMPILER=arm-xilinx-eabi-gcc" "ARCHIVER=arm-xilinx-eabi-ar" "COMPILER_FLAGS=  -O2 -c" "EXTRA_COMPILER_FLAGS=-g"
"Compiling bram"
"Running Make libs in ps7_cortexa9_0/libsrc/coresightps_dcc_v1_0/src"
make -C ps7_cortexa9_0/libsrc/coresightps_dcc_v1_0/src -s libs  "SHELL=CMD" "COMPILER=arm-xilinx-eabi-gcc" "ARCHIVER=arm-xilinx-eabi-ar" "COMPILER_FLAGS=  -O2 -c" "EXTRA_COMPILER_FLAGS=-g"
"Compiling coresightps_dcc"
"Running Make libs in ps7_cortexa9_0/libsrc/cpu_cortexa9_v2_1/src"
make -C ps7_cortexa9_0/libsrc/cpu_cortexa9_v2_1/src -s libs  "SHELL=CMD" "COMPILER=arm-xilinx-eabi-gcc" "ARCHIVER=arm-xilinx-eabi-ar" "COMPILER_FLAGS=  -O2 -c" "EXTRA_COMPILER_FLAGS=-g"
"Compiling cpu_cortexa9"
"Running Make libs in ps7_cortexa9_0/libsrc/devcfg_v3_3/src"
make -C ps7_cortexa9_0/libsrc/devcfg_v3_3/src -s libs  "SHELL=CMD" "COMPILER=arm-xilinx-eabi-gcc" "ARCHIVER=arm-xilinx-eabi-ar" "COMPILER_FLAGS=  -O2 -c" "EXTRA_COMPILER_FLAGS=-g"
"Compiling devcfg"
"Running Make libs in ps7_cortexa9_0/libsrc/dmaps_v2_1/src"
make -C ps7_cortexa9_0/libsrc/dmaps_v2_1/src -s libs  "SHELL=CMD" "COMPILER=arm-xilinx-eabi-gcc" "ARCHIVER=arm-xilinx-eabi-ar" "COMPILER_FLAGS=  -O2 -c" "EXTRA_COMPILER_FLAGS=-g"
"Compiling dmaps"
"Running Make libs in ps7_cortexa9_0/libsrc/gpio_v4_0/src"
make -C ps7_cortexa9_0/libsrc/gpio_v4_0/src -s libs  "SHELL=CMD" "COMPILER=arm-xilinx-eabi-gcc" "ARCHIVER=arm-xilinx-eabi-ar" "COMPILER_FLAGS=  -O2 -c" "EXTRA_COMPILER_FLAGS=-g"
"Compiling gpio"
"Running Make libs in ps7_cortexa9_0/libsrc/led_ip_v1_0/src"
make -C ps7_cortexa9_0/libsrc/led_ip_v1_0/src -s libs  "SHELL=CMD" "COMPILER=arm-xilinx-eabi-gcc" "ARCHIVER=arm-xilinx-eabi-ar" "COMPILER_FLAGS=  -O2 -c" "EXTRA_COMPILER_FLAGS=-g"
"Compiling led_ip..."
"Running Make libs in ps7_cortexa9_0/libsrc/scugic_v3_0/src"
make -C ps7_cortexa9_0/libsrc/scugic_v3_0/src -s libs  "SHELL=CMD" "COMPILER=arm-xilinx-eabi-gcc" "ARCHIVER=arm-xilinx-eabi-ar" "COMPILER_FLAGS=  -O2 -c" "EXTRA_COMPILER_FLAGS=-g"
"Compiling scugic"
"Running Make libs in ps7_cortexa9_0/libsrc/scutimer_v2_1/src"
make -C ps7_cortexa9_0/libsrc/scutimer_v2_1/src -s libs  "SHELL=CMD" "COMPILER=arm-xilinx-eabi-gcc" "ARCHIVER=arm-xilinx-eabi-ar" "COMPILER_FLAGS=  -O2 -c" "EXTRA_COMPILER_FLAGS=-g"
"Compiling scutimer"
"Running Make libs in ps7_cortexa9_0/libsrc/scuwdt_v2_1/src"
make -C ps7_cortexa9_0/libsrc/scuwdt_v2_1/src -s libs  "SHELL=CMD" "COMPILER=arm-xilinx-eabi-gcc" "ARCHIVER=arm-xilinx-eabi-ar" "COMPILER_FLAGS=  -O2 -c" "EXTRA_COMPILER_FLAGS=-g"
"Compiling scuwdt"
"Running Make libs in ps7_cortexa9_0/libsrc/standalone_v5_1/src"
make -C ps7_cortexa9_0/libsrc/standalone_v5_1/src -s libs  "SHELL=CMD" "COMPILER=arm-xilinx-eabi-gcc" "ARCHIVER=arm-xilinx-eabi-ar" "COMPILER_FLAGS=  -O2 -c" "EXTRA_COMPILER_FLAGS=-g"
"Compiling standalone"
"Running Make libs in ps7_cortexa9_0/libsrc/uartps_v3_0/src"
make -C ps7_cortexa9_0/libsrc/uartps_v3_0/src -s libs  "SHELL=CMD" "COMPILER=arm-xilinx-eabi-gcc" "ARCHIVER=arm-xilinx-eabi-ar" "COMPILER_FLAGS=  -O2 -c" "EXTRA_COMPILER_FLAGS=-g"
"Compiling uartps"
"Running Make libs in ps7_cortexa9_0/libsrc/xadcps_v2_2/src"
make -C ps7_cortexa9_0/libsrc/xadcps_v2_2/src -s libs  "SHELL=CMD" "COMPILER=arm-xilinx-eabi-gcc" "ARCHIVER=arm-xilinx-eabi-ar" "COMPILER_FLAGS=  -O2 -c" "EXTRA_COMPILER_FLAGS=-g"
"Compiling xadcps"
'Finished building libraries'
13:52:27 **** Auto Build of configuration Debug for project lab4 ****
make all 
'Building file: ../src/lab4.c'
'Invoking: ARM gcc compiler'
arm-xilinx-eabi-gcc -Wall -O0 -g3 -c -fmessage-length=0 -MT"src/lab4.o" -I../../lab4_bsp/ps7_cortexa9_0/include -MMD -MP -MF"src/lab4.d" -MT"src/lab4.d" -o "src/lab4.o" "../src/lab4.c"
'Finished building: ../src/lab4.c'
' '
'Building target: lab4.elf'
'Invoking: ARM gcc linker'
arm-xilinx-eabi-gcc -Wl,-T -Wl,../src/lscript.ld -L../../lab4_bsp/ps7_cortexa9_0/lib -o "lab4.elf"  ./src/lab4.o   -Wl,--start-group,-lxil,-lgcc,-lc,--end-group
'Finished building target: lab4.elf'
' '
'Invoking: ARM Print Size'
arm-xilinx-eabi-size lab4.elf  |tee "lab4.elf.size"
   text	   data	    bss	    dec	    hex	filename
  23796	   1184	  22580	  47560	   b9c8	lab4.elf
'Finished building: lab4.elf.size'
' '
14:05:10 **** Incremental Build of configuration Debug for project lab4 ****
make all 
make: Nothing to be done for `all'.
14:05:48 **** Incremental Build of configuration Debug for project lab4 ****
make all 
make: Nothing to be done for `all'.
14:08:18 **** Auto Build of configuration Debug for project lab4 ****
make all 
'Building file: ../src/lab4.c'
'Invoking: ARM gcc compiler'
arm-xilinx-eabi-gcc -Wall -O0 -g3 -c -fmessage-length=0 -MT"src/lab4.o" -I../../lab4_bsp/ps7_cortexa9_0/include -MMD -MP -MF"src/lab4.d" -MT"src/lab4.d" -o "src/lab4.o" "../src/lab4.c"
'Finished building: ../src/lab4.c'
' '
'Building target: lab4.elf'
'Invoking: ARM gcc linker'
arm-xilinx-eabi-gcc -Wl,-T -Wl,../src/lscript.ld -L../../lab4_bsp/ps7_cortexa9_0/lib -o "lab4.elf"  ./src/lab4.o   -Wl,--start-group,-lxil,-lgcc,-lc,--end-group
'Finished building target: lab4.elf'
' '
'Invoking: ARM Print Size'
arm-xilinx-eabi-size lab4.elf  |tee "lab4.elf.size"
   text	   data	    bss	    dec	    hex	filename
  23796	   1184	  22580	  47560	   b9c8	lab4.elf
'Finished building: lab4.elf.size'
' '
14:09:49 **** Incremental Build of configuration Debug for project lab4 ****
make all 
make: Nothing to be done for `all'.
14:11:15 **** Clean-only build of configuration Debug for project lab4 ****
make clean 
rm -rf  ./src/lab4.o  ./src/lab4.d  lab4.elf.size  lab4.elf
' '
14:11:15 **** Auto Build of configuration Debug for project lab4 ****
make all 
'Building file: ../src/lab4.c'
'Invoking: ARM gcc compiler'
arm-xilinx-eabi-gcc -Wall -O0 -g3 -c -fmessage-length=0 -MT"src/lab4.o" -I../../lab4_bsp/ps7_cortexa9_0/include -MMD -MP -MF"src/lab4.d" -MT"src/lab4.d" -o "src/lab4.o" "../src/lab4.c"
'Finished building: ../src/lab4.c'
' '
'Building target: lab4.elf'
'Invoking: ARM gcc linker'
arm-xilinx-eabi-gcc -Wl,-T -Wl,../src/lscript.ld -L../../lab4_bsp/ps7_cortexa9_0/lib -o "lab4.elf"  ./src/lab4.o   -Wl,--start-group,-lxil,-lgcc,-lc,--end-group
'Finished building target: lab4.elf'
' '
'Invoking: ARM Print Size'
arm-xilinx-eabi-size lab4.elf  |tee "lab4.elf.size"
   text	   data	    bss	    dec	    hex	filename
  23796	   1184	   8236	  33216	   81c0	lab4.elf
'Finished building: lab4.elf.size'
' '
14:11:46 **** Incremental Build of configuration Debug for project lab4 ****
make all 
make: Nothing to be done for `all'.
14:13:04 **** Clean-only build of configuration Debug for project lab4 ****
make clean 
rm -rf  ./src/lab4.o  ./src/lab4.d  lab4.elf.size  lab4.elf
' '
14:13:05 **** Auto Build of configuration Debug for project lab4 ****
make all 
'Building file: ../src/lab4.c'
'Invoking: ARM gcc compiler'
arm-xilinx-eabi-gcc -Wall -O0 -g3 -c -fmessage-length=0 -MT"src/lab4.o" -I../../lab4_bsp/ps7_cortexa9_0/include -MMD -MP -MF"src/lab4.d" -MT"src/lab4.d" -o "src/lab4.o" "../src/lab4.c"
'Finished building: ../src/lab4.c'
' '
'Building target: lab4.elf'
'Invoking: ARM gcc linker'
arm-xilinx-eabi-gcc -Wl,-T -Wl,../src/lscript.ld -L../../lab4_bsp/ps7_cortexa9_0/lib -o "lab4.elf"  ./src/lab4.o   -Wl,--start-group,-lxil,-lgcc,-lc,--end-group
c:/xilinx/sdk/2015.2/gnu/arm/nt/bin/../lib/gcc/arm-xilinx-eabi/4.9.1/../../../../arm-xilinx-eabi/bin/ld.exe: lab4.elf section `.data' will not fit in region `axi_bram_ctrl_0_S_AXI_BASEADDR'
c:/xilinx/sdk/2015.2/gnu/arm/nt/bin/../lib/gcc/arm-xilinx-eabi/4.9.1/../../../../arm-xilinx-eabi/bin/ld.exe: address 0x40008000 of lab4.elf section `.mmu_tbl' is not within region `axi_bram_ctrl_0_S_AXI_BASEADDR'
c:/xilinx/sdk/2015.2/gnu/arm/nt/bin/../lib/gcc/arm-xilinx-eabi/4.9.1/../../../../arm-xilinx-eabi/bin/ld.exe: address 0x40008000 of lab4.elf section `.mmu_tbl' is not within region `axi_bram_ctrl_0_S_AXI_BASEADDR'
c:/xilinx/sdk/2015.2/gnu/arm/nt/bin/../lib/gcc/arm-xilinx-eabi/4.9.1/../../../../arm-xilinx-eabi/bin/ld.exe: address 0x40008000 of lab4.elf section `.mmu_tbl' is not within region `axi_bram_ctrl_0_S_AXI_BASEADDR'
c:/xilinx/sdk/2015.2/gnu/arm/nt/bin/../lib/gcc/arm-xilinx-eabi/4.9.1/../../../../arm-xilinx-eabi/bin/ld.exe: region `axi_bram_ctrl_0_S_AXI_BASEADDR' overflowed by 32832 bytes
collect2.exe: error: ld returned 1 exit status
make: *** [lab4.elf] Error 1
14:14:40 **** Clean-only build of configuration Debug for project lab4 ****
make clean 
rm -rf  ./src/lab4.o  ./src/lab4.d  lab4.elf.size  lab4.elf
' '
14:14:40 **** Auto Build of configuration Debug for project lab4 ****
make all 
'Building file: ../src/lab4.c'
'Invoking: ARM gcc compiler'
arm-xilinx-eabi-gcc -Wall -O0 -g3 -c -fmessage-length=0 -MT"src/lab4.o" -I../../lab4_bsp/ps7_cortexa9_0/include -MMD -MP -MF"src/lab4.d" -MT"src/lab4.d" -o "src/lab4.o" "../src/lab4.c"
'Finished building: ../src/lab4.c'
' '
'Building target: lab4.elf'
'Invoking: ARM gcc linker'
arm-xilinx-eabi-gcc -Wl,-T -Wl,../src/lscript.ld -L../../lab4_bsp/ps7_cortexa9_0/lib -o "lab4.elf"  ./src/lab4.o   -Wl,--start-group,-lxil,-lgcc,-lc,--end-group
c:/xilinx/sdk/2015.2/gnu/arm/nt/bin/../lib/gcc/arm-xilinx-eabi/4.9.1/../../../../arm-xilinx-eabi/bin/ld.exe: lab4.elf section `.data' will not fit in region `axi_bram_ctrl_0_S_AXI_BASEADDR'
c:/xilinx/sdk/2015.2/gnu/arm/nt/bin/../lib/gcc/arm-xilinx-eabi/4.9.1/../../../../arm-xilinx-eabi/bin/ld.exe: address 0x40008000 of lab4.elf section `.mmu_tbl' is not within region `axi_bram_ctrl_0_S_AXI_BASEADDR'
c:/xilinx/sdk/2015.2/gnu/arm/nt/bin/../lib/gcc/arm-xilinx-eabi/4.9.1/../../../../arm-xilinx-eabi/bin/ld.exe: address 0x40008000 of lab4.elf section `.mmu_tbl' is not within region `axi_bram_ctrl_0_S_AXI_BASEADDR'
c:/xilinx/sdk/2015.2/gnu/arm/nt/bin/../lib/gcc/arm-xilinx-eabi/4.9.1/../../../../arm-xilinx-eabi/bin/ld.exe: address 0x40008000 of lab4.elf section `.mmu_tbl' is not within region `axi_bram_ctrl_0_S_AXI_BASEADDR'
c:/xilinx/sdk/2015.2/gnu/arm/nt/bin/../lib/gcc/arm-xilinx-eabi/4.9.1/../../../../arm-xilinx-eabi/bin/ld.exe: region `axi_bram_ctrl_0_S_AXI_BASEADDR' overflowed by 32832 bytes
collect2.exe: error: ld returned 1 exit status
make: *** [lab4.elf] Error 1
14:19:54 **** Clean-only build of configuration Debug for project lab4 ****
make clean 
rm -rf  ./src/lab4.o  ./src/lab4.d  lab4.elf.size  lab4.elf
' '
14:19:54 **** Auto Build of configuration Debug for project lab4 ****
make all 
'Building file: ../src/lab4.c'
'Invoking: ARM gcc compiler'
arm-xilinx-eabi-gcc -Wall -O0 -g3 -c -fmessage-length=0 -MT"src/lab4.o" -I../../lab4_bsp/ps7_cortexa9_0/include -MMD -MP -MF"src/lab4.d" -MT"src/lab4.d" -o "src/lab4.o" "../src/lab4.c"
'Finished building: ../src/lab4.c'
' '
'Building target: lab4.elf'
'Invoking: ARM gcc linker'
arm-xilinx-eabi-gcc -Wl,-T -Wl,../src/lscript.ld -L../../lab4_bsp/ps7_cortexa9_0/lib -o "lab4.elf"  ./src/lab4.o   -Wl,--start-group,-lxil,-lgcc,-lc,--end-group
'Finished building target: lab4.elf'
' '
'Invoking: ARM Print Size'
arm-xilinx-eabi-size lab4.elf  |tee "lab4.elf.size"
   text	   data	    bss	    dec	    hex	filename
  23796	   1184	   8236	  33216	   81c0	lab4.elf
'Finished building: lab4.elf.size'
' '
14:20:21 **** Clean-only build of configuration Debug for project lab4 ****
make clean 
rm -rf  ./src/lab4.o  ./src/lab4.d  lab4.elf.size  lab4.elf
' '
14:20:22 **** Auto Build of configuration Debug for project lab4 ****
make all 
'Building file: ../src/lab4.c'
'Invoking: ARM gcc compiler'
arm-xilinx-eabi-gcc -Wall -O0 -g3 -c -fmessage-length=0 -MT"src/lab4.o" -I../../lab4_bsp/ps7_cortexa9_0/include -MMD -MP -MF"src/lab4.d" -MT"src/lab4.d" -o "src/lab4.o" "../src/lab4.c"
'Finished building: ../src/lab4.c'
' '
'Building target: lab4.elf'
'Invoking: ARM gcc linker'
arm-xilinx-eabi-gcc -Wl,-T -Wl,../src/lscript.ld -L../../lab4_bsp/ps7_cortexa9_0/lib -o "lab4.elf"  ./src/lab4.o   -Wl,--start-group,-lxil,-lgcc,-lc,--end-group
c:/xilinx/sdk/2015.2/gnu/arm/nt/bin/../lib/gcc/arm-xilinx-eabi/4.9.1/../../../../arm-xilinx-eabi/bin/ld.exe: lab4.elf section `.data' will not fit in region `axi_bram_ctrl_0_S_AXI_BASEADDR'
c:/xilinx/sdk/2015.2/gnu/arm/nt/bin/../lib/gcc/arm-xilinx-eabi/4.9.1/../../../../arm-xilinx-eabi/bin/ld.exe: address 0x40008000 of lab4.elf section `.mmu_tbl' is not within region `axi_bram_ctrl_0_S_AXI_BASEADDR'
c:/xilinx/sdk/2015.2/gnu/arm/nt/bin/../lib/gcc/arm-xilinx-eabi/4.9.1/../../../../arm-xilinx-eabi/bin/ld.exe: address 0x40008000 of lab4.elf section `.mmu_tbl' is not within region `axi_bram_ctrl_0_S_AXI_BASEADDR'
c:/xilinx/sdk/2015.2/gnu/arm/nt/bin/../lib/gcc/arm-xilinx-eabi/4.9.1/../../../../arm-xilinx-eabi/bin/ld.exe: address 0x40008000 of lab4.elf section `.mmu_tbl' is not within region `axi_bram_ctrl_0_S_AXI_BASEADDR'
c:/xilinx/sdk/2015.2/gnu/arm/nt/bin/../lib/gcc/arm-xilinx-eabi/4.9.1/../../../../arm-xilinx-eabi/bin/ld.exe: region `axi_bram_ctrl_0_S_AXI_BASEADDR' overflowed by 32832 bytes
collect2.exe: error: ld returned 1 exit status
make: *** [lab4.elf] Error 1
14:42:58 **** Clean-only build of configuration Debug for project lab4 ****
make clean 
rm -rf  ./src/lab4.o  ./src/lab4.d  lab4.elf.size  lab4.elf
' '
14:42:58 **** Auto Build of configuration Debug for project lab4 ****
make all 
'Building file: ../src/lab4.c'
'Invoking: ARM gcc compiler'
arm-xilinx-eabi-gcc -Wall -O0 -g3 -c -fmessage-length=0 -MT"src/lab4.o" -I../../lab4_bsp/ps7_cortexa9_0/include -MMD -MP -MF"src/lab4.d" -MT"src/lab4.d" -o "src/lab4.o" "../src/lab4.c"
'Finished building: ../src/lab4.c'
' '
'Building target: lab4.elf'
'Invoking: ARM gcc linker'
arm-xilinx-eabi-gcc -Wl,-T -Wl,../src/lscript.ld -L../../lab4_bsp/ps7_cortexa9_0/lib -o "lab4.elf"  ./src/lab4.o   -Wl,--start-group,-lxil,-lgcc,-lc,--end-group
c:/xilinx/sdk/2015.2/gnu/arm/nt/bin/../lib/gcc/arm-xilinx-eabi/4.9.1/../../../../arm-xilinx-eabi/bin/ld.exe: lab4.elf section `.data' will not fit in region `axi_bram_ctrl_0_S_AXI_BASEADDR'
c:/xilinx/sdk/2015.2/gnu/arm/nt/bin/../lib/gcc/arm-xilinx-eabi/4.9.1/../../../../arm-xilinx-eabi/bin/ld.exe: address 0x40008000 of lab4.elf section `.mmu_tbl' is not within region `axi_bram_ctrl_0_S_AXI_BASEADDR'
c:/xilinx/sdk/2015.2/gnu/arm/nt/bin/../lib/gcc/arm-xilinx-eabi/4.9.1/../../../../arm-xilinx-eabi/bin/ld.exe: address 0x40008000 of lab4.elf section `.mmu_tbl' is not within region `axi_bram_ctrl_0_S_AXI_BASEADDR'
c:/xilinx/sdk/2015.2/gnu/arm/nt/bin/../lib/gcc/arm-xilinx-eabi/4.9.1/../../../../arm-xilinx-eabi/bin/ld.exe: address 0x40008000 of lab4.elf section `.mmu_tbl' is not within region `axi_bram_ctrl_0_S_AXI_BASEADDR'
c:/xilinx/sdk/2015.2/gnu/arm/nt/bin/../lib/gcc/arm-xilinx-eabi/4.9.1/../../../../arm-xilinx-eabi/bin/ld.exe: region `axi_bram_ctrl_0_S_AXI_BASEADDR' overflowed by 32832 bytes
collect2.exe: error: ld returned 1 exit status
make: *** [lab4.elf] Error 1
15:28:41 **** Clean-only build of configuration Debug for project lab4 ****
make clean 
rm -rf  ./src/lab4.o  ./src/lab4.d  lab4.elf.size  lab4.elf
' '
15:28:42 **** Auto Build of configuration Debug for project lab4 ****
make all 
'Building file: ../src/lab4.c'
'Invoking: ARM gcc compiler'
arm-xilinx-eabi-gcc -Wall -O0 -g3 -c -fmessage-length=0 -MT"src/lab4.o" -I../../lab4_bsp/ps7_cortexa9_0/include -MMD -MP -MF"src/lab4.d" -MT"src/lab4.d" -o "src/lab4.o" "../src/lab4.c"
'Finished building: ../src/lab4.c'
' '
'Building target: lab4.elf'
'Invoking: ARM gcc linker'
arm-xilinx-eabi-gcc -Wl,-T -Wl,../src/lscript.ld -L../../lab4_bsp/ps7_cortexa9_0/lib -o "lab4.elf"  ./src/lab4.o   -Wl,--start-group,-lxil,-lgcc,-lc,--end-group
'Finished building target: lab4.elf'
' '
'Invoking: ARM Print Size'
arm-xilinx-eabi-size lab4.elf  |tee "lab4.elf.size"
   text	   data	    bss	    dec	    hex	filename
  23796	   1184	   8236	  33216	   81c0	lab4.elf
'Finished building: lab4.elf.size'
' '
15:31:02 **** Incremental Build of configuration Debug for project lab4 ****
make all 
make: Nothing to be done for `all'.
11:00:00 **** Build of project lab4_bsp ****
make -k all 
"Running Make include in ps7_cortexa9_0/libsrc/bram_v4_0/src"
make -C ps7_cortexa9_0/libsrc/bram_v4_0/src -s include  "SHELL=CMD" "COMPILER=arm-xilinx-eabi-gcc" "ARCHIVER=arm-xilinx-eabi-ar" "COMPILER_FLAGS=  -O2 -c" "EXTRA_COMPILER_FLAGS=-g"
"Running Make include in ps7_cortexa9_0/libsrc/coresightps_dcc_v1_0/src"
make -C ps7_cortexa9_0/libsrc/coresightps_dcc_v1_0/src -s include  "SHELL=CMD" "COMPILER=arm-xilinx-eabi-gcc" "ARCHIVER=arm-xilinx-eabi-ar" "COMPILER_FLAGS=  -O2 -c" "EXTRA_COMPILER_FLAGS=-g"
"Running Make include in ps7_cortexa9_0/libsrc/cpu_cortexa9_v2_1/src"
make -C ps7_cortexa9_0/libsrc/cpu_cortexa9_v2_1/src -s include  "SHELL=CMD" "COMPILER=arm-xilinx-eabi-gcc" "ARCHIVER=arm-xilinx-eabi-ar" "COMPILER_FLAGS=  -O2 -c" "EXTRA_COMPILER_FLAGS=-g"
"Running Make include in ps7_cortexa9_0/libsrc/devcfg_v3_3/src"
make -C ps7_cortexa9_0/libsrc/devcfg_v3_3/src -s include  "SHELL=CMD" "COMPILER=arm-xilinx-eabi-gcc" "ARCHIVER=arm-xilinx-eabi-ar" "COMPILER_FLAGS=  -O2 -c" "EXTRA_COMPILER_FLAGS=-g"
"Running Make include in ps7_cortexa9_0/libsrc/dmaps_v2_1/src"
make -C ps7_cortexa9_0/libsrc/dmaps_v2_1/src -s include  "SHELL=CMD" "COMPILER=arm-xilinx-eabi-gcc" "ARCHIVER=arm-xilinx-eabi-ar" "COMPILER_FLAGS=  -O2 -c" "EXTRA_COMPILER_FLAGS=-g"
"Running Make include in ps7_cortexa9_0/libsrc/gpio_v4_0/src"
make -C ps7_cortexa9_0/libsrc/gpio_v4_0/src -s include  "SHELL=CMD" "COMPILER=arm-xilinx-eabi-gcc" "ARCHIVER=arm-xilinx-eabi-ar" "COMPILER_FLAGS=  -O2 -c" "EXTRA_COMPILER_FLAGS=-g"
"Running Make include in ps7_cortexa9_0/libsrc/led_ip_v1_0/src"
make -C ps7_cortexa9_0/libsrc/led_ip_v1_0/src -s include  "SHELL=CMD" "COMPILER=arm-xilinx-eabi-gcc" "ARCHIVER=arm-xilinx-eabi-ar" "COMPILER_FLAGS=  -O2 -c" "EXTRA_COMPILER_FLAGS=-g"
"Running Make include in ps7_cortexa9_0/libsrc/scugic_v3_0/src"
make -C ps7_cortexa9_0/libsrc/scugic_v3_0/src -s include  "SHELL=CMD" "COMPILER=arm-xilinx-eabi-gcc" "ARCHIVER=arm-xilinx-eabi-ar" "COMPILER_FLAGS=  -O2 -c" "EXTRA_COMPILER_FLAGS=-g"
"Running Make include in ps7_cortexa9_0/libsrc/scutimer_v2_1/src"
make -C ps7_cortexa9_0/libsrc/scutimer_v2_1/src -s include  "SHELL=CMD" "COMPILER=arm-xilinx-eabi-gcc" "ARCHIVER=arm-xilinx-eabi-ar" "COMPILER_FLAGS=  -O2 -c" "EXTRA_COMPILER_FLAGS=-g"
"Running Make include in ps7_cortexa9_0/libsrc/scuwdt_v2_1/src"
make -C ps7_cortexa9_0/libsrc/scuwdt_v2_1/src -s include  "SHELL=CMD" "COMPILER=arm-xilinx-eabi-gcc" "ARCHIVER=arm-xilinx-eabi-ar" "COMPILER_FLAGS=  -O2 -c" "EXTRA_COMPILER_FLAGS=-g"
"Running Make include in ps7_cortexa9_0/libsrc/standalone_v5_1/src"
make -C ps7_cortexa9_0/libsrc/standalone_v5_1/src -s include  "SHELL=CMD" "COMPILER=arm-xilinx-eabi-gcc" "ARCHIVER=arm-xilinx-eabi-ar" "COMPILER_FLAGS=  -O2 -c" "EXTRA_COMPILER_FLAGS=-g"
"Running Make include in ps7_cortexa9_0/libsrc/uartps_v3_0/src"
make -C ps7_cortexa9_0/libsrc/uartps_v3_0/src -s include  "SHELL=CMD" "COMPILER=arm-xilinx-eabi-gcc" "ARCHIVER=arm-xilinx-eabi-ar" "COMPILER_FLAGS=  -O2 -c" "EXTRA_COMPILER_FLAGS=-g"
"Running Make include in ps7_cortexa9_0/libsrc/xadcps_v2_2/src"
make -C ps7_cortexa9_0/libsrc/xadcps_v2_2/src -s include  "SHELL=CMD" "COMPILER=arm-xilinx-eabi-gcc" "ARCHIVER=arm-xilinx-eabi-ar" "COMPILER_FLAGS=  -O2 -c" "EXTRA_COMPILER_FLAGS=-g"
"Running Make libs in ps7_cortexa9_0/libsrc/bram_v4_0/src"
make -C ps7_cortexa9_0/libsrc/bram_v4_0/src -s libs  "SHELL=CMD" "COMPILER=arm-xilinx-eabi-gcc" "ARCHIVER=arm-xilinx-eabi-ar" "COMPILER_FLAGS=  -O2 -c" "EXTRA_COMPILER_FLAGS=-g"
"Compiling bram"
"Running Make libs in ps7_cortexa9_0/libsrc/coresightps_dcc_v1_0/src"
make -C ps7_cortexa9_0/libsrc/coresightps_dcc_v1_0/src -s libs  "SHELL=CMD" "COMPILER=arm-xilinx-eabi-gcc" "ARCHIVER=arm-xilinx-eabi-ar" "COMPILER_FLAGS=  -O2 -c" "EXTRA_COMPILER_FLAGS=-g"
"Compiling coresightps_dcc"
"Running Make libs in ps7_cortexa9_0/libsrc/cpu_cortexa9_v2_1/src"
make -C ps7_cortexa9_0/libsrc/cpu_cortexa9_v2_1/src -s libs  "SHELL=CMD" "COMPILER=arm-xilinx-eabi-gcc" "ARCHIVER=arm-xilinx-eabi-ar" "COMPILER_FLAGS=  -O2 -c" "EXTRA_COMPILER_FLAGS=-g"
"Compiling cpu_cortexa9"
"Running Make libs in ps7_cortexa9_0/libsrc/devcfg_v3_3/src"
make -C ps7_cortexa9_0/libsrc/devcfg_v3_3/src -s libs  "SHELL=CMD" "COMPILER=arm-xilinx-eabi-gcc" "ARCHIVER=arm-xilinx-eabi-ar" "COMPILER_FLAGS=  -O2 -c" "EXTRA_COMPILER_FLAGS=-g"
"Compiling devcfg"
"Running Make libs in ps7_cortexa9_0/libsrc/dmaps_v2_1/src"
make -C ps7_cortexa9_0/libsrc/dmaps_v2_1/src -s libs  "SHELL=CMD" "COMPILER=arm-xilinx-eabi-gcc" "ARCHIVER=arm-xilinx-eabi-ar" "COMPILER_FLAGS=  -O2 -c" "EXTRA_COMPILER_FLAGS=-g"
"Compiling dmaps"
"Running Make libs in ps7_cortexa9_0/libsrc/gpio_v4_0/src"
make -C ps7_cortexa9_0/libsrc/gpio_v4_0/src -s libs  "SHELL=CMD" "COMPILER=arm-xilinx-eabi-gcc" "ARCHIVER=arm-xilinx-eabi-ar" "COMPILER_FLAGS=  -O2 -c" "EXTRA_COMPILER_FLAGS=-g"
"Compiling gpio"
"Running Make libs in ps7_cortexa9_0/libsrc/led_ip_v1_0/src"
make -C ps7_cortexa9_0/libsrc/led_ip_v1_0/src -s libs  "SHELL=CMD" "COMPILER=arm-xilinx-eabi-gcc" "ARCHIVER=arm-xilinx-eabi-ar" "COMPILER_FLAGS=  -O2 -c" "EXTRA_COMPILER_FLAGS=-g"
"Compiling led_ip..."
"Running Make libs in ps7_cortexa9_0/libsrc/scugic_v3_0/src"
make -C ps7_cortexa9_0/libsrc/scugic_v3_0/src -s libs  "SHELL=CMD" "COMPILER=arm-xilinx-eabi-gcc" "ARCHIVER=arm-xilinx-eabi-ar" "COMPILER_FLAGS=  -O2 -c" "EXTRA_COMPILER_FLAGS=-g"
"Compiling scugic"
"Running Make libs in ps7_cortexa9_0/libsrc/scutimer_v2_1/src"
make -C ps7_cortexa9_0/libsrc/scutimer_v2_1/src -s libs  "SHELL=CMD" "COMPILER=arm-xilinx-eabi-gcc" "ARCHIVER=arm-xilinx-eabi-ar" "COMPILER_FLAGS=  -O2 -c" "EXTRA_COMPILER_FLAGS=-g"
"Compiling scutimer"
"Running Make libs in ps7_cortexa9_0/libsrc/scuwdt_v2_1/src"
make -C ps7_cortexa9_0/libsrc/scuwdt_v2_1/src -s libs  "SHELL=CMD" "COMPILER=arm-xilinx-eabi-gcc" "ARCHIVER=arm-xilinx-eabi-ar" "COMPILER_FLAGS=  -O2 -c" "EXTRA_COMPILER_FLAGS=-g"
"Compiling scuwdt"
"Running Make libs in ps7_cortexa9_0/libsrc/standalone_v5_1/src"
make -C ps7_cortexa9_0/libsrc/standalone_v5_1/src -s libs  "SHELL=CMD" "COMPILER=arm-xilinx-eabi-gcc" "ARCHIVER=arm-xilinx-eabi-ar" "COMPILER_FLAGS=  -O2 -c" "EXTRA_COMPILER_FLAGS=-g"
"Compiling standalone"
"Running Make libs in ps7_cortexa9_0/libsrc/uartps_v3_0/src"
make -C ps7_cortexa9_0/libsrc/uartps_v3_0/src -s libs  "SHELL=CMD" "COMPILER=arm-xilinx-eabi-gcc" "ARCHIVER=arm-xilinx-eabi-ar" "COMPILER_FLAGS=  -O2 -c" "EXTRA_COMPILER_FLAGS=-g"
"Compiling uartps"
"Running Make libs in ps7_cortexa9_0/libsrc/xadcps_v2_2/src"
make -C ps7_cortexa9_0/libsrc/xadcps_v2_2/src -s libs  "SHELL=CMD" "COMPILER=arm-xilinx-eabi-gcc" "ARCHIVER=arm-xilinx-eabi-ar" "COMPILER_FLAGS=  -O2 -c" "EXTRA_COMPILER_FLAGS=-g"
"Compiling xadcps"
'Finished building libraries'
11:00:20 **** Build of configuration Debug for project lab4 ****
make all 
'Building file: ../src/lab4.c'
'Invoking: ARM gcc compiler'
arm-xilinx-eabi-gcc -Wall -O0 -g3 -c -fmessage-length=0 -MT"src/lab4.o" -I../../lab4_bsp/ps7_cortexa9_0/include -MMD -MP -MF"src/lab4.d" -MT"src/lab4.d" -o "src/lab4.o" "../src/lab4.c"
'Finished building: ../src/lab4.c'
' '
'Building target: lab4.elf'
'Invoking: ARM gcc linker'
arm-xilinx-eabi-gcc -Wl,-T -Wl,../src/lscript.ld -L../../lab4_bsp/ps7_cortexa9_0/lib -o "lab4.elf"  ./src/lab4.o   -Wl,--start-group,-lxil,-lgcc,-lc,--end-group
'Finished building target: lab4.elf'
' '
'Invoking: ARM Print Size'
arm-xilinx-eabi-size lab4.elf  |tee "lab4.elf.size"
   text	   data	    bss	    dec	    hex	filename
  23796	   1184	   8236	  33216	   81c0	lab4.elf
'Finished building: lab4.elf.size'
' '
11:04:05 **** Build of project lab5_bsp ****
make -k all 
"Running Make include in ps7_cortexa9_0/libsrc/bram_v4_0/src"
make -C ps7_cortexa9_0/libsrc/bram_v4_0/src -s include  "SHELL=CMD" "COMPILER=arm-xilinx-eabi-gcc" "ARCHIVER=arm-xilinx-eabi-ar" "COMPILER_FLAGS=  -O2 -c" "EXTRA_COMPILER_FLAGS=-g"
"Running Make include in ps7_cortexa9_0/libsrc/coresightps_dcc_v1_0/src"
make -C ps7_cortexa9_0/libsrc/coresightps_dcc_v1_0/src -s include  "SHELL=CMD" "COMPILER=arm-xilinx-eabi-gcc" "ARCHIVER=arm-xilinx-eabi-ar" "COMPILER_FLAGS=  -O2 -c" "EXTRA_COMPILER_FLAGS=-g"
"Running Make include in ps7_cortexa9_0/libsrc/cpu_cortexa9_v2_1/src"
make -C ps7_cortexa9_0/libsrc/cpu_cortexa9_v2_1/src -s include  "SHELL=CMD" "COMPILER=arm-xilinx-eabi-gcc" "ARCHIVER=arm-xilinx-eabi-ar" "COMPILER_FLAGS=  -O2 -c" "EXTRA_COMPILER_FLAGS=-g"
"Running Make include in ps7_cortexa9_0/libsrc/devcfg_v3_3/src"
make -C ps7_cortexa9_0/libsrc/devcfg_v3_3/src -s include  "SHELL=CMD" "COMPILER=arm-xilinx-eabi-gcc" "ARCHIVER=arm-xilinx-eabi-ar" "COMPILER_FLAGS=  -O2 -c" "EXTRA_COMPILER_FLAGS=-g"
"Running Make include in ps7_cortexa9_0/libsrc/dmaps_v2_1/src"
make -C ps7_cortexa9_0/libsrc/dmaps_v2_1/src -s include  "SHELL=CMD" "COMPILER=arm-xilinx-eabi-gcc" "ARCHIVER=arm-xilinx-eabi-ar" "COMPILER_FLAGS=  -O2 -c" "EXTRA_COMPILER_FLAGS=-g"
"Running Make include in ps7_cortexa9_0/libsrc/gpio_v4_0/src"
make -C ps7_cortexa9_0/libsrc/gpio_v4_0/src -s include  "SHELL=CMD" "COMPILER=arm-xilinx-eabi-gcc" "ARCHIVER=arm-xilinx-eabi-ar" "COMPILER_FLAGS=  -O2 -c" "EXTRA_COMPILER_FLAGS=-g"
"Running Make include in ps7_cortexa9_0/libsrc/led_ip_v1_0/src"
make -C ps7_cortexa9_0/libsrc/led_ip_v1_0/src -s include  "SHELL=CMD" "COMPILER=arm-xilinx-eabi-gcc" "ARCHIVER=arm-xilinx-eabi-ar" "COMPILER_FLAGS=  -O2 -c" "EXTRA_COMPILER_FLAGS=-g"
"Running Make include in ps7_cortexa9_0/libsrc/scugic_v3_0/src"
make -C ps7_cortexa9_0/libsrc/scugic_v3_0/src -s include  "SHELL=CMD" "COMPILER=arm-xilinx-eabi-gcc" "ARCHIVER=arm-xilinx-eabi-ar" "COMPILER_FLAGS=  -O2 -c" "EXTRA_COMPILER_FLAGS=-g"
"Running Make include in ps7_cortexa9_0/libsrc/scutimer_v2_1/src"
make -C ps7_cortexa9_0/libsrc/scutimer_v2_1/src -s include  "SHELL=CMD" "COMPILER=arm-xilinx-eabi-gcc" "ARCHIVER=arm-xilinx-eabi-ar" "COMPILER_FLAGS=  -O2 -c" "EXTRA_COMPILER_FLAGS=-g"
"Running Make include in ps7_cortexa9_0/libsrc/scuwdt_v2_1/src"
make -C ps7_cortexa9_0/libsrc/scuwdt_v2_1/src -s include  "SHELL=CMD" "COMPILER=arm-xilinx-eabi-gcc" "ARCHIVER=arm-xilinx-eabi-ar" "COMPILER_FLAGS=  -O2 -c" "EXTRA_COMPILER_FLAGS=-g"
"Running Make include in ps7_cortexa9_0/libsrc/standalone_v5_1/src"
make -C ps7_cortexa9_0/libsrc/standalone_v5_1/src -s include  "SHELL=CMD" "COMPILER=arm-xilinx-eabi-gcc" "ARCHIVER=arm-xilinx-eabi-ar" "COMPILER_FLAGS=  -O2 -c" "EXTRA_COMPILER_FLAGS=-g"
"Running Make include in ps7_cortexa9_0/libsrc/uartps_v3_0/src"
make -C ps7_cortexa9_0/libsrc/uartps_v3_0/src -s include  "SHELL=CMD" "COMPILER=arm-xilinx-eabi-gcc" "ARCHIVER=arm-xilinx-eabi-ar" "COMPILER_FLAGS=  -O2 -c" "EXTRA_COMPILER_FLAGS=-g"
"Running Make include in ps7_cortexa9_0/libsrc/xadcps_v2_2/src"
make -C ps7_cortexa9_0/libsrc/xadcps_v2_2/src -s include  "SHELL=CMD" "COMPILER=arm-xilinx-eabi-gcc" "ARCHIVER=arm-xilinx-eabi-ar" "COMPILER_FLAGS=  -O2 -c" "EXTRA_COMPILER_FLAGS=-g"
"Running Make libs in ps7_cortexa9_0/libsrc/bram_v4_0/src"
make -C ps7_cortexa9_0/libsrc/bram_v4_0/src -s libs  "SHELL=CMD" "COMPILER=arm-xilinx-eabi-gcc" "ARCHIVER=arm-xilinx-eabi-ar" "COMPILER_FLAGS=  -O2 -c" "EXTRA_COMPILER_FLAGS=-g"
"Compiling bram"
arm-xilinx-eabi-ar: creating ../../../lib/libxil.a
"Running Make libs in ps7_cortexa9_0/libsrc/coresightps_dcc_v1_0/src"
make -C ps7_cortexa9_0/libsrc/coresightps_dcc_v1_0/src -s libs  "SHELL=CMD" "COMPILER=arm-xilinx-eabi-gcc" "ARCHIVER=arm-xilinx-eabi-ar" "COMPILER_FLAGS=  -O2 -c" "EXTRA_COMPILER_FLAGS=-g"
"Compiling coresightps_dcc"
"Running Make libs in ps7_cortexa9_0/libsrc/cpu_cortexa9_v2_1/src"
make -C ps7_cortexa9_0/libsrc/cpu_cortexa9_v2_1/src -s libs  "SHELL=CMD" "COMPILER=arm-xilinx-eabi-gcc" "ARCHIVER=arm-xilinx-eabi-ar" "COMPILER_FLAGS=  -O2 -c" "EXTRA_COMPILER_FLAGS=-g"
"Compiling cpu_cortexa9"
"Running Make libs in ps7_cortexa9_0/libsrc/devcfg_v3_3/src"
make -C ps7_cortexa9_0/libsrc/devcfg_v3_3/src -s libs  "SHELL=CMD" "COMPILER=arm-xilinx-eabi-gcc" "ARCHIVER=arm-xilinx-eabi-ar" "COMPILER_FLAGS=  -O2 -c" "EXTRA_COMPILER_FLAGS=-g"
"Compiling devcfg"
"Running Make libs in ps7_cortexa9_0/libsrc/dmaps_v2_1/src"
make -C ps7_cortexa9_0/libsrc/dmaps_v2_1/src -s libs  "SHELL=CMD" "COMPILER=arm-xilinx-eabi-gcc" "ARCHIVER=arm-xilinx-eabi-ar" "COMPILER_FLAGS=  -O2 -c" "EXTRA_COMPILER_FLAGS=-g"
"Compiling dmaps"
"Running Make libs in ps7_cortexa9_0/libsrc/gpio_v4_0/src"
make -C ps7_cortexa9_0/libsrc/gpio_v4_0/src -s libs  "SHELL=CMD" "COMPILER=arm-xilinx-eabi-gcc" "ARCHIVER=arm-xilinx-eabi-ar" "COMPILER_FLAGS=  -O2 -c" "EXTRA_COMPILER_FLAGS=-g"
"Compiling gpio"
"Running Make libs in ps7_cortexa9_0/libsrc/led_ip_v1_0/src"
make -C ps7_cortexa9_0/libsrc/led_ip_v1_0/src -s libs  "SHELL=CMD" "COMPILER=arm-xilinx-eabi-gcc" "ARCHIVER=arm-xilinx-eabi-ar" "COMPILER_FLAGS=  -O2 -c" "EXTRA_COMPILER_FLAGS=-g"
"Compiling led_ip..."
"Running Make libs in ps7_cortexa9_0/libsrc/scugic_v3_0/src"
make -C ps7_cortexa9_0/libsrc/scugic_v3_0/src -s libs  "SHELL=CMD" "COMPILER=arm-xilinx-eabi-gcc" "ARCHIVER=arm-xilinx-eabi-ar" "COMPILER_FLAGS=  -O2 -c" "EXTRA_COMPILER_FLAGS=-g"
"Compiling scugic"
"Running Make libs in ps7_cortexa9_0/libsrc/scutimer_v2_1/src"
make -C ps7_cortexa9_0/libsrc/scutimer_v2_1/src -s libs  "SHELL=CMD" "COMPILER=arm-xilinx-eabi-gcc" "ARCHIVER=arm-xilinx-eabi-ar" "COMPILER_FLAGS=  -O2 -c" "EXTRA_COMPILER_FLAGS=-g"
"Compiling scutimer"
"Running Make libs in ps7_cortexa9_0/libsrc/scuwdt_v2_1/src"
make -C ps7_cortexa9_0/libsrc/scuwdt_v2_1/src -s libs  "SHELL=CMD" "COMPILER=arm-xilinx-eabi-gcc" "ARCHIVER=arm-xilinx-eabi-ar" "COMPILER_FLAGS=  -O2 -c" "EXTRA_COMPILER_FLAGS=-g"
"Compiling scuwdt"
"Running Make libs in ps7_cortexa9_0/libsrc/standalone_v5_1/src"
make -C ps7_cortexa9_0/libsrc/standalone_v5_1/src -s libs  "SHELL=CMD" "COMPILER=arm-xilinx-eabi-gcc" "ARCHIVER=arm-xilinx-eabi-ar" "COMPILER_FLAGS=  -O2 -c" "EXTRA_COMPILER_FLAGS=-g"
"Compiling standalone"
"Running Make libs in ps7_cortexa9_0/libsrc/uartps_v3_0/src"
make -C ps7_cortexa9_0/libsrc/uartps_v3_0/src -s libs  "SHELL=CMD" "COMPILER=arm-xilinx-eabi-gcc" "ARCHIVER=arm-xilinx-eabi-ar" "COMPILER_FLAGS=  -O2 -c" "EXTRA_COMPILER_FLAGS=-g"
"Compiling uartps"
"Running Make libs in ps7_cortexa9_0/libsrc/xadcps_v2_2/src"
make -C ps7_cortexa9_0/libsrc/xadcps_v2_2/src -s libs  "SHELL=CMD" "COMPILER=arm-xilinx-eabi-gcc" "ARCHIVER=arm-xilinx-eabi-ar" "COMPILER_FLAGS=  -O2 -c" "EXTRA_COMPILER_FLAGS=-g"
"Compiling xadcps"
'Finished building libraries'

**** Build of configuration Debug for project lab5 ****

Nothing to build for project lab5
11:05:46 **** Auto Build of configuration Debug for project lab5 ****
make all 
'Building file: ../src/lab5.c'
'Invoking: ARM gcc compiler'
arm-xilinx-eabi-gcc -Wall -O0 -g3 -c -fmessage-length=0 -MT"src/lab5.o" -I../../lab5_bsp/ps7_cortexa9_0/include -MMD -MP -MF"src/lab5.d" -MT"src/lab5.d" -o "src/lab5.o" "../src/lab5.c"
../src/lab5.c:7:1: error: unknown type name 'XScuTimer'
 XScuTimer Timer;  /* Cortex A9 SCU Private Timer Instance */
 ^
../src/lab5.c: In function 'main':
../src/lab5.c:18:4: error: unknown type name 'XScuTimer_Config'
    XScuTimer_Config *ConfigPtr;
    ^
../src/lab5.c:19:4: error: unknown type name 'XScuTimer'
    XScuTimer *TimerInstancePtr = &Timer;
    ^
../src/lab5.c:48:5: warning: implicit declaration of function 'XScuTimer_Stop' [-Wimplicit-function-declaration]
     XScuTimer_Stop(TimerInstancePtr);
     ^
../src/lab5.c:59:4: warning: implicit declaration of function 'XScuTimer_IsExpired' [-Wimplicit-function-declaration]
    if(XScuTimer_IsExpired(TimerInstancePtr)) {
    ^
../src/lab5.c:18:22: warning: unused variable 'ConfigPtr' [-Wunused-variable]
    XScuTimer_Config *ConfigPtr;
                      ^
../src/lab5.c:15:53: warning: unused variable 'Status' [-Wunused-variable]
    int psb_check, dip_check, dip_check_prev, count, Status;
                                                     ^
../src/lab5.c:15:46: warning: variable 'count' set but not used [-Wunused-but-set-variable]
    int psb_check, dip_check, dip_check_prev, count, Status;
                                              ^
make: *** [src/lab5.o] Error 1
11:15:47 **** Auto Build of configuration Debug for project lab5 ****
make all 
'Building file: ../src/lab5.c'
'Invoking: ARM gcc compiler'
arm-xilinx-eabi-gcc -Wall -O0 -g3 -c -fmessage-length=0 -MT"src/lab5.o" -I../../lab5_bsp/ps7_cortexa9_0/include -MMD -MP -MF"src/lab5.d" -MT"src/lab5.d" -o "src/lab5.o" "../src/lab5.c"
../src/lab5.c: In function 'main':
../src/lab5.c:19:22: warning: unused variable 'ConfigPtr' [-Wunused-variable]
    XScuTimer_Config *ConfigPtr;
                      ^
../src/lab5.c:16:53: warning: unused variable 'Status' [-Wunused-variable]
    int psb_check, dip_check, dip_check_prev, count, Status;
                                                     ^
../src/lab5.c:16:46: warning: variable 'count' set but not used [-Wunused-but-set-variable]
    int psb_check, dip_check, dip_check_prev, count, Status;
                                              ^
'Finished building: ../src/lab5.c'
' '
'Building target: lab5.elf'
'Invoking: ARM gcc linker'
arm-xilinx-eabi-gcc -Wl,-T -Wl,../src/lscript.ld -L../../lab5_bsp/ps7_cortexa9_0/lib -o "lab5.elf"  ./src/lab5.o   -Wl,--start-group,-lxil,-lgcc,-lc,--end-group
'Finished building target: lab5.elf'
' '
'Invoking: ARM Print Size'
arm-xilinx-eabi-size lab5.elf  |tee "lab5.elf.size"
   text	   data	    bss	    dec	    hex	filename
  24712	   1184	  22596	  48492	   bd6c	lab5.elf
'Finished building: lab5.elf.size'
' '
11:18:57 **** Auto Build of configuration Debug for project lab5 ****
make all 
'Building file: ../src/lab5.c'
'Invoking: ARM gcc compiler'
arm-xilinx-eabi-gcc -Wall -O0 -g3 -c -fmessage-length=0 -MT"src/lab5.o" -I../../lab5_bsp/ps7_cortexa9_0/include -MMD -MP -MF"src/lab5.d" -MT"src/lab5.d" -o "src/lab5.o" "../src/lab5.c"
../src/lab5.c: In function 'main':
../src/lab5.c:33:8: error: conflicting types for 'XScuTimer_CfgInitialize'
    int XScuTimer_CfgInitialize(XScuTimer *InstancePtr,
        ^
In file included from ../src/lab5.c:4:0:
../../lab5_bsp/ps7_cortexa9_0/include/xscutimer.h:351:5: note: previous declaration of 'XScuTimer_CfgInitialize' was here
 s32 XScuTimer_CfgInitialize(XScuTimer *InstancePtr,
     ^
../src/lab5.c:19:22: warning: unused variable 'ConfigPtr' [-Wunused-variable]
    XScuTimer_Config *ConfigPtr;
                      ^
../src/lab5.c:16:53: warning: unused variable 'Status' [-Wunused-variable]
    int psb_check, dip_check, dip_check_prev, count, Status;
                                                     ^
../src/lab5.c:16:46: warning: variable 'count' set but not used [-Wunused-but-set-variable]
    int psb_check, dip_check, dip_check_prev, count, Status;
                                              ^
make: *** [src/lab5.o] Error 1
11:19:25 **** Auto Build of configuration Debug for project lab5 ****
make all 
'Building file: ../src/lab5.c'
'Invoking: ARM gcc compiler'
arm-xilinx-eabi-gcc -Wall -O0 -g3 -c -fmessage-length=0 -MT"src/lab5.o" -I../../lab5_bsp/ps7_cortexa9_0/include -MMD -MP -MF"src/lab5.d" -MT"src/lab5.d" -o "src/lab5.o" "../src/lab5.c"
../src/lab5.c: In function 'main':
../src/lab5.c:33:8: error: conflicting types for 'XScuTimer_CfgInitialize'
    int XScuTimer_CfgInitialize(XScuTimer *InstancePtr,
        ^
In file included from ../src/lab5.c:4:0:
../../lab5_bsp/ps7_cortexa9_0/include/xscutimer.h:351:5: note: previous declaration of 'XScuTimer_CfgInitialize' was here
 s32 XScuTimer_CfgInitialize(XScuTimer *InstancePtr,
     ^
../src/lab5.c:19:22: warning: unused variable 'ConfigPtr' [-Wunused-variable]
    XScuTimer_Config *ConfigPtr;
                      ^
../src/lab5.c:16:53: warning: unused variable 'Status' [-Wunused-variable]
    int psb_check, dip_check, dip_check_prev, count, Status;
                                                     ^
../src/lab5.c:16:46: warning: variable 'count' set but not used [-Wunused-but-set-variable]
    int psb_check, dip_check, dip_check_prev, count, Status;
                                              ^
make: *** [src/lab5.o] Error 1
11:19:31 **** Auto Build of configuration Debug for project lab5 ****
make all 
'Building file: ../src/lab5.c'
'Invoking: ARM gcc compiler'
arm-xilinx-eabi-gcc -Wall -O0 -g3 -c -fmessage-length=0 -MT"src/lab5.o" -I../../lab5_bsp/ps7_cortexa9_0/include -MMD -MP -MF"src/lab5.d" -MT"src/lab5.d" -o "src/lab5.o" "../src/lab5.c"
../src/lab5.c: In function 'main':
../src/lab5.c:19:22: warning: unused variable 'ConfigPtr' [-Wunused-variable]
    XScuTimer_Config *ConfigPtr;
                      ^
../src/lab5.c:16:53: warning: unused variable 'Status' [-Wunused-variable]
    int psb_check, dip_check, dip_check_prev, count, Status;
                                                     ^
../src/lab5.c:16:46: warning: variable 'count' set but not used [-Wunused-but-set-variable]
    int psb_check, dip_check, dip_check_prev, count, Status;
                                              ^
'Finished building: ../src/lab5.c'
' '
'Building target: lab5.elf'
'Invoking: ARM gcc linker'
arm-xilinx-eabi-gcc -Wl,-T -Wl,../src/lscript.ld -L../../lab5_bsp/ps7_cortexa9_0/lib -o "lab5.elf"  ./src/lab5.o   -Wl,--start-group,-lxil,-lgcc,-lc,--end-group
'Finished building target: lab5.elf'
' '
'Invoking: ARM Print Size'
arm-xilinx-eabi-size lab5.elf  |tee "lab5.elf.size"
   text	   data	    bss	    dec	    hex	filename
  24712	   1184	  22596	  48492	   bd6c	lab5.elf
'Finished building: lab5.elf.size'
' '
11:19:54 **** Auto Build of configuration Debug for project lab5 ****
make all 
'Building file: ../src/lab5.c'
'Invoking: ARM gcc compiler'
arm-xilinx-eabi-gcc -Wall -O0 -g3 -c -fmessage-length=0 -MT"src/lab5.o" -I../../lab5_bsp/ps7_cortexa9_0/include -MMD -MP -MF"src/lab5.d" -MT"src/lab5.d" -o "src/lab5.o" "../src/lab5.c"
../src/lab5.c: In function 'main':
../src/lab5.c:34:4: error: unknown type name 'nt'
    nt XScuTimer_CfgInitialize(XScuTimer *InstancePtr,
    ^
../src/lab5.c:34:7: error: conflicting types for 'XScuTimer_CfgInitialize'
    nt XScuTimer_CfgInitialize(XScuTimer *InstancePtr,
       ^
In file included from ../src/lab5.c:4:0:
../../lab5_bsp/ps7_cortexa9_0/include/xscutimer.h:351:5: note: previous declaration of 'XScuTimer_CfgInitialize' was here
 s32 XScuTimer_CfgInitialize(XScuTimer *InstancePtr,
     ^
../src/lab5.c:19:22: warning: unused variable 'ConfigPtr' [-Wunused-variable]
    XScuTimer_Config *ConfigPtr;
                      ^
../src/lab5.c:16:53: warning: unused variable 'Status' [-Wunused-variable]
    int psb_check, dip_check, dip_check_prev, count, Status;
                                                     ^
../src/lab5.c:16:46: warning: variable 'count' set but not used [-Wunused-but-set-variable]
    int psb_check, dip_check, dip_check_prev, count, Status;
                                              ^
make: *** [src/lab5.o] Error 1
11:20:27 **** Auto Build of configuration Debug for project lab5 ****
make all 
'Building file: ../src/lab5.c'
'Invoking: ARM gcc compiler'
arm-xilinx-eabi-gcc -Wall -O0 -g3 -c -fmessage-length=0 -MT"src/lab5.o" -I../../lab5_bsp/ps7_cortexa9_0/include -MMD -MP -MF"src/lab5.d" -MT"src/lab5.d" -o "src/lab5.o" "../src/lab5.c"
../src/lab5.c: In function 'main':
../src/lab5.c:34:8: error: conflicting types for 'XScuTimer_CfgInitialize'
    int XScuTimer_CfgInitialize(XScuTimer *InstancePtr,
[...]
"Compiling standalone"
"Running Make libs in ps7_cortexa9_0/libsrc/uartps_v3_0/src"
make -C ps7_cortexa9_0/libsrc/uartps_v3_0/src -s libs  "SHELL=CMD" "COMPILER=arm-xilinx-eabi-gcc" "ARCHIVER=arm-xilinx-eabi-ar" "COMPILER_FLAGS=  -O2 -c" "EXTRA_COMPILER_FLAGS=-g"
"Compiling uartps"
"Running Make libs in ps7_cortexa9_0/libsrc/xadcps_v2_2/src"
make -C ps7_cortexa9_0/libsrc/xadcps_v2_2/src -s libs  "SHELL=CMD" "COMPILER=arm-xilinx-eabi-gcc" "ARCHIVER=arm-xilinx-eabi-ar" "COMPILER_FLAGS=  -O2 -c" "EXTRA_COMPILER_FLAGS=-g"
"Compiling xadcps"
'Finished building libraries'

**** Build of configuration Debug for project lab6_2 ****

Nothing to build for project lab6_2
22:43:03 **** Auto Build of configuration Debug for project lab6_2 ****
make all 
'Building file: ../src/lab6.c'
'Invoking: ARM gcc compiler'
arm-xilinx-eabi-gcc -Wall -O0 -g3 -c -fmessage-length=0 -MT"src/lab6.o" -I../../lab6_2_bsp/ps7_cortexa9_0/include -MMD -MP -MF"src/lab6.d" -MT"src/lab6.d" -o "src/lab6.o" "../src/lab6.c"
../src/lab6.c: In function 'main':
../src/lab6.c:35:15: warning: unused variable 'i' [-Wunused-variable]
  XGpio_Initialize(&push, XPAR_BUTTONS_DEVICE_ID);
               ^
../src/lab6.c: In function 'MoveBallRight':
../src/lab6.c:92:7: warning: unused variable 'i' [-Wunused-variable]
    // clear status bit
       ^
../src/lab6.c: In function 'MoveBallLeft':
../src/lab6.c:147:7: warning: unused variable 'i' [-Wunused-variable]
    // clear status bit
       ^
'Finished building: ../src/lab6.c'
' '
'Building target: lab6_2.elf'
'Invoking: ARM gcc linker'
arm-xilinx-eabi-gcc -Wl,-T -Wl,../src/lscript.ld -L../../lab6_2_bsp/ps7_cortexa9_0/lib -o "lab6_2.elf"  ./src/lab6.o   -Wl,--start-group,-lxil,-lgcc,-lc,--end-group
'Finished building target: lab6_2.elf'
' '
'Invoking: ARM Print Size'
arm-xilinx-eabi-size lab6_2.elf  |tee "lab6_2.elf.size"
   text	   data	    bss	    dec	    hex	filename
  26828	   1216	  22676	  50720	   c620	lab6_2.elf
'Finished building: lab6_2.elf.size'
' '
22:45:04 **** Incremental Build of configuration Debug for project lab6_2 ****
make all 
make: Nothing to be done for `all'.
22:46:57 **** Auto Build of configuration Debug for project lab6_2 ****
make all 
'Building file: ../src/lab6.c'
'Invoking: ARM gcc compiler'
arm-xilinx-eabi-gcc -Wall -O0 -g3 -c -fmessage-length=0 -MT"src/lab6.o" -I../../lab6_2_bsp/ps7_cortexa9_0/include -MMD -MP -MF"src/lab6.d" -MT"src/lab6.d" -o "src/lab6.o" "../src/lab6.c"
../src/lab6.c: In function 'main':
../src/lab6.c:35:15: warning: unused variable 'i' [-Wunused-variable]
  XGpio_Initialize(&push, XPAR_BUTTONS_DEVICE_ID);
               ^
../src/lab6.c: In function 'MoveBallRight':
../src/lab6.c:92:7: warning: unused variable 'i' [-Wunused-variable]
    // clear status bit
       ^
../src/lab6.c: In function 'MoveBallLeft':
../src/lab6.c:147:7: warning: unused variable 'i' [-Wunused-variable]
    // clear status bit
       ^
'Finished building: ../src/lab6.c'
' '
'Building target: lab6_2.elf'
'Invoking: ARM gcc linker'
arm-xilinx-eabi-gcc -Wl,-T -Wl,../src/lscript.ld -L../../lab6_2_bsp/ps7_cortexa9_0/lib -o "lab6_2.elf"  ./src/lab6.o   -Wl,--start-group,-lxil,-lgcc,-lc,--end-group
'Finished building target: lab6_2.elf'
' '
'Invoking: ARM Print Size'
arm-xilinx-eabi-size lab6_2.elf  |tee "lab6_2.elf.size"
   text	   data	    bss	    dec	    hex	filename
  26828	   1216	  22676	  50720	   c620	lab6_2.elf
'Finished building: lab6_2.elf.size'
' '
22:47:36 **** Incremental Build of configuration Debug for project lab6_2 ****
make all 
make: Nothing to be done for `all'.
22:50:16 **** Auto Build of configuration Debug for project lab6_2 ****
make all 
'Building file: ../src/lab6.c'
'Invoking: ARM gcc compiler'
arm-xilinx-eabi-gcc -Wall -O0 -g3 -c -fmessage-length=0 -MT"src/lab6.o" -I../../lab6_2_bsp/ps7_cortexa9_0/include -MMD -MP -MF"src/lab6.d" -MT"src/lab6.d" -o "src/lab6.o" "../src/lab6.c"
../src/lab6.c: In function 'main':
../src/lab6.c:32:15: warning: unused variable 'i' [-Wunused-variable]
  unsigned int i;
               ^
../src/lab6.c: In function 'MoveBallRight':
../src/lab6.c:89:7: warning: unused variable 'i' [-Wunused-variable]
  char i, EarlyPress;
       ^
../src/lab6.c: In function 'MoveBallLeft':
../src/lab6.c:140:7: warning: unused variable 'i' [-Wunused-variable]
  char i, EarlyPress, leftScore, rightScore;
       ^
'Finished building: ../src/lab6.c'
' '
'Building target: lab6_2.elf'
'Invoking: ARM gcc linker'
arm-xilinx-eabi-gcc -Wl,-T -Wl,../src/lscript.ld -L../../lab6_2_bsp/ps7_cortexa9_0/lib -o "lab6_2.elf"  ./src/lab6.o   -Wl,--start-group,-lxil,-lgcc,-lc,--end-group
'Finished building target: lab6_2.elf'
' '
'Invoking: ARM Print Size'
arm-xilinx-eabi-size lab6_2.elf  |tee "lab6_2.elf.size"
   text	   data	    bss	    dec	    hex	filename
  26820	   1216	  22676	  50712	   c618	lab6_2.elf
'Finished building: lab6_2.elf.size'
' '
23:03:46 **** Auto Build of configuration Debug for project lab6_2 ****
make all 
'Building file: ../src/lab6.c'
'Invoking: ARM gcc compiler'
arm-xilinx-eabi-gcc -Wall -O0 -g3 -c -fmessage-length=0 -MT"src/lab6.o" -I../../lab6_2_bsp/ps7_cortexa9_0/include -MMD -MP -MF"src/lab6.d" -MT"src/lab6.d" -o "src/lab6.o" "../src/lab6.c"
../src/lab6.c: In function 'main':
../src/lab6.c:82:5: warning: implicit declaration of function 'MoveBallRIGHT' [-Wimplicit-function-declaration]
     MoveBallRIGHT();
     ^
../src/lab6.c:32:15: warning: unused variable 'i' [-Wunused-variable]
  unsigned int i;
               ^
../src/lab6.c: In function 'MoveBallRight':
../src/lab6.c:89:7: warning: unused variable 'i' [-Wunused-variable]
  char i, EarlyPress;
       ^
../src/lab6.c: In function 'MoveBallLeft':
../src/lab6.c:140:7: warning: unused variable 'i' [-Wunused-variable]
  char i, EarlyPress, leftScore, rightScore;
       ^
'Finished building: ../src/lab6.c'
' '
'Building target: lab6_2.elf'
'Invoking: ARM gcc linker'
arm-xilinx-eabi-gcc -Wl,-T -Wl,../src/lscript.ld -L../../lab6_2_bsp/ps7_cortexa9_0/lib -o "lab6_2.elf"  ./src/lab6.o   -Wl,--start-group,-lxil,-lgcc,-lc,--end-group
./src/lab6.o: In function `main':
C:\xup\embedded\2015_2_zynq_labs\lab6_2\lab6_2.sdk\lab6_2\Debug/../src/lab6.c:82: undefined reference to `MoveBallRIGHT'
collect2.exe: error: ld returned 1 exit status
make: *** [lab6_2.elf] Error 1
23:03:51 **** Auto Build of configuration Debug for project lab6_2 ****
make all 
'Building file: ../src/lab6.c'
'Invoking: ARM gcc compiler'
arm-xilinx-eabi-gcc -Wall -O0 -g3 -c -fmessage-length=0 -MT"src/lab6.o" -I../../lab6_2_bsp/ps7_cortexa9_0/include -MMD -MP -MF"src/lab6.d" -MT"src/lab6.d" -o "src/lab6.o" "../src/lab6.c"
../src/lab6.c: In function 'main':
../src/lab6.c:32:15: warning: unused variable 'i' [-Wunused-variable]
  unsigned int i;
               ^
../src/lab6.c: In function 'MoveBallRight':
../src/lab6.c:89:7: warning: unused variable 'i' [-Wunused-variable]
  char i, EarlyPress;
       ^
../src/lab6.c: In function 'MoveBallLeft':
../src/lab6.c:140:7: warning: unused variable 'i' [-Wunused-variable]
  char i, EarlyPress, leftScore, rightScore;
       ^
'Finished building: ../src/lab6.c'
' '
'Building target: lab6_2.elf'
'Invoking: ARM gcc linker'
arm-xilinx-eabi-gcc -Wl,-T -Wl,../src/lscript.ld -L../../lab6_2_bsp/ps7_cortexa9_0/lib -o "lab6_2.elf"  ./src/lab6.o   -Wl,--start-group,-lxil,-lgcc,-lc,--end-group
'Finished building target: lab6_2.elf'
' '
'Invoking: ARM Print Size'
arm-xilinx-eabi-size lab6_2.elf  |tee "lab6_2.elf.size"
   text	   data	    bss	    dec	    hex	filename
  26820	   1216	  22676	  50712	   c618	lab6_2.elf
'Finished building: lab6_2.elf.size'
' '
23:10:56 **** Incremental Build of configuration Debug for project lab6_2 ****
make all 
make: Nothing to be done for `all'.
23:11:17 **** Incremental Build of configuration Debug for project lab6_2 ****
make all 
make: Nothing to be done for `all'.
23:11:40 **** Incremental Build of configuration Debug for project lab6_2 ****
make all 
make: Nothing to be done for `all'.
23:11:56 **** Incremental Build of configuration Debug for project lab6_2 ****
make all 
make: Nothing to be done for `all'.
23:14:51 **** Auto Build of project lab6_2_bsp ****
make -k all 
"Running Make include in ps7_cortexa9_0/libsrc/bram_v4_0/src"
make -C ps7_cortexa9_0/libsrc/bram_v4_0/src -s include  "SHELL=CMD" "COMPILER=arm-xilinx-eabi-gcc" "ARCHIVER=arm-xilinx-eabi-ar" "COMPILER_FLAGS=  -O2 -c" "EXTRA_COMPILER_FLAGS=-g"
"Running Make include in ps7_cortexa9_0/libsrc/coresightps_dcc_v1_0/src"
make -C ps7_cortexa9_0/libsrc/coresightps_dcc_v1_0/src -s include  "SHELL=CMD" "COMPILER=arm-xilinx-eabi-gcc" "ARCHIVER=arm-xilinx-eabi-ar" "COMPILER_FLAGS=  -O2 -c" "EXTRA_COMPILER_FLAGS=-g"
"Running Make include in ps7_cortexa9_0/libsrc/cpu_cortexa9_v2_1/src"
make -C ps7_cortexa9_0/libsrc/cpu_cortexa9_v2_1/src -s include  "SHELL=CMD" "COMPILER=arm-xilinx-eabi-gcc" "ARCHIVER=arm-xilinx-eabi-ar" "COMPILER_FLAGS=  -O2 -c" "EXTRA_COMPILER_FLAGS=-g"
"Running Make include in ps7_cortexa9_0/libsrc/devcfg_v3_3/src"
make -C ps7_cortexa9_0/libsrc/devcfg_v3_3/src -s include  "SHELL=CMD" "COMPILER=arm-xilinx-eabi-gcc" "ARCHIVER=arm-xilinx-eabi-ar" "COMPILER_FLAGS=  -O2 -c" "EXTRA_COMPILER_FLAGS=-g"
"Running Make include in ps7_cortexa9_0/libsrc/dmaps_v2_1/src"
make -C ps7_cortexa9_0/libsrc/dmaps_v2_1/src -s include  "SHELL=CMD" "COMPILER=arm-xilinx-eabi-gcc" "ARCHIVER=arm-xilinx-eabi-ar" "COMPILER_FLAGS=  -O2 -c" "EXTRA_COMPILER_FLAGS=-g"
"Running Make include in ps7_cortexa9_0/libsrc/gpio_v4_0/src"
make -C ps7_cortexa9_0/libsrc/gpio_v4_0/src -s include  "SHELL=CMD" "COMPILER=arm-xilinx-eabi-gcc" "ARCHIVER=arm-xilinx-eabi-ar" "COMPILER_FLAGS=  -O2 -c" "EXTRA_COMPILER_FLAGS=-g"
"Running Make include in ps7_cortexa9_0/libsrc/led_ip_v1_0/src"
make -C ps7_cortexa9_0/libsrc/led_ip_v1_0/src -s include  "SHELL=CMD" "COMPILER=arm-xilinx-eabi-gcc" "ARCHIVER=arm-xilinx-eabi-ar" "COMPILER_FLAGS=  -O2 -c" "EXTRA_COMPILER_FLAGS=-g"
"Running Make include in ps7_cortexa9_0/libsrc/scugic_v3_0/src"
make -C ps7_cortexa9_0/libsrc/scugic_v3_0/src -s include  "SHELL=CMD" "COMPILER=arm-xilinx-eabi-gcc" "ARCHIVER=arm-xilinx-eabi-ar" "COMPILER_FLAGS=  -O2 -c" "EXTRA_COMPILER_FLAGS=-g"
"Running Make include in ps7_cortexa9_0/libsrc/scutimer_v2_1/src"
make -C ps7_cortexa9_0/libsrc/scutimer_v2_1/src -s include  "SHELL=CMD" "COMPILER=arm-xilinx-eabi-gcc" "ARCHIVER=arm-xilinx-eabi-ar" "COMPILER_FLAGS=  -O2 -c" "EXTRA_COMPILER_FLAGS=-g"
"Running Make include in ps7_cortexa9_0/libsrc/scuwdt_v2_1/src"
make -C ps7_cortexa9_0/libsrc/scuwdt_v2_1/src -s include  "SHELL=CMD" "COMPILER=arm-xilinx-eabi-gcc" "ARCHIVER=arm-xilinx-eabi-ar" "COMPILER_FLAGS=  -O2 -c" "EXTRA_COMPILER_FLAGS=-g"
"Running Make include in ps7_cortexa9_0/libsrc/standalone_v5_1/src"
make -C ps7_cortexa9_0/libsrc/standalone_v5_1/src -s include  "SHELL=CMD" "COMPILER=arm-xilinx-eabi-gcc" "ARCHIVER=arm-xilinx-eabi-ar" "COMPILER_FLAGS=  -O2 -c" "EXTRA_COMPILER_FLAGS=-g"
"Running Make include in ps7_cortexa9_0/libsrc/uartps_v3_0/src"
make -C ps7_cortexa9_0/libsrc/uartps_v3_0/src -s include  "SHELL=CMD" "COMPILER=arm-xilinx-eabi-gcc" "ARCHIVER=arm-xilinx-eabi-ar" "COMPILER_FLAGS=  -O2 -c" "EXTRA_COMPILER_FLAGS=-g"
"Running Make include in ps7_cortexa9_0/libsrc/xadcps_v2_2/src"
make -C ps7_cortexa9_0/libsrc/xadcps_v2_2/src -s include  "SHELL=CMD" "COMPILER=arm-xilinx-eabi-gcc" "ARCHIVER=arm-xilinx-eabi-ar" "COMPILER_FLAGS=  -O2 -c" "EXTRA_COMPILER_FLAGS=-g"
"Running Make libs in ps7_cortexa9_0/libsrc/bram_v4_0/src"
make -C ps7_cortexa9_0/libsrc/bram_v4_0/src -s libs  "SHELL=CMD" "COMPILER=arm-xilinx-eabi-gcc" "ARCHIVER=arm-xilinx-eabi-ar" "COMPILER_FLAGS=  -O2 -c" "EXTRA_COMPILER_FLAGS=-g"
"Compiling bram"
"Running Make libs in ps7_cortexa9_0/libsrc/coresightps_dcc_v1_0/src"
make -C ps7_cortexa9_0/libsrc/coresightps_dcc_v1_0/src -s libs  "SHELL=CMD" "COMPILER=arm-xilinx-eabi-gcc" "ARCHIVER=arm-xilinx-eabi-ar" "COMPILER_FLAGS=  -O2 -c" "EXTRA_COMPILER_FLAGS=-g"
"Compiling coresightps_dcc"
"Running Make libs in ps7_cortexa9_0/libsrc/cpu_cortexa9_v2_1/src"
make -C ps7_cortexa9_0/libsrc/cpu_cortexa9_v2_1/src -s libs  "SHELL=CMD" "COMPILER=arm-xilinx-eabi-gcc" "ARCHIVER=arm-xilinx-eabi-ar" "COMPILER_FLAGS=  -O2 -c" "EXTRA_COMPILER_FLAGS=-g"
"Compiling cpu_cortexa9"
"Running Make libs in ps7_cortexa9_0/libsrc/devcfg_v3_3/src"
make -C ps7_cortexa9_0/libsrc/devcfg_v3_3/src -s libs  "SHELL=CMD" "COMPILER=arm-xilinx-eabi-gcc" "ARCHIVER=arm-xilinx-eabi-ar" "COMPILER_FLAGS=  -O2 -c" "EXTRA_COMPILER_FLAGS=-g"
"Compiling devcfg"
"Running Make libs in ps7_cortexa9_0/libsrc/dmaps_v2_1/src"
make -C ps7_cortexa9_0/libsrc/dmaps_v2_1/src -s libs  "SHELL=CMD" "COMPILER=arm-xilinx-eabi-gcc" "ARCHIVER=arm-xilinx-eabi-ar" "COMPILER_FLAGS=  -O2 -c" "EXTRA_COMPILER_FLAGS=-g"
"Compiling dmaps"
"Running Make libs in ps7_cortexa9_0/libsrc/gpio_v4_0/src"
make -C ps7_cortexa9_0/libsrc/gpio_v4_0/src -s libs  "SHELL=CMD" "COMPILER=arm-xilinx-eabi-gcc" "ARCHIVER=arm-xilinx-eabi-ar" "COMPILER_FLAGS=  -O2 -c" "EXTRA_COMPILER_FLAGS=-g"
"Compiling gpio"
"Running Make libs in ps7_cortexa9_0/libsrc/led_ip_v1_0/src"
make -C ps7_cortexa9_0/libsrc/led_ip_v1_0/src -s libs  "SHELL=CMD" "COMPILER=arm-xilinx-eabi-gcc" "ARCHIVER=arm-xilinx-eabi-ar" "COMPILER_FLAGS=  -O2 -c" "EXTRA_COMPILER_FLAGS=-g"
"Compiling led_ip..."
"Running Make libs in ps7_cortexa9_0/libsrc/scugic_v3_0/src"
make -C ps7_cortexa9_0/libsrc/scugic_v3_0/src -s libs  "SHELL=CMD" "COMPILER=arm-xilinx-eabi-gcc" "ARCHIVER=arm-xilinx-eabi-ar" "COMPILER_FLAGS=  -O2 -c" "EXTRA_COMPILER_FLAGS=-g"
"Compiling scugic"
"Running Make libs in ps7_cortexa9_0/libsrc/scutimer_v2_1/src"
make -C ps7_cortexa9_0/libsrc/scutimer_v2_1/src -s libs  "SHELL=CMD" "COMPILER=arm-xilinx-eabi-gcc" "ARCHIVER=arm-xilinx-eabi-ar" "COMPILER_FLAGS=  -O2 -c" "EXTRA_COMPILER_FLAGS=-g"
"Compiling scutimer"
"Running Make libs in ps7_cortexa9_0/libsrc/scuwdt_v2_1/src"
make -C ps7_cortexa9_0/libsrc/scuwdt_v2_1/src -s libs  "SHELL=CMD" "COMPILER=arm-xilinx-eabi-gcc" "ARCHIVER=arm-xilinx-eabi-ar" "COMPILER_FLAGS=  -O2 -c" "EXTRA_COMPILER_FLAGS=-g"
"Compiling scuwdt"
"Running Make libs in ps7_cortexa9_0/libsrc/standalone_v5_1/src"
make -C ps7_cortexa9_0/libsrc/standalone_v5_1/src -s libs  "SHELL=CMD" "COMPILER=arm-xilinx-eabi-gcc" "ARCHIVER=arm-xilinx-eabi-ar" "COMPILER_FLAGS=  -O2 -c" "EXTRA_COMPILER_FLAGS=-g"
"Compiling standalone"
"Running Make libs in ps7_cortexa9_0/libsrc/uartps_v3_0/src"
make -C ps7_cortexa9_0/libsrc/uartps_v3_0/src -s libs  "SHELL=CMD" "COMPILER=arm-xilinx-eabi-gcc" "ARCHIVER=arm-xilinx-eabi-ar" "COMPILER_FLAGS=  -O2 -c" "EXTRA_COMPILER_FLAGS=-g"
"Compiling uartps"
"Running Make libs in ps7_cortexa9_0/libsrc/xadcps_v2_2/src"
make -C ps7_cortexa9_0/libsrc/xadcps_v2_2/src -s libs  "SHELL=CMD" "COMPILER=arm-xilinx-eabi-gcc" "ARCHIVER=arm-xilinx-eabi-ar" "COMPILER_FLAGS=  -O2 -c" "EXTRA_COMPILER_FLAGS=-g"
"Compiling xadcps"
'Finished building libraries'
23:15:03 **** Auto Build of configuration Debug for project lab6_2 ****
make all 
'Building file: ../src/lab6.c'
'Invoking: ARM gcc compiler'
arm-xilinx-eabi-gcc -Wall -O0 -g3 -c -fmessage-length=0 -MT"src/lab6.o" -I../../lab6_2_bsp/ps7_cortexa9_0/include -MMD -MP -MF"src/lab6.d" -MT"src/lab6.d" -o "src/lab6.o" "../src/lab6.c"
../src/lab6.c: In function 'main':
../src/lab6.c:32:15: warning: unused variable 'i' [-Wunused-variable]
  unsigned int i;
               ^
../src/lab6.c: In function 'MoveBallRight':
../src/lab6.c:89:7: warning: unused variable 'i' [-Wunused-variable]
  char i, EarlyPress;
       ^
../src/lab6.c: In function 'MoveBallLeft':
../src/lab6.c:140:7: warning: unused variable 'i' [-Wunused-variable]
  char i, EarlyPress, leftScore, rightScore;
       ^
'Finished building: ../src/lab6.c'
' '
'Building target: lab6_2.elf'
'Invoking: ARM gcc linker'
arm-xilinx-eabi-gcc -Wl,-T -Wl,../src/lscript.ld -L../../lab6_2_bsp/ps7_cortexa9_0/lib -o "lab6_2.elf"  ./src/lab6.o   -Wl,--start-group,-lxil,-lgcc,-lc,--end-group
'Finished building target: lab6_2.elf'
' '
'Invoking: ARM Print Size'
arm-xilinx-eabi-size lab6_2.elf  |tee "lab6_2.elf.size"
   text	   data	    bss	    dec	    hex	filename
  26820	   1216	  22676	  50712	   c618	lab6_2.elf
'Finished building: lab6_2.elf.size'
' '
23:16:03 **** Incremental Build of configuration Debug for project lab6_2 ****
make all 
make: Nothing to be done for `all'.
23:21:42 **** Auto Build of configuration Debug for project lab6_2 ****
make all 
'Building file: ../src/lab6.c'
'Invoking: ARM gcc compiler'
arm-xilinx-eabi-gcc -Wall -O0 -g3 -c -fmessage-length=0 -MT"src/lab6.o" -I../../lab6_2_bsp/ps7_cortexa9_0/include -MMD -MP -MF"src/lab6.d" -MT"src/lab6.d" -o "src/lab6.o" "../src/lab6.c"
../src/lab6.c: In function 'main':
../src/lab6.c:32:15: warning: unused variable 'i' [-Wunused-variable]
  unsigned int i;
               ^
../src/lab6.c: In function 'MoveBallRight':
../src/lab6.c:90:7: warning: unused variable 'i' [-Wunused-variable]
  char i, EarlyPress, leftScore, rightScore;
       ^
../src/lab6.c: In function 'MoveBallLeft':
../src/lab6.c:141:7: warning: unused variable 'i' [-Wunused-variable]
  char i, EarlyPress, leftScore, rightScore;
       ^
'Finished building: ../src/lab6.c'
' '
'Building target: lab6_2.elf'
'Invoking: ARM gcc linker'
arm-xilinx-eabi-gcc -Wl,-T -Wl,../src/lscript.ld -L../../lab6_2_bsp/ps7_cortexa9_0/lib -o "lab6_2.elf"  ./src/lab6.o   -Wl,--start-group,-lxil,-lgcc,-lc,--end-group
'Finished building target: lab6_2.elf'
' '
'Invoking: ARM Print Size'
arm-xilinx-eabi-size lab6_2.elf  |tee "lab6_2.elf.size"
   text	   data	    bss	    dec	    hex	filename
  26900	   1216	  22676	  50792	   c668	lab6_2.elf
'Finished building: lab6_2.elf.size'
' '
23:22:03 **** Auto Build of configuration Debug for project lab6_2 ****
make all 
'Building file: ../src/lab6.c'
'Invoking: ARM gcc compiler'
arm-xilinx-eabi-gcc -Wall -O0 -g3 -c -fmessage-length=0 -MT"src/lab6.o" -I../../lab6_2_bsp/ps7_cortexa9_0/include -MMD -MP -MF"src/lab6.d" -MT"src/lab6.d" -o "src/lab6.o" "../src/lab6.c"
../src/lab6.c: In function 'main':
../src/lab6.c:32:15: warning: unused variable 'i' [-Wunused-variable]
  unsigned int i;
               ^
../src/lab6.c: In function 'MoveBallRight':
../src/lab6.c:90:7: warning: unused variable 'i' [-Wunused-variable]
  char i, EarlyPress, leftScore, rightScore;
       ^
../src/lab6.c: In function 'MoveBallLeft':
../src/lab6.c:141:7: warning: unused variable 'i' [-Wunused-variable]
  char i, EarlyPress, leftScore, rightScore;
       ^
'Finished building: ../src/lab6.c'
' '
'Building target: lab6_2.elf'
'Invoking: ARM gcc linker'
arm-xilinx-eabi-gcc -Wl,-T -Wl,../src/lscript.ld -L../../lab6_2_bsp/ps7_cortexa9_0/lib -o "lab6_2.elf"  ./src/lab6.o   -Wl,--start-group,-lxil,-lgcc,-lc,--end-group
'Finished building target: lab6_2.elf'
' '
'Invoking: ARM Print Size'
arm-xilinx-eabi-size lab6_2.elf  |tee "lab6_2.elf.size"
   text	   data	    bss	    dec	    hex	filename
  26900	   1216	  22676	  50792	   c668	lab6_2.elf
'Finished building: lab6_2.elf.size'
' '
23:22:32 **** Incremental Build of configuration Debug for project lab6_2 ****
make all 
make: Nothing to be done for `all'.
23:23:45 **** Incremental Build of configuration Debug for project lab6_2 ****
make all 
make: Nothing to be done for `all'.
23:24:33 **** Incremental Build of configuration Debug for project lab6_2 ****
make all 
make: Nothing to be done for `all'.
12:16:49 **** Incremental Build of configuration Debug for project lab5 ****
make all 
make: Nothing to be done for `all'.
12:19:06 **** Incremental Build of configuration Debug for project lab5 ****
make all 
make: Nothing to be done for `all'.
13:02:08 **** Incremental Build of configuration Debug for project lab6_2 ****
make all 
make: Nothing to be done for `all'.
13:03:07 **** Incremental Build of configuration Debug for project lab6_2 ****
make all 
make: Nothing to be done for `all'.
