"Running Make libs in ps7_cortexa9_0/libsrc/tmrctr_v3_0/src"
make -C ps7_cortexa9_0/libsrc/tmrctr_v3_0/src -s libs  "SHELL=CMD" "COMPILER=arm-xilinx-eabi-gcc" "ARCHIVER=arm-xilinx-eabi-ar" "COMPILER_FLAGS=  -O2 -c" "EXTRA_COMPILER_FLAGS=-g"
"Compiling tmrctr"
"Running Make libs in ps7_cortexa9_0/libsrc/ttcps_v3_0/src"
make -C ps7_cortexa9_0/libsrc/ttcps_v3_0/src -s libs  "SHELL=CMD" "COMPILER=arm-xilinx-eabi-gcc" "ARCHIVER=arm-xilinx-eabi-ar" "COMPILER_FLAGS=  -O2 -c" "EXTRA_COMPILER_FLAGS=-g"
"Compiling ttcps"
"Running Make libs in ps7_cortexa9_0/libsrc/uartps_v3_0/src"
make -C ps7_cortexa9_0/libsrc/uartps_v3_0/src -s libs  "SHELL=CMD" "COMPILER=arm-xilinx-eabi-gcc" "ARCHIVER=arm-xilinx-eabi-ar" "COMPILER_FLAGS=  -O2 -c" "EXTRA_COMPILER_FLAGS=-g"
"Compiling uartps"
"Running Make libs in ps7_cortexa9_0/libsrc/usbps_v2_2/src"
make -C ps7_cortexa9_0/libsrc/usbps_v2_2/src -s libs  "SHELL=CMD" "COMPILER=arm-xilinx-eabi-gcc" "ARCHIVER=arm-xilinx-eabi-ar" "COMPILER_FLAGS=  -O2 -c" "EXTRA_COMPILER_FLAGS=-g"
"Compiling usbps"
"Running Make libs in ps7_cortexa9_0/libsrc/xadcps_v2_2/src"
make -C ps7_cortexa9_0/libsrc/xadcps_v2_2/src -s libs  "SHELL=CMD" "COMPILER=arm-xilinx-eabi-gcc" "ARCHIVER=arm-xilinx-eabi-ar" "COMPILER_FLAGS=  -O2 -c" "EXTRA_COMPILER_FLAGS=-g"
"Compiling xadcps"
'Finished building libraries'
23:46:44 **** Clean-only build of configuration Debug for project interruot_counter ****
make clean 
rm -rf  ./src/interrupt_counter_2B.o  ./src/interrupt_counter_2B.d  interruot_counter.elf.size  interruot_counter.elf
' '
23:46:44 **** Clean-only build of project interruot_counter_bsp ****
make -k clean 
rm -f ps7_cortexa9_0/lib/libxil.a
23:46:44 **** Build of project interruot_counter_bsp ****
make -k all 
"Running Make include in ps7_cortexa9_0/libsrc/coresightps_dcc_v1_0/src"
make -C ps7_cortexa9_0/libsrc/coresightps_dcc_v1_0/src -s include  "SHELL=CMD" "COMPILER=arm-xilinx-eabi-gcc" "ARCHIVER=arm-xilinx-eabi-ar" "COMPILER_FLAGS=  -O2 -c" "EXTRA_COMPILER_FLAGS=-g"
"Running Make include in ps7_cortexa9_0/libsrc/cpu_cortexa9_v2_1/src"
make -C ps7_cortexa9_0/libsrc/cpu_cortexa9_v2_1/src -s include  "SHELL=CMD" "COMPILER=arm-xilinx-eabi-gcc" "ARCHIVER=arm-xilinx-eabi-ar" "COMPILER_FLAGS=  -O2 -c" "EXTRA_COMPILER_FLAGS=-g"
"Running Make include in ps7_cortexa9_0/libsrc/devcfg_v3_3/src"
make -C ps7_cortexa9_0/libsrc/devcfg_v3_3/src -s include  "SHELL=CMD" "COMPILER=arm-xilinx-eabi-gcc" "ARCHIVER=arm-xilinx-eabi-ar" "COMPILER_FLAGS=  -O2 -c" "EXTRA_COMPILER_FLAGS=-g"
"Running Make include in ps7_cortexa9_0/libsrc/dmaps_v2_1/src"
make -C ps7_cortexa9_0/libsrc/dmaps_v2_1/src -s include  "SHELL=CMD" "COMPILER=arm-xilinx-eabi-gcc" "ARCHIVER=arm-xilinx-eabi-ar" "COMPILER_FLAGS=  -O2 -c" "EXTRA_COMPILER_FLAGS=-g"
"Running Make include in ps7_cortexa9_0/libsrc/gpio_v4_0/src"
make -C ps7_cortexa9_0/libsrc/gpio_v4_0/src -s include  "SHELL=CMD" "COMPILER=arm-xilinx-eabi-gcc" "ARCHIVER=arm-xilinx-eabi-ar" "COMPILER_FLAGS=  -O2 -c" "EXTRA_COMPILER_FLAGS=-g"
"Running Make include in ps7_cortexa9_0/libsrc/gpiops_v3_0/src"
make -C ps7_cortexa9_0/libsrc/gpiops_v3_0/src -s include  "SHELL=CMD" "COMPILER=arm-xilinx-eabi-gcc" "ARCHIVER=arm-xilinx-eabi-ar" "COMPILER_FLAGS=  -O2 -c" "EXTRA_COMPILER_FLAGS=-g"
"Running Make include in ps7_cortexa9_0/libsrc/qspips_v3_2/src"
make -C ps7_cortexa9_0/libsrc/qspips_v3_2/src -s include  "SHELL=CMD" "COMPILER=arm-xilinx-eabi-gcc" "ARCHIVER=arm-xilinx-eabi-ar" "COMPILER_FLAGS=  -O2 -c" "EXTRA_COMPILER_FLAGS=-g"
"Running Make include in ps7_cortexa9_0/libsrc/scugic_v3_0/src"
make -C ps7_cortexa9_0/libsrc/scugic_v3_0/src -s include  "SHELL=CMD" "COMPILER=arm-xilinx-eabi-gcc" "ARCHIVER=arm-xilinx-eabi-ar" "COMPILER_FLAGS=  -O2 -c" "EXTRA_COMPILER_FLAGS=-g"
"Running Make include in ps7_cortexa9_0/libsrc/scutimer_v2_1/src"
make -C ps7_cortexa9_0/libsrc/scutimer_v2_1/src -s include  "SHELL=CMD" "COMPILER=arm-xilinx-eabi-gcc" "ARCHIVER=arm-xilinx-eabi-ar" "COMPILER_FLAGS=  -O2 -c" "EXTRA_COMPILER_FLAGS=-g"
"Running Make include in ps7_cortexa9_0/libsrc/scuwdt_v2_1/src"
make -C ps7_cortexa9_0/libsrc/scuwdt_v2_1/src -s include  "SHELL=CMD" "COMPILER=arm-xilinx-eabi-gcc" "ARCHIVER=arm-xilinx-eabi-ar" "COMPILER_FLAGS=  -O2 -c" "EXTRA_COMPILER_FLAGS=-g"
"Running Make include in ps7_cortexa9_0/libsrc/standalone_v5_1/src"
make -C ps7_cortexa9_0/libsrc/standalone_v5_1/src -s include  "SHELL=CMD" "COMPILER=arm-xilinx-eabi-gcc" "ARCHIVER=arm-xilinx-eabi-ar" "COMPILER_FLAGS=  -O2 -c" "EXTRA_COMPILER_FLAGS=-g"
"Running Make include in ps7_cortexa9_0/libsrc/tmrctr_v3_0/src"
make -C ps7_cortexa9_0/libsrc/tmrctr_v3_0/src -s include  "SHELL=CMD" "COMPILER=arm-xilinx-eabi-gcc" "ARCHIVER=arm-xilinx-eabi-ar" "COMPILER_FLAGS=  -O2 -c" "EXTRA_COMPILER_FLAGS=-g"
"Running Make include in ps7_cortexa9_0/libsrc/ttcps_v3_0/src"
make -C ps7_cortexa9_0/libsrc/ttcps_v3_0/src -s include  "SHELL=CMD" "COMPILER=arm-xilinx-eabi-gcc" "ARCHIVER=arm-xilinx-eabi-ar" "COMPILER_FLAGS=  -O2 -c" "EXTRA_COMPILER_FLAGS=-g"
"Running Make include in ps7_cortexa9_0/libsrc/uartps_v3_0/src"
make -C ps7_cortexa9_0/libsrc/uartps_v3_0/src -s include  "SHELL=CMD" "COMPILER=arm-xilinx-eabi-gcc" "ARCHIVER=arm-xilinx-eabi-ar" "COMPILER_FLAGS=  -O2 -c" "EXTRA_COMPILER_FLAGS=-g"
"Running Make include in ps7_cortexa9_0/libsrc/usbps_v2_2/src"
make -C ps7_cortexa9_0/libsrc/usbps_v2_2/src -s include  "SHELL=CMD" "COMPILER=arm-xilinx-eabi-gcc" "ARCHIVER=arm-xilinx-eabi-ar" "COMPILER_FLAGS=  -O2 -c" "EXTRA_COMPILER_FLAGS=-g"
"Running Make include in ps7_cortexa9_0/libsrc/xadcps_v2_2/src"
make -C ps7_cortexa9_0/libsrc/xadcps_v2_2/src -s include  "SHELL=CMD" "COMPILER=arm-xilinx-eabi-gcc" "ARCHIVER=arm-xilinx-eabi-ar" "COMPILER_FLAGS=  -O2 -c" "EXTRA_COMPILER_FLAGS=-g"
"Running Make libs in ps7_cortexa9_0/libsrc/coresightps_dcc_v1_0/src"
make -C ps7_cortexa9_0/libsrc/coresightps_dcc_v1_0/src -s libs  "SHELL=CMD" "COMPILER=arm-xilinx-eabi-gcc" "ARCHIVER=arm-xilinx-eabi-ar" "COMPILER_FLAGS=  -O2 -c" "EXTRA_COMPILER_FLAGS=-g"
"Compiling coresightps_dcc"
arm-xilinx-eabi-ar: creating ../../../lib/libxil.a
"Running Make libs in ps7_cortexa9_0/libsrc/cpu_cortexa9_v2_1/src"
make -C ps7_cortexa9_0/libsrc/cpu_cortexa9_v2_1/src -s libs  "SHELL=CMD" "COMPILER=arm-xilinx-eabi-gcc" "ARCHIVER=arm-xilinx-eabi-ar" "COMPILER_FLAGS=  -O2 -c" "EXTRA_COMPILER_FLAGS=-g"
"Compiling cpu_cortexa9"
"Running Make libs in ps7_cortexa9_0/libsrc/devcfg_v3_3/src"
make -C ps7_cortexa9_0/libsrc/devcfg_v3_3/src -s libs  "SHELL=CMD" "COMPILER=arm-xilinx-eabi-gcc" "ARCHIVER=arm-xilinx-eabi-ar" "COMPILER_FLAGS=  -O2 -c" "EXTRA_COMPILER_FLAGS=-g"
"Compiling devcfg"
"Running Make libs in ps7_cortexa9_0/libsrc/dmaps_v2_1/src"
make -C ps7_cortexa9_0/libsrc/dmaps_v2_1/src -s libs  "SHELL=CMD" "COMPILER=arm-xilinx-eabi-gcc" "ARCHIVER=arm-xilinx-eabi-ar" "COMPILER_FLAGS=  -O2 -c" "EXTRA_COMPILER_FLAGS=-g"
"Compiling dmaps"
"Running Make libs in ps7_cortexa9_0/libsrc/gpio_v4_0/src"
make -C ps7_cortexa9_0/libsrc/gpio_v4_0/src -s libs  "SHELL=CMD" "COMPILER=arm-xilinx-eabi-gcc" "ARCHIVER=arm-xilinx-eabi-ar" "COMPILER_FLAGS=  -O2 -c" "EXTRA_COMPILER_FLAGS=-g"
"Compiling gpio"
"Running Make libs in ps7_cortexa9_0/libsrc/gpiops_v3_0/src"
make -C ps7_cortexa9_0/libsrc/gpiops_v3_0/src -s libs  "SHELL=CMD" "COMPILER=arm-xilinx-eabi-gcc" "ARCHIVER=arm-xilinx-eabi-ar" "COMPILER_FLAGS=  -O2 -c" "EXTRA_COMPILER_FLAGS=-g"
"Compiling gpiops"
"Running Make libs in ps7_cortexa9_0/libsrc/qspips_v3_2/src"
make -C ps7_cortexa9_0/libsrc/qspips_v3_2/src -s libs  "SHELL=CMD" "COMPILER=arm-xilinx-eabi-gcc" "ARCHIVER=arm-xilinx-eabi-ar" "COMPILER_FLAGS=  -O2 -c" "EXTRA_COMPILER_FLAGS=-g"
"Compiling qspips"
"Running Make libs in ps7_cortexa9_0/libsrc/scugic_v3_0/src"
make -C ps7_cortexa9_0/libsrc/scugic_v3_0/src -s libs  "SHELL=CMD" "COMPILER=arm-xilinx-eabi-gcc" "ARCHIVER=arm-xilinx-eabi-ar" "COMPILER_FLAGS=  -O2 -c" "EXTRA_COMPILER_FLAGS=-g"
"Compiling scugic"
"Running Make libs in ps7_cortexa9_0/libsrc/scutimer_v2_1/src"
make -C ps7_cortexa9_0/libsrc/scutimer_v2_1/src -s libs  "SHELL=CMD" "COMPILER=arm-xilinx-eabi-gcc" "ARCHIVER=arm-xilinx-eabi-ar" "COMPILER_FLAGS=  -O2 -c" "EXTRA_COMPILER_FLAGS=-g"
"Compiling scutimer"
"Running Make libs in ps7_cortexa9_0/libsrc/scuwdt_v2_1/src"
make -C ps7_cortexa9_0/libsrc/scuwdt_v2_1/src -s libs  "SHELL=CMD" "COMPILER=arm-xilinx-eabi-gcc" "ARCHIVER=arm-xilinx-eabi-ar" "COMPILER_FLAGS=  -O2 -c" "EXTRA_COMPILER_FLAGS=-g"
"Compiling scuwdt"
"Running Make libs in ps7_cortexa9_0/libsrc/standalone_v5_1/src"
make -C ps7_cortexa9_0/libsrc/standalone_v5_1/src -s libs  "SHELL=CMD" "COMPILER=arm-xilinx-eabi-gcc" "ARCHIVER=arm-xilinx-eabi-ar" "COMPILER_FLAGS=  -O2 -c" "EXTRA_COMPILER_FLAGS=-g"
"Compiling standalone"
"Running Make libs in ps7_cortexa9_0/libsrc/tmrctr_v3_0/src"
make -C ps7_cortexa9_0/libsrc/tmrctr_v3_0/src -s libs  "SHELL=CMD" "COMPILER=arm-xilinx-eabi-gcc" "ARCHIVER=arm-xilinx-eabi-ar" "COMPILER_FLAGS=  -O2 -c" "EXTRA_COMPILER_FLAGS=-g"
"Compiling tmrctr"
"Running Make libs in ps7_cortexa9_0/libsrc/ttcps_v3_0/src"
make -C ps7_cortexa9_0/libsrc/ttcps_v3_0/src -s libs  "SHELL=CMD" "COMPILER=arm-xilinx-eabi-gcc" "ARCHIVER=arm-xilinx-eabi-ar" "COMPILER_FLAGS=  -O2 -c" "EXTRA_COMPILER_FLAGS=-g"
"Compiling ttcps"
"Running Make libs in ps7_cortexa9_0/libsrc/uartps_v3_0/src"
make -C ps7_cortexa9_0/libsrc/uartps_v3_0/src -s libs  "SHELL=CMD" "COMPILER=arm-xilinx-eabi-gcc" "ARCHIVER=arm-xilinx-eabi-ar" "COMPILER_FLAGS=  -O2 -c" "EXTRA_COMPILER_FLAGS=-g"
"Compiling uartps"
"Running Make libs in ps7_cortexa9_0/libsrc/usbps_v2_2/src"
make -C ps7_cortexa9_0/libsrc/usbps_v2_2/src -s libs  "SHELL=CMD" "COMPILER=arm-xilinx-eabi-gcc" "ARCHIVER=arm-xilinx-eabi-ar" "COMPILER_FLAGS=  -O2 -c" "EXTRA_COMPILER_FLAGS=-g"
"Compiling usbps"
"Running Make libs in ps7_cortexa9_0/libsrc/xadcps_v2_2/src"
make -C ps7_cortexa9_0/libsrc/xadcps_v2_2/src -s libs  "SHELL=CMD" "COMPILER=arm-xilinx-eabi-gcc" "ARCHIVER=arm-xilinx-eabi-ar" "COMPILER_FLAGS=  -O2 -c" "EXTRA_COMPILER_FLAGS=-g"
"Compiling xadcps"
'Finished building libraries'
23:47:00 **** Build of configuration Debug for project interruot_counter ****
make all 
'Building file: ../src/interrupt_counter_2B.c'
'Invoking: ARM gcc compiler'
arm-xilinx-eabi-gcc -Wall -O0 -g3 -c -fmessage-length=0 -MT"src/interrupt_counter_2B.o" -I../../interruot_counter_bsp/ps7_cortexa9_0/include -MMD -MP -MF"src/interrupt_counter_2B.d" -MT"src/interrupt_counter_2B.d" -o "src/interrupt_counter_2B.o" "../src/interrupt_counter_2B.c"
../src/interrupt_counter_2B.c: In function 'main':
../src/interrupt_counter_2B.c:207:2: warning: passing argument 2 of 'XTmrCtr_SetHandler' from incompatible pointer type
  XTmrCtr_SetHandler(&TMRInst, TMR_Intr_Handler, &TMRInst);
  ^
In file included from ../src/interrupt_counter_2B.c:6:0:
../../interruot_counter_bsp/ps7_cortexa9_0/include/xtmrctr.h:293:6: note: expected 'XTmrCtr_Handler' but argument is of type 'void (*)(void *)'
 void XTmrCtr_SetHandler(XTmrCtr * InstancePtr, XTmrCtr_Handler FuncPtr,
      ^
../src/interrupt_counter_2B.c: At top level:
../src/interrupt_counter_2B.c:37:12: warning: 'tmr_count' defined but not used [-Wunused-variable]
 static int tmr_count;
            ^
'Finished building: ../src/interrupt_counter_2B.c'
' '
'Building target: interruot_counter.elf'
'Invoking: ARM gcc linker'
arm-xilinx-eabi-gcc -Wl,-T -Wl,../src/lscript.ld -L../../interruot_counter_bsp/ps7_cortexa9_0/lib -o "interruot_counter.elf"  ./src/interrupt_counter_2B.o   -Wl,--start-group,-lxil,-lgcc,-lc,--end-group
'Finished building target: interruot_counter.elf'
' '
'Invoking: ARM Print Size'
arm-xilinx-eabi-size interruot_counter.elf  |tee "interruot_counter.elf.size"
   text	   data	    bss	    dec	    hex	filename
  33072	   2000	  22724	  57796	   e1c4	interruot_counter.elf
'Finished building: interruot_counter.elf.size'
' '
23:47:19 **** Incremental Build of configuration Debug for project interruot_counter ****
make all 
make: Nothing to be done for `all'.
23:50:10 **** Auto Build of configuration Debug for project interruot_counter ****
make all 
'Building file: ../src/interrupt_counter_2B.c'
'Invoking: ARM gcc compiler'
arm-xilinx-eabi-gcc -Wall -O0 -g3 -c -fmessage-length=0 -MT"src/interrupt_counter_2B.o" -I../../interruot_counter_bsp/ps7_cortexa9_0/include -MMD -MP -MF"src/interrupt_counter_2B.d" -MT"src/interrupt_counter_2B.d" -o "src/interrupt_counter_2B.o" "../src/interrupt_counter_2B.c"
../src/interrupt_counter_2B.c:4:20: fatal error: led_ip.h: No such file or directory
 #include "led_ip.h"
                    ^
compilation terminated.
make: *** [src/interrupt_counter_2B.o] Error 1
23:50:28 **** Auto Build of configuration Debug for project interruot_counter ****
make all 
'Building file: ../src/interrupt_counter_2B.c'
'Invoking: ARM gcc compiler'
arm-xilinx-eabi-gcc -Wall -O0 -g3 -c -fmessage-length=0 -MT"src/interrupt_counter_2B.o" -I../../interruot_counter_bsp/ps7_cortexa9_0/include -MMD -MP -MF"src/interrupt_counter_2B.d" -MT"src/interrupt_counter_2B.d" -o "src/interrupt_counter_2B.o" "../src/interrupt_counter_2B.c"
../src/interrupt_counter_2B.c: In function 'main':
../src/interrupt_counter_2B.c:80:25: error: 'XPAR_SWITCHES_DEVICE_ID' undeclared (first use in this function)
  XGpio_Initialize(&dip, XPAR_SWITCHES_DEVICE_ID);
                         ^
../src/interrupt_counter_2B.c:80:25: note: each undeclared identifier is reported only once for each function it appears in
../src/interrupt_counter_2B.c:83:26: error: 'XPAR_BUTTONS_DEVICE_ID' undeclared (first use in this function)
  XGpio_Initialize(&push, XPAR_BUTTONS_DEVICE_ID);
                          ^
../src/interrupt_counter_2B.c:100:2: warning: passing argument 2 of 'XTmrCtr_SetHandler' from incompatible pointer type
  XTmrCtr_SetHandler(&TMRInst, TMR_Intr_Handler, &TMRInst);
  ^
In file included from ../src/interrupt_counter_2B.c:6:0:
../../interruot_counter_bsp/ps7_cortexa9_0/include/xtmrctr.h:293:6: note: expected 'XTmrCtr_Handler' but argument is of type 'void (*)(void *)'
 void XTmrCtr_SetHandler(XTmrCtr * InstancePtr, XTmrCtr_Handler FuncPtr,
      ^
../src/interrupt_counter_2B.c:66:15: warning: unused variable 'i' [-Wunused-variable]
  unsigned int i;
               ^
../src/interrupt_counter_2B.c: In function 'MoveBallRight':
../src/interrupt_counter_2B.c:163:4: warning: implicit declaration of function 'LED_IP_mWriteReg' [-Wimplicit-function-declaration]
    LED_IP_mWriteReg(XPAR_LED_IP_S_AXI_BASEADDR, 0,
    ^
../src/interrupt_counter_2B.c:163:21: error: 'XPAR_LED_IP_S_AXI_BASEADDR' undeclared (first use in this function)
    LED_IP_mWriteReg(XPAR_LED_IP_S_AXI_BASEADDR, 0,
                     ^
../src/interrupt_counter_2B.c:144:7: warning: unused variable 'i' [-Wunused-variable]
  char i, EarlyPress, leftScore, rightScore;
       ^
../src/interrupt_counter_2B.c: In function 'MoveBallLeft':
../src/interrupt_counter_2B.c:221:21: error: 'XPAR_LED_IP_S_AXI_BASEADDR' undeclared (first use in this function)
    LED_IP_mWriteReg(XPAR_LED_IP_S_AXI_BASEADDR, 0,
                     ^
../src/interrupt_counter_2B.c:195:7: warning: unused variable 'i' [-Wunused-variable]
  char i, EarlyPress, leftScore, rightScore;
       ^
../src/interrupt_counter_2B.c: In function 'IntcInitFunction':
../src/interrupt_counter_2B.c:20:32: error: 'XPAR_FABRIC_BUTTONS_IP2INTC_IRPT_INTR' undeclared (first use in this function)
 #define INTC_GPIO_INTERRUPT_ID XPAR_FABRIC_BUTTONS_IP2INTC_IRPT_INTR
                                ^
../src/interrupt_counter_2B.c:395:2: note: in expansion of macro 'INTC_GPIO_INTERRUPT_ID'
  INTC_GPIO_INTERRUPT_ID, (Xil_ExceptionHandler) BTN_Intr_Handler,
  ^
../src/interrupt_counter_2B.c: At top level:
../src/interrupt_counter_2B.c:31:12: warning: 'tmr_count' defined but not used [-Wunused-variable]
 static int tmr_count;
            ^
make: *** [src/interrupt_counter_2B.o] Error 1
23:50:42 **** Auto Build of configuration Debug for project interruot_counter ****
make all 
'Building file: ../src/interrupt_counter_2B.c'
'Invoking: ARM gcc compiler'
arm-xilinx-eabi-gcc -Wall -O0 -g3 -c -fmessage-length=0 -MT"src/interrupt_counter_2B.o" -I../../interruot_counter_bsp/ps7_cortexa9_0/include -MMD -MP -MF"src/interrupt_counter_2B.d" -MT"src/interrupt_counter_2B.d" -o "src/interrupt_counter_2B.o" "../src/interrupt_counter_2B.c"
../src/interrupt_counter_2B.c: In function 'main':
../src/interrupt_counter_2B.c:80:25: error: 'XPAR_SWITCHES_DEVICE_ID' undeclared (first use in this function)
  XGpio_Initialize(&dip, XPAR_SWITCHES_DEVICE_ID);
                         ^
../src/interrupt_counter_2B.c:80:25: note: each undeclared identifier is reported only once for each function it appears in
../src/interrupt_counter_2B.c:83:26: error: 'XPAR_BUTTONS_DEVICE_ID' undeclared (first use in this function)
  XGpio_Initialize(&push, XPAR_BUTTONS_DEVICE_ID);
                          ^
../src/interrupt_counter_2B.c:100:2: warning: passing argument 2 of 'XTmrCtr_SetHandler' from incompatible pointer type
  XTmrCtr_SetHandler(&TMRInst, TMR_Intr_Handler, &TMRInst);
  ^
In file included from ../src/interrupt_counter_2B.c:6:0:
../../interruot_counter_bsp/ps7_cortexa9_0/include/xtmrctr.h:293:6: note: expected 'XTmrCtr_Handler' but argument is of type 'void (*)(void *)'
 void XTmrCtr_SetHandler(XTmrCtr * InstancePtr, XTmrCtr_Handler FuncPtr,
      ^
../src/interrupt_counter_2B.c:66:15: warning: unused variable 'i' [-Wunused-variable]
  unsigned int i;
               ^
../src/interrupt_counter_2B.c: In function 'MoveBallRight':
../src/interrupt_counter_2B.c:163:4: warning: implicit declaration of function 'LED_IP_mWriteReg' [-Wimplicit-function-declaration]
    LED_IP_mWriteReg(XPAR_LED_IP_S_AXI_BASEADDR, 0,
    ^
../src/interrupt_counter_2B.c:163:21: error: 'XPAR_LED_IP_S_AXI_BASEADDR' undeclared (first use in this function)
    LED_IP_mWriteReg(XPAR_LED_IP_S_AXI_BASEADDR, 0,
                     ^
../src/interrupt_counter_2B.c:144:7: warning: unused variable 'i' [-Wunused-variable]
  char i, EarlyPress, leftScore, rightScore;
       ^
../src/interrupt_counter_2B.c: In function 'MoveBallLeft':
../src/interrupt_counter_2B.c:221:21: error: 'XPAR_LED_IP_S_AXI_BASEADDR' undeclared (first use in this function)
    LED_IP_mWriteReg(XPAR_LED_IP_S_AXI_BASEADDR, 0,
                     ^
../src/interrupt_counter_2B.c:195:7: warning: unused variable 'i' [-Wunused-variable]
  char i, EarlyPress, leftScore, rightScore;
       ^
../src/interrupt_counter_2B.c: At top level:
../src/interrupt_counter_2B.c:31:12: warning: 'tmr_count' defined but not used [-Wunused-variable]
 static int tmr_count;
            ^
make: *** [src/interrupt_counter_2B.o] Error 1
23:52:16 **** Auto Build of configuration Debug for project interruot_counter ****
make all 
'Building file: ../src/interrupt_counter_2B.c'
'Invoking: ARM gcc compiler'
arm-xilinx-eabi-gcc -Wall -O0 -g3 -c -fmessage-length=0 -MT"src/interrupt_counter_2B.o" -I../../interruot_counter_bsp/ps7_cortexa9_0/include -MMD -MP -MF"src/interrupt_counter_2B.d" -MT"src/interrupt_counter_2B.d" -o "src/interrupt_counter_2B.o" "../src/interrupt_counter_2B.c"
../src/interrupt_counter_2B.c: In function 'main':
../src/interrupt_counter_2B.c:80:2: error: 'status' undeclared (first use in this function)
  status = XGpio_Initialize(&LEDInst, LEDS_DEVICE_ID);
  ^
../src/interrupt_counter_2B.c:80:2: note: each undeclared identifier is reported only once for each function it appears in
../src/interrupt_counter_2B.c:101:3: warning: passing argument 2 of 'XTmrCtr_SetHandler' from incompatible pointer type
   XTmrCtr_SetHandler(&TMRInst, TMR_Intr_Handler, &TMRInst);
   ^
In file included from ../src/interrupt_counter_2B.c:6:0:
../../interruot_counter_bsp/ps7_cortexa9_0/include/xtmrctr.h:293:6: note: expected 'XTmrCtr_Handler' but argument is of type 'void (*)(void *)'
 void XTmrCtr_SetHandler(XTmrCtr * InstancePtr, XTmrCtr_Handler FuncPtr,
      ^
../src/interrupt_counter_2B.c:113:3: error: 'Game' undeclared (first use in this function)
   Game = STOP;
   ^
../src/interrupt_counter_2B.c:78:13: warning: unused variable 'TimerInstancePtr' [-Wunused-variable]
  XScuTimer *TimerInstancePtr = &Timer;
             ^
../src/interrupt_counter_2B.c:77:20: warning: unused variable 'ConfigPtr' [-Wunused-variable]
  XScuTimer_Config *ConfigPtr;
                    ^
../src/interrupt_counter_2B.c:66:15: warning: unused variable 'i' [-Wunused-variable]
  unsigned int i;
               ^
../src/interrupt_counter_2B.c: In function 'MoveBallRight':
../src/interrupt_counter_2B.c:164:4: warning: implicit declaration of function 'LED_IP_mWriteReg' [-Wimplicit-function-declaration]
    LED_IP_mWriteReg(XPAR_LED_IP_S_AXI_BASEADDR, 0,
    ^
../src/interrupt_counter_2B.c:164:21: error: 'XPAR_LED_IP_S_AXI_BASEADDR' undeclared (first use in this function)
    LED_IP_mWriteReg(XPAR_LED_IP_S_AXI_BASEADDR, 0,
                     ^
../src/interrupt_counter_2B.c:145:7: warning: unused variable 'i' [-Wunused-variable]
  char i, EarlyPress, leftScore, rightScore;
       ^
../src/interrupt_counter_2B.c: In function 'MoveBallLeft':
../src/interrupt_counter_2B.c:222:21: error: 'XPAR_LED_IP_S_AXI_BASEADDR' undeclared (first use in this function)
    LED_IP_mWriteReg(XPAR_LED_IP_S_AXI_BASEADDR, 0,
                     ^
../src/interrupt_counter_2B.c:196:7: warning: unused variable 'i' [-Wunused-variable]
  char i, EarlyPress, leftScore, rightScore;
       ^
../src/interrupt_counter_2B.c: At top level:
../src/interrupt_counter_2B.c:31:12: warning: 'tmr_count' defined but not used [-Wunused-variable]
 static int tmr_count;
            ^
make: *** [src/interrupt_counter_2B.o] Error 1
23:52:32 **** Auto Build of configuration Debug for project interruot_counter ****
make all 
'Building file: ../src/interrupt_counter_2B.c'
'Invoking: ARM gcc compiler'
arm-xilinx-eabi-gcc -Wall -O0 -g3 -c -fmessage-length=0 -MT"src/interrupt_counter_2B.o" -I../../interruot_counter_bsp/ps7_cortexa9_0/include -MMD -MP -MF"src/interrupt_counter_2B.d" -MT"src/interrupt_counter_2B.d" -o "src/interrupt_counter_2B.o" "../src/interrupt_counter_2B.c"
../src/interrupt_counter_2B.c: In function 'main':
../src/interrupt_counter_2B.c:102:3: warning: passing argument 2 of 'XTmrCtr_SetHandler' from incompatible pointer type
   XTmrCtr_SetHandler(&TMRInst, TMR_Intr_Handler, &TMRInst);
   ^
In file included from ../src/interrupt_counter_2B.c:6:0:
../../interruot_counter_bsp/ps7_cortexa9_0/include/xtmrctr.h:293:6: note: expected 'XTmrCtr_Handler' but argument is of type 'void (*)(void *)'
 void XTmrCtr_SetHandler(XTmrCtr * InstancePtr, XTmrCtr_Handler FuncPtr,
      ^
../src/interrupt_counter_2B.c:114:3: error: 'Game' undeclared (first use in this function)
   Game = STOP;
   ^
../src/interrupt_counter_2B.c:114:3: note: each undeclared identifier is reported only once for each function it appears in
../src/interrupt_counter_2B.c:79:13: warning: unused variable 'TimerInstancePtr' [-Wunused-variable]
  XScuTimer *TimerInstancePtr = &Timer;
             ^
../src/interrupt_counter_2B.c:78:20: warning: unused variable 'ConfigPtr' [-Wunused-variable]
  XScuTimer_Config *ConfigPtr;
                    ^
../src/interrupt_counter_2B.c:66:15: warning: unused variable 'i' [-Wunused-variable]
  unsigned int i;
               ^
../src/interrupt_counter_2B.c: In function 'MoveBallRight':
../src/interrupt_counter_2B.c:165:4: warning: implicit declaration of function 'LED_IP_mWriteReg' [-Wimplicit-function-declaration]
    LED_IP_mWriteReg(XPAR_LED_IP_S_AXI_BASEADDR, 0,
    ^
../src/interrupt_counter_2B.c:165:21: error: 'XPAR_LED_IP_S_AXI_BASEADDR' undeclared (first use in this function)
    LED_IP_mWriteReg(XPAR_LED_IP_S_AXI_BASEADDR, 0,
                     ^
../src/interrupt_counter_2B.c:146:7: warning: unused variable 'i' [-Wunused-variable]
  char i, EarlyPress, leftScore, rightScore;
       ^
../src/interrupt_counter_2B.c: In function 'MoveBallLeft':
../src/interrupt_counter_2B.c:223:21: error: 'XPAR_LED_IP_S_AXI_BASEADDR' undeclared (first use in this function)
    LED_IP_mWriteReg(XPAR_LED_IP_S_AXI_BASEADDR, 0,
                     ^
../src/interrupt_counter_2B.c:197:7: warning: unused variable 'i' [-Wunused-variable]
  char i, EarlyPress, leftScore, rightScore;
       ^
../src/interrupt_counter_2B.c: At top level:
../src/interrupt_counter_2B.c:31:12: warning: 'tmr_count' defined but not used [-Wunused-variable]
 static int tmr_count;
            ^
make: *** [src/interrupt_counter_2B.o] Error 1
23:53:09 **** Auto Build of configuration Debug for project interruot_counter ****
make all 
'Building file: ../src/interrupt_counter_2B.c'
'Invoking: ARM gcc compiler'
arm-xilinx-eabi-gcc -Wall -O0 -g3 -c -fmessage-length=0 -MT"src/interrupt_counter_2B.o" -I../../interruot_counter_bsp/ps7_cortexa9_0/include -MMD -MP -MF"src/interrupt_counter_2B.d" -MT"src/interrupt_counter_2B.d" -o "src/interrupt_counter_2B.o" "../src/interrupt_counter_2B.c"
../src/interrupt_counter_2B.c: In function 'main':
../src/interrupt_counter_2B.c:102:3: warning: passing argument 2 of 'XTmrCtr_SetHandler' from incompatible pointer type
   XTmrCtr_SetHandler(&TMRInst, TMR_Intr_Handler, &TMRInst);
   ^
In file included from ../src/interrupt_counter_2B.c:6:0:
../../interruot_counter_bsp/ps7_cortexa9_0/include/xtmrctr.h:293:6: note: expected 'XTmrCtr_Handler' but argument is of type 'void (*)(void *)'
 void XTmrCtr_SetHandler(XTmrCtr * InstancePtr, XTmrCtr_Handler FuncPtr,
      ^
../src/interrupt_counter_2B.c:79:13: warning: unused variable 'TimerInstancePtr' [-Wunused-variable]
  XScuTimer *TimerInstancePtr = &Timer;
             ^
../src/interrupt_counter_2B.c:78:20: warning: unused variable 'ConfigPtr' [-Wunused-variable]
  XScuTimer_Config *ConfigPtr;
                    ^
../src/interrupt_counter_2B.c:66:15: warning: unused variable 'i' [-Wunused-variable]
  unsigned int i;
               ^
../src/interrupt_counter_2B.c: In function 'MoveBallRight':
../src/interrupt_counter_2B.c:161:4: warning: implicit declaration of function 'LED_IP_mWriteReg' [-Wimplicit-function-declaration]
    LED_IP_mWriteReg(XPAR_LED_IP_S_AXI_BASEADDR, 0,
    ^
../src/interrupt_counter_2B.c:161:21: error: 'XPAR_LED_IP_S_AXI_BASEADDR' undeclared (first use in this function)
    LED_IP_mWriteReg(XPAR_LED_IP_S_AXI_BASEADDR, 0,
                     ^
../src/interrupt_counter_2B.c:161:21: note: each undeclared identifier is reported only once for each function it appears in
../src/interrupt_counter_2B.c:142:7: warning: unused variable 'i' [-Wunused-variable]
  char i, EarlyPress, leftScore, rightScore;
       ^
../src/interrupt_counter_2B.c: In function 'MoveBallLeft':
../src/interrupt_counter_2B.c:219:21: error: 'XPAR_LED_IP_S_AXI_BASEADDR' undeclared (first use in this function)
    LED_IP_mWriteReg(XPAR_LED_IP_S_AXI_BASEADDR, 0,
                     ^
../src/interrupt_counter_2B.c:193:7: warning: unused variable 'i' [-Wunused-variable]
  char i, EarlyPress, leftScore, rightScore;
       ^
../src/interrupt_counter_2B.c: At top level:
../src/interrupt_counter_2B.c:31:12: warning: 'tmr_count' defined but not used [-Wunused-variable]
 static int tmr_count;
            ^
make: *** [src/interrupt_counter_2B.o] Error 1
23:53:34 **** Auto Build of configuration Debug for project interruot_counter ****
make all 
'Building file: ../src/interrupt_counter_2B.c'
'Invoking: ARM gcc compiler'
arm-xilinx-eabi-gcc -Wall -O0 -g3 -c -fmessage-length=0 -MT"src/interrupt_counter_2B.o" -I../../interruot_counter_bsp/ps7_cortexa9_0/include -MMD -MP -MF"src/interrupt_counter_2B.d" -MT"src/interrupt_counter_2B.d" -o "src/interrupt_counter_2B.o" "../src/interrupt_counter_2B.c"
../src/interrupt_counter_2B.c: In function 'main':
../src/interrupt_counter_2B.c:102:3: warning: passing argument 2 of 'XTmrCtr_SetHandler' from incompatible pointer type
   XTmrCtr_SetHandler(&TMRInst, TMR_Intr_Handler, &TMRInst);
   ^
In file included from ../src/interrupt_counter_2B.c:6:0:
../../interruot_counter_bsp/ps7_cortexa9_0/include/xtmrctr.h:293:6: note: expected 'XTmrCtr_Handler' but argument is of type 'void (*)(void *)'
 void XTmrCtr_SetHandler(XTmrCtr * InstancePtr, XTmrCtr_Handler FuncPtr,
      ^
../src/interrupt_counter_2B.c:79:13: warning: unused variable 'TimerInstancePtr' [-Wunused-variable]
  XScuTimer *TimerInstancePtr = &Timer;
             ^
../src/interrupt_counter_2B.c:78:20: warning: unused variable 'ConfigPtr' [-Wunused-variable]
  XScuTimer_Config *ConfigPtr;
                    ^
../src/interrupt_counter_2B.c:66:15: warning: unused variable 'i' [-Wunused-variable]
  unsigned int i;
               ^
../src/interrupt_counter_2B.c: In function 'MoveBallRight':
../src/interrupt_counter_2B.c:162:6: warning: statement with no effect [-Wunused-value]
      LED_PATTERNS[count]);
      ^
../src/interrupt_counter_2B.c:162:25: error: expected ';' before ')' token
      LED_PATTERNS[count]);
                         ^
../src/interrupt_counter_2B.c:162:25: error: expected statement before ')' token
../src/interrupt_counter_2B.c:142:7: warning: unused variable 'i' [-Wunused-variable]
  char i, EarlyPress, leftScore, rightScore;
       ^
../src/interrupt_counter_2B.c: In function 'MoveBallLeft':
../src/interrupt_counter_2B.c:220:6: warning: statement with no effect [-Wunused-value]
      LED_PATTERNS[count]);
      ^
../src/interrupt_counter_2B.c:220:25: error: expected ';' before ')' token
      LED_PATTERNS[count]);
                         ^
../src/interrupt_counter_2B.c:220:25: error: expected statement before ')' token
../src/interrupt_counter_2B.c:193:7: warning: unused variable 'i' [-Wunused-variable]
  char i, EarlyPress, leftScore, rightScore;
       ^
../src/interrupt_counter_2B.c: At top level:
../src/interrupt_counter_2B.c:31:12: warning: 'tmr_count' defined but not used [-Wunused-variable]
 static int tmr_count;
            ^
make: *** [src/interrupt_counter_2B.o] Error 1
23:53:38 **** Auto Build of configuration Debug for project interruot_counter ****
make all 
'Building file: ../src/interrupt_counter_2B.c'
'Invoking: ARM gcc compiler'
arm-xilinx-eabi-gcc -Wall -O0 -g3 -c -fmessage-length=0 -MT"src/interrupt_counter_2B.o" -I../../interruot_counter_bsp/ps7_cortexa9_0/include -MMD -MP -MF"src/interrupt_counter_2B.d" -MT"src/interrupt_counter_2B.d" -o "src/interrupt_counter_2B.o" "../src/interrupt_counter_2B.c"
../src/interrupt_counter_2B.c: In function 'main':
../src/interrupt_counter_2B.c:102:3: warning: passing argument 2 of 'XTmrCtr_SetHandler' from incompatible pointer type
   XTmrCtr_SetHandler(&TMRInst, TMR_Intr_Handler, &TMRInst);
   ^
In file included from ../src/interrupt_counter_2B.c:6:0:
../../interruot_counter_bsp/ps7_cortexa9_0/include/xtmrctr.h:293:6: note: expected 'XTmrCtr_Handler' but argument is of type 'void (*)(void *)'
 void XTmrCtr_SetHandler(XTmrCtr * InstancePtr, XTmrCtr_Handler FuncPtr,
      ^
../src/interrupt_counter_2B.c:79:13: warning: unused variable 'TimerInstancePtr' [-Wunused-variable]
  XScuTimer *TimerInstancePtr = &Timer;
             ^
../src/interrupt_counter_2B.c:78:20: warning: unused variable 'ConfigPtr' [-Wunused-variable]
  XScuTimer_Config *ConfigPtr;
                    ^
../src/interrupt_counter_2B.c:66:15: warning: unused variable 'i' [-Wunused-variable]
  unsigned int i;
               ^
../src/interrupt_counter_2B.c: In function 'MoveBallRight':
../src/interrupt_counter_2B.c:162:6: warning: statement with no effect [-Wunused-value]
      LED_PATTERNS[count]);
      ^
../src/interrupt_counter_2B.c:162:25: error: expected ';' before ')' token
      LED_PATTERNS[count]);
                         ^
../src/interrupt_counter_2B.c:162:25: error: expected statement before ')' token
../src/interrupt_counter_2B.c:142:7: warning: unused variable 'i' [-Wunused-variable]
  char i, EarlyPress, leftScore, rightScore;
       ^
../src/interrupt_counter_2B.c: In function 'MoveBallLeft':
../src/interrupt_counter_2B.c:193:7: warning: unused variable 'i' [-Wunused-variable]
  char i, EarlyPress, leftScore, rightScore;
       ^
../src/interrupt_counter_2B.c: At top level:
../src/interrupt_counter_2B.c:31:12: warning: 'tmr_count' defined but not used [-Wunused-variable]
 static int tmr_count;
            ^
make: *** [src/interrupt_counter_2B.o] Error 1
23:53:42 **** Auto Build of configuration Debug for project interruot_counter ****
make all 
'Building file: ../src/interrupt_counter_2B.c'
'Invoking: ARM gcc compiler'
arm-xilinx-eabi-gcc -Wall -O0 -g3 -c -fmessage-length=0 -MT"src/interrupt_counter_2B.o" -I../../interruot_counter_bsp/ps7_cortexa9_0/include -MMD -MP -MF"src/interrupt_counter_2B.d" -MT"src/interrupt_counter_2B.d" -o "src/interrupt_counter_2B.o" "../src/interrupt_counter_2B.c"
../src/interrupt_counter_2B.c: In function 'main':
../src/interrupt_counter_2B.c:102:3: warning: passing argument 2 of 'XTmrCtr_SetHandler' from incompatible pointer type
   XTmrCtr_SetHandler(&TMRInst, TMR_Intr_Handler, &TMRInst);
   ^
In file included from ../src/interrupt_counter_2B.c:6:0:
../../interruot_counter_bsp/ps7_cortexa9_0/include/xtmrctr.h:293:6: note: expected 'XTmrCtr_Handler' but argument is of type 'void (*)(void *)'
 void XTmrCtr_SetHandler(XTmrCtr * InstancePtr, XTmrCtr_Handler FuncPtr,
      ^
../src/interrupt_counter_2B.c:79:13: warning: unused variable 'TimerInstancePtr' [-Wunused-variable]
  XScuTimer *TimerInstancePtr = &Timer;
             ^
../src/interrupt_counter_2B.c:78:20: warning: unused variable 'ConfigPtr' [-Wunused-variable]
  XScuTimer_Config *ConfigPtr;
                    ^
../src/interrupt_counter_2B.c:66:15: warning: unused variable 'i' [-Wunused-variable]
  unsigned int i;
               ^
../src/interrupt_counter_2B.c: In function 'MoveBallRight':
../src/interrupt_counter_2B.c:142:7: warning: unused variable 'i' [-Wunused-variable]
  char i, EarlyPress, leftScore, rightScore;
       ^
../src/interrupt_counter_2B.c: In function 'MoveBallLeft':
../src/interrupt_counter_2B.c:193:7: warning: unused variable 'i' [-Wunused-variable]
  char i, EarlyPress, leftScore, rightScore;
       ^
../src/interrupt_counter_2B.c: At top level:
../src/interrupt_counter_2B.c:31:12: warning: 'tmr_count' defined but not used [-Wunused-variable]
 static int tmr_count;
            ^
'Finished building: ../src/interrupt_counter_2B.c'
' '
'Building target: interruot_counter.elf'
'Invoking: ARM gcc linker'
arm-xilinx-eabi-gcc -Wl,-T -Wl,../src/lscript.ld -L../../interruot_counter_bsp/ps7_cortexa9_0/lib -o "interruot_counter.elf"  ./src/interrupt_counter_2B.o   -Wl,--start-group,-lxil,-lgcc,-lc,--end-group
'Finished building target: interruot_counter.elf'
' '
'Invoking: ARM Print Size'
arm-xilinx-eabi-size interruot_counter.elf  |tee "interruot_counter.elf.size"
   text	   data	    bss	    dec	    hex	filename
  35516	   2008	  22756	  60280	   eb78	interruot_counter.elf
'Finished building: interruot_counter.elf.size'
' '
23:54:10 **** Incremental Build of configuration Debug for project interruot_counter ****
make all 
make: Nothing to be done for `all'.
23:55:17 **** Auto Build of configuration Debug for project interruot_counter ****
make all 
'Building file: ../src/interrupt_counter_2B.c'
'Invoking: ARM gcc compiler'
arm-xilinx-eabi-gcc -Wall -O0 -g3 -c -fmessage-length=0 -MT"src/interrupt_counter_2B.o" -I../../interruot_counter_bsp/ps7_cortexa9_0/include -MMD -MP -MF"src/interrupt_counter_2B.d" -MT"src/interrupt_counter_2B.d" -o "src/interrupt_counter_2B.o" "../src/interrupt_counter_2B.c"
../src/interrupt_counter_2B.c: In function 'main':
../src/interrupt_counter_2B.c:102:3: warning: passing argument 2 of 'XTmrCtr_SetHandler' from incompatible pointer type
   XTmrCtr_SetHandler(&TMRInst, TMR_Intr_Handler, &TMRInst);
   ^
In file included from ../src/interrupt_counter_2B.c:6:0:
../../interruot_counter_bsp/ps7_cortexa9_0/include/xtmrctr.h:293:6: note: expected 'XTmrCtr_Handler' but argument is of type 'void (*)(void *)'
 void XTmrCtr_SetHandler(XTmrCtr * InstancePtr, XTmrCtr_Handler FuncPtr,
      ^
../src/interrupt_counter_2B.c:79:13: warning: unused variable 'TimerInstancePtr' [-Wunused-variable]
  XScuTimer *TimerInstancePtr = &Timer;
             ^
../src/interrupt_counter_2B.c:78:20: warning: unused variable 'ConfigPtr' [-Wunused-variable]
  XScuTimer_Config *ConfigPtr;
                    ^
../src/interrupt_counter_2B.c:66:15: warning: unused variable 'i' [-Wunused-variable]
  unsigned int i;
               ^
../src/interrupt_counter_2B.c: At top level:
../src/interrupt_counter_2B.c:31:12: warning: 'tmr_count' defined but not used [-Wunused-variable]
 static int tmr_count;
            ^
'Finished building: ../src/interrupt_counter_2B.c'
' '
'Building target: interruot_counter.elf'
'Invoking: ARM gcc linker'
arm-xilinx-eabi-gcc -Wl,-T -Wl,../src/lscript.ld -L../../interruot_counter_bsp/ps7_cortexa9_0/lib -o "interruot_counter.elf"  ./src/interrupt_counter_2B.o   -Wl,--start-group,-lxil,-lgcc,-lc,--end-group
'Finished building target: interruot_counter.elf'
' '
'Invoking: ARM Print Size'
arm-xilinx-eabi-size interruot_counter.elf  |tee "interruot_counter.elf.size"
   text	   data	    bss	    dec	    hex	filename
  34008	   2008	  22756	  58772	   e594	interruot_counter.elf
'Finished building: interruot_counter.elf.size'
' '
23:57:17 **** Auto Build of configuration Debug for project interruot_counter ****
make all 
'Building file: ../src/interrupt_counter_2B.c'
'Invoking: ARM gcc compiler'
arm-xilinx-eabi-gcc -Wall -O0 -g3 -c -fmessage-length=0 -MT"src/interrupt_counter_2B.o" -I../../interruot_counter_bsp/ps7_cortexa9_0/include -MMD -MP -MF"src/interrupt_counter_2B.d" -MT"src/interrupt_counter_2B.d" -o "src/interrupt_counter_2B.o" "../src/interrupt_counter_2B.c"
../src/interrupt_counter_2B.c: In function 'main':
../src/interrupt_counter_2B.c:102:3: warning: passing argument 2 of 'XTmrCtr_SetHandler' from incompatible pointer type
   XTmrCtr_SetHandler(&TMRInst, TMR_Intr_Handler, &TMRInst);
   ^
In file included from ../src/interrupt_counter_2B.c:6:0:
../../interruot_counter_bsp/ps7_cortexa9_0/include/xtmrctr.h:293:6: note: expected 'XTmrCtr_Handler' but argument is of type 'void (*)(void *)'
 void XTmrCtr_SetHandler(XTmrCtr * InstancePtr, XTmrCtr_Handler FuncPtr,
      ^
../src/interrupt_counter_2B.c:79:13: warning: unused variable 'TimerInstancePtr' [-Wunused-variable]
  XScuTimer *TimerInstancePtr = &Timer;
             ^
../src/interrupt_counter_2B.c:78:20: warning: unused variable 'ConfigPtr' [-Wunused-variable]
  XScuTimer_Config *ConfigPtr;
                    ^
../src/interrupt_counter_2B.c:66:15: warning: unused variable 'i' [-Wunused-variable]
  unsigned int i;
               ^
../src/interrupt_counter_2B.c: In function 'BTN_Intr_Handler':
../src/interrupt_counter_2B.c:143:4: error: 'Game' undeclared (first use in this function)
    Game = STOP;
    ^
../src/interrupt_counter_2B.c:143:4: note: each undeclared identifier is reported only once for each function it appears in
../src/interrupt_counter_2B.c:165:6: error: 'EarlyPress' undeclared (first use in this function)
      EarlyPress = 0;
      ^
../src/interrupt_counter_2B.c: At top level:
../src/interrupt_counter_2B.c:31:12: warning: 'tmr_count' defined but not used [-Wunused-variable]
 static int tmr_count;
            ^
make: *** [src/interrupt_counter_2B.o] Error 1
23:57:20 **** Auto Build of configuration Debug for project interruot_counter ****
make all 
'Building file: ../src/interrupt_counter_2B.c'
'Invoking: ARM gcc compiler'
arm-xilinx-eabi-gcc -Wall -O0 -g3 -c -fmessage-length=0 -MT"src/interrupt_counter_2B.o" -I../../interruot_counter_bsp/ps7_cortexa9_0/include -MMD -MP -MF"src/interrupt_counter_2B.d" -MT"src/interrupt_counter_2B.d" -o "src/interrupt_counter_2B.o" "../src/interrupt_counter_2B.c"
../src/interrupt_counter_2B.c: In function 'main':
../src/interrupt_counter_2B.c:102:3: warning: passing argument 2 of 'XTmrCtr_SetHandler' from incompatible pointer type
   XTmrCtr_SetHandler(&TMRInst, TMR_Intr_Handler, &TMRInst);
   ^
In file included from ../src/interrupt_counter_2B.c:6:0:
../../interruot_counter_bsp/ps7_cortexa9_0/include/xtmrctr.h:293:6: note: expected 'XTmrCtr_Handler' but argument is of type 'void (*)(void *)'
 void XTmrCtr_SetHandler(XTmrCtr * InstancePtr, XTmrCtr_Handler FuncPtr,
      ^
../src/interrupt_counter_2B.c:79:13: warning: unused variable 'TimerInstancePtr' [-Wunused-variable]
  XScuTimer *TimerInstancePtr = &Timer;
             ^
../src/interrupt_counter_2B.c:78:20: warning: unused variable 'ConfigPtr' [-Wunused-variable]
  XScuTimer_Config *ConfigPtr;
                    ^
../src/interrupt_counter_2B.c:66:15: warning: unused variable 'i' [-Wunused-variable]
  unsigned int i;
               ^
../src/interrupt_counter_2B.c: In function 'BTN_Intr_Handler':
../src/interrupt_counter_2B.c:143:4: error: 'Game' undeclared (first use in this function)
    Game = STOP;
    ^
../src/interrupt_counter_2B.c:143:4: note: each undeclared identifier is reported only once for each function it appears in
../src/interrupt_counter_2B.c:165:6: error: 'EarlyPress' undeclared (first use in this function)
      EarlyPress = 0;
      ^
../src/interrupt_counter_2B.c: At top level:
../src/interrupt_counter_2B.c:31:12: warning: 'tmr_count' defined but not used [-Wunused-variable]
 static int tmr_count;
            ^
make: *** [src/interrupt_counter_2B.o] Error 1
23:57:35 **** Auto Build of configuration Debug for project interruot_counter ****
make all 
'Building file: ../src/interrupt_counter_2B.c'
'Invoking: ARM gcc compiler'
arm-xilinx-eabi-gcc -Wall -O0 -g3 -c -fmessage-length=0 -MT"src/interrupt_counter_2B.o" -I../../interruot_counter_bsp/ps7_cortexa9_0/include -MMD -MP -MF"src/interrupt_counter_2B.d" -MT"src/interrupt_counter_2B.d" -o "src/interrupt_counter_2B.o" "../src/interrupt_counter_2B.c"
../src/interrupt_counter_2B.c: In function 'main':
../src/interrupt_counter_2B.c:102:3: warning: passing argument 2 of 'XTmrCtr_SetHandler' from incompatible pointer type
   XTmrCtr_SetHandler(&TMRInst, TMR_Intr_Handler, &TMRInst);
   ^
In file included from ../src/interrupt_counter_2B.c:6:0:
../../interruot_counter_bsp/ps7_cortexa9_0/include/xtmrctr.h:293:6: note: expected 'XTmrCtr_Handler' but argument is of type 'void (*)(void *)'
 void XTmrCtr_SetHandler(XTmrCtr * InstancePtr, XTmrCtr_Handler FuncPtr,
      ^
../src/interrupt_counter_2B.c:79:13: warning: unused variable 'TimerInstancePtr' [-Wunused-variable]
  XScuTimer *TimerInstancePtr = &Timer;
             ^
../src/interrupt_counter_2B.c:78:20: warning: unused variable 'ConfigPtr' [-Wunused-variable]
  XScuTimer_Config *ConfigPtr;
                    ^
../src/interrupt_counter_2B.c:66:15: warning: unused variable 'i' [-Wunused-variable]
  unsigned int i;
               ^
../src/interrupt_counter_2B.c: In function 'BTN_Intr_Handler':
../src/interrupt_counter_2B.c:151:4: error: 'Game' undeclared (first use in this function)
    Game = START;
    ^
../src/interrupt_counter_2B.c:151:4: note: each undeclared identifier is reported only once for each function it appears in
../src/interrupt_counter_2B.c:165:6: error: 'EarlyPress' undeclared (first use in this function)
      EarlyPress = 0;
      ^
../src/interrupt_counter_2B.c: At top level:
../src/interrupt_counter_2B.c:31:12: warning: 'tmr_count' defined but not used [-Wunused-variable]
 static int tmr_count;
            ^
make: *** [src/interrupt_counter_2B.o] Error 1
23:57:39 **** Auto Build of configuration Debug for project interruot_counter ****
make all 
'Building file: ../src/interrupt_counter_2B.c'
'Invoking: ARM gcc compiler'
arm-xilinx-eabi-gcc -Wall -O0 -g3 -c -fmessage-length=0 -MT"src/interrupt_counter_2B.o" -I../../interruot_counter_bsp/ps7_cortexa9_0/include -MMD -MP -MF"src/interrupt_counter_2B.d" -MT"src/interrupt_counter_2B.d" -o "src/interrupt_counter_2B.o" "../src/interrupt_counter_2B.c"
../src/interrupt_counter_2B.c: In function 'main':
../src/interrupt_counter_2B.c:102:3: warning: passing argument 2 of 'XTmrCtr_SetHandler' from incompatible pointer type
   XTmrCtr_SetHandler(&TMRInst, TMR_Intr_Handler, &TMRInst);
   ^
In file included from ../src/interrupt_counter_2B.c:6:0:
../../interruot_counter_bsp/ps7_cortexa9_0/include/xtmrctr.h:293:6: note: expected 'XTmrCtr_Handler' but argument is of type 'void (*)(void *)'
 void XTmrCtr_SetHandler(XTmrCtr * InstancePtr, XTmrCtr_Handler FuncPtr,
      ^
../src/interrupt_counter_2B.c:79:13: warning: unused variable 'TimerInstancePtr' [-Wunused-variable]
  XScuTimer *TimerInstancePtr = &Timer;
             ^
../src/interrupt_counter_2B.c:78:20: warning: unused variable 'ConfigPtr' [-Wunused-variable]
  XScuTimer_Config *ConfigPtr;
                    ^
../src/interrupt_counter_2B.c:66:15: warning: unused variable 'i' [-Wunused-variable]
  unsigned int i;
               ^
../src/interrupt_counter_2B.c: In function 'BTN_Intr_Handler':
../src/interrupt_counter_2B.c:163:8: error: 'Game' undeclared (first use in this function)
    if (Game == START) {
        ^
../src/interrupt_counter_2B.c:163:8: note: each undeclared identifier is reported only once for each function it appears in
../src/interrupt_counter_2B.c:165:6: error: 'EarlyPress' undeclared (first use in this function)
      EarlyPress = 0;
      ^
../src/interrupt_counter_2B.c: At top level:
../src/interrupt_counter_2B.c:31:12: warning: 'tmr_count' defined but not used [-Wunused-variable]
 static int tmr_count;
            ^
make: *** [src/interrupt_counter_2B.o] Error 1
23:57:44 **** Auto Build of configuration Debug for project interruot_counter ****
make all 
'Building file: ../src/interrupt_counter_2B.c'
'Invoking: ARM gcc compiler'
arm-xilinx-eabi-gcc -Wall -O0 -g3 -c -fmessage-length=0 -MT"src/interrupt_counter_2B.o" -I../../interruot_counter_bsp/ps7_cortexa9_0/include -MMD -MP -MF"src/interrupt_counter_2B.d" -MT"src/interrupt_counter_2B.d" -o "src/interrupt_counter_2B.o" "../src/interrupt_counter_2B.c"
../src/interrupt_counter_2B.c: In function 'main':
../src/interrupt_counter_2B.c:102:3: warning: passing argument 2 of 'XTmrCtr_SetHandler' from incompatible pointer type
   XTmrCtr_SetHandler(&TMRInst, TMR_Intr_Handler, &TMRInst);
   ^
In file included from ../src/interrupt_counter_2B.c:6:0:
../../interruot_counter_bsp/ps7_cortexa9_0/include/xtmrctr.h:293:6: note: expected 'XTmrCtr_Handler' but argument is of type 'void (*)(void *)'
 void XTmrCtr_SetHandler(XTmrCtr * InstancePtr, XTmrCtr_Handler FuncPtr,
      ^
../src/interrupt_counter_2B.c:79:13: warning: unused variable 'TimerInstancePtr' [-Wunused-variable]
  XScuTimer *TimerInstancePtr = &Timer;
             ^
../src/interrupt_counter_2B.c:78:20: warning: unused variable 'ConfigPtr' [-Wunused-variable]
  XScuTimer_Config *ConfigPtr;
                    ^
../src/interrupt_counter_2B.c:66:15: warning: unused variable 'i' [-Wunused-variable]
  unsigned int i;
               ^
../src/interrupt_counter_2B.c: In function 'BTN_Intr_Handler':
../src/interrupt_counter_2B.c:165:6: error: 'EarlyPress' undeclared (first use in this function)
      EarlyPress = 0;
      ^
../src/interrupt_counter_2B.c:165:6: note: each undeclared identifier is reported only once for each function it appears in
../src/interrupt_counter_2B.c:174:6: error: 'Game' undeclared (first use in this function)
      Game = STOP;
      ^
../src/interrupt_counter_2B.c: At top level:
../src/interrupt_counter_2B.c:31:12: warning: 'tmr_count' defined but not used [-Wunused-variable]
 static int tmr_count;
            ^
make: *** [src/interrupt_counter_2B.o] Error 1
23:57:47 **** Auto Build of configuration Debug for project interruot_counter ****
make all 
'Building file: ../src/interrupt_counter_2B.c'
'Invoking: ARM gcc compiler'
arm-xilinx-eabi-gcc -Wall -O0 -g3 -c -fmessage-length=0 -MT"src/interrupt_counter_2B.o" -I../../interruot_counter_bsp/ps7_cortexa9_0/include -MMD -MP -MF"src/interrupt_counter_2B.d" -MT"src/interrupt_counter_2B.d" -o "src/interrupt_counter_2B.o" "../src/interrupt_counter_2B.c"
../src/interrupt_counter_2B.c: In function 'main':
../src/interrupt_counter_2B.c:102:3: warning: passing argument 2 of 'XTmrCtr_SetHandler' from incompatible pointer type
   XTmrCtr_SetHandler(&TMRInst, TMR_Intr_Handler, &TMRInst);
   ^
In file included from ../src/interrupt_counter_2B.c:6:0:
../../interruot_counter_bsp/ps7_cortexa9_0/include/xtmrctr.h:293:6: note: expected 'XTmrCtr_Handler' but argument is of type 'void (*)(void *)'
 void XTmrCtr_SetHandler(XTmrCtr * InstancePtr, XTmrCtr_Handler FuncPtr,
      ^
../src/interrupt_counter_2B.c:79:13: warning: unused variable 'TimerInstancePtr' [-Wunused-variable]
  XScuTimer *TimerInstancePtr = &Timer;
             ^
../src/interrupt_counter_2B.c:78:20: warning: unused variable 'ConfigPtr' [-Wunused-variable]
  XScuTimer_Config *ConfigPtr;
                    ^
../src/interrupt_counter_2B.c:66:15: warning: unused variable 'i' [-Wunused-variable]
  unsigned int i;
               ^
../src/interrupt_counter_2B.c: In function 'BTN_Intr_Handler':
../src/interrupt_counter_2B.c:165:6: error: 'EarlyPress' undeclared (first use in this function)
      EarlyPress = 0;
      ^
../src/interrupt_counter_2B.c:165:6: note: each undeclared identifier is reported only once for each function it appears in
../src/interrupt_counter_2B.c:185:8: error: 'Game' undeclared (first use in this function)
    if (Game == START) {
        ^
../src/interrupt_counter_2B.c: At top level:
../src/interrupt_counter_2B.c:31:12: warning: 'tmr_count' defined but not used [-Wunused-variable]
 static int tmr_count;
            ^
make: *** [src/interrupt_counter_2B.o] Error 1
23:57:51 **** Auto Build of configuration Debug for project interruot_counter ****
make all 
'Building file: ../src/interrupt_counter_2B.c'
'Invoking: ARM gcc compiler'
arm-xilinx-eabi-gcc -Wall -O0 -g3 -c -fmessage-length=0 -MT"src/interrupt_counter_2B.o" -I../../interruot_counter_bsp/ps7_cortexa9_0/include -MMD -MP -MF"src/interrupt_counter_2B.d" -MT"src/interrupt_counter_2B.d" -o "src/interrupt_counter_2B.o" "../src/interrupt_counter_2B.c"
../src/interrupt_counter_2B.c: In function 'main':
../src/interrupt_counter_2B.c:102:3: warning: passing argument 2 of 'XTmrCtr_SetHandler' from incompatible pointer type
   XTmrCtr_SetHandler(&TMRInst, TMR_Intr_Handler, &TMRInst);
   ^
In file included from ../src/interrupt_counter_2B.c:6:0:
../../interruot_counter_bsp/ps7_cortexa9_0/include/xtmrctr.h:293:6: note: expected 'XTmrCtr_Handler' but argument is of type 'void (*)(void *)'
 void XTmrCtr_SetHandler(XTmrCtr * InstancePtr, XTmrCtr_Handler FuncPtr,
      ^
../src/interrupt_counter_2B.c:79:13: warning: unused variable 'TimerInstancePtr' [-Wunused-variable]
  XScuTimer *TimerInstancePtr = &Timer;
             ^
../src/interrupt_counter_2B.c:78:20: warning: unused variable 'ConfigPtr' [-Wunused-variable]
  XScuTimer_Config *ConfigPtr;
                    ^
../src/interrupt_counter_2B.c:66:15: warning: unused variable 'i' [-Wunused-variable]
  unsigned int i;
               ^
../src/interrupt_counter_2B.c: In function 'BTN_Intr_Handler':
../src/interrupt_counter_2B.c:165:6: error: 'EarlyPress' undeclared (first use in this function)
      EarlyPress = 0;
      ^
../src/interrupt_counter_2B.c:165:6: note: each undeclared identifier is reported only once for each function it appears in
../src/interrupt_counter_2B.c:197:6: error: 'Game' undeclared (first use in this function)
      Game = STOP;
      ^
../src/interrupt_counter_2B.c: At top level:
../src/interrupt_counter_2B.c:31:12: warning: 'tmr_count' defined but not used [-Wunused-variable]
 static int tmr_count;
            ^
make: *** [src/interrupt_counter_2B.o] Error 1
23:58:00 **** Auto Build of configuration Debug for project interruot_counter ****
make all 
'Building file: ../src/interrupt_counter_2B.c'
'Invoking: ARM gcc compiler'
arm-xilinx-eabi-gcc -Wall -O0 -g3 -c -fmessage-length=0 -MT"src/interrupt_counter_2B.o" -I../../interruot_counter_bsp/ps7_cortexa9_0/include -MMD -MP -MF"src/interrupt_counter_2B.d" -MT"src/interrupt_counter_2B.d" -o "src/interrupt_counter_2B.o" "../src/interrupt_counter_2B.c"
../src/interrupt_counter_2B.c: In function 'main':
../src/interrupt_counter_2B.c:102:3: warning: passing argument 2 of 'XTmrCtr_SetHandler' from incompatible pointer type
   XTmrCtr_SetHandler(&TMRInst, TMR_Intr_Handler, &TMRInst);
   ^
In file included from ../src/interrupt_counter_2B.c:6:0:
../../interruot_counter_bsp/ps7_cortexa9_0/include/xtmrctr.h:293:6: note: expected 'XTmrCtr_Handler' but argument is of type 'void (*)(void *)'
 void XTmrCtr_SetHandler(XTmrCtr * InstancePtr, XTmrCtr_Handler FuncPtr,
      ^
../src/interrupt_counter_2B.c:79:13: warning: unused variable 'TimerInstancePtr' [-Wunused-variable]
  XScuTimer *TimerInstancePtr = &Timer;
             ^
../src/interrupt_counter_2B.c:78:20: warning: unused variable 'ConfigPtr' [-Wunused-variable]
  XScuTimer_Config *ConfigPtr;
                    ^
../src/interrupt_counter_2B.c:66:15: warning: unused variable 'i' [-Wunused-variable]
  unsigned int i;
               ^
../src/interrupt_counter_2B.c: In function 'BTN_Intr_Handler':
../src/interrupt_counter_2B.c:165:6: error: 'EarlyPress' undeclared (first use in this function)
      EarlyPress = 0;
      ^
../src/interrupt_counter_2B.c:165:6: note: each undeclared identifier is reported only once for each function it appears in
../src/interrupt_counter_2B.c: At top level:
../src/interrupt_counter_2B.c:31:12: warning: 'tmr_count' defined but not used [-Wunused-variable]
 static int tmr_count;
            ^
make: *** [src/interrupt_counter_2B.o] Error 1
23:58:33 **** Auto Build of configuration Debug for project interruot_counter ****
make all 
'Building file: ../src/interrupt_counter_2B.c'
'Invoking: ARM gcc compiler'
arm-xilinx-eabi-gcc -Wall -O0 -g3 -c -fmessage-length=0 -MT"src/interrupt_counter_2B.o" -I../../interruot_counter_bsp/ps7_cortexa9_0/include -MMD -MP -MF"src/interrupt_counter_2B.d" -MT"src/interrupt_counter_2B.d" -o "src/interrupt_counter_2B.o" "../src/interrupt_counter_2B.c"
../src/interrupt_counter_2B.c: In function 'main':
../src/interrupt_counter_2B.c:102:3: warning: passing argument 2 of 'XTmrCtr_SetHandler' from incompatible pointer type
   XTmrCtr_SetHandler(&TMRInst, TMR_Intr_Handler, &TMRInst);
   ^
In file included from ../src/interrupt_counter_2B.c:6:0:
../../interruot_counter_bsp/ps7_cortexa9_0/include/xtmrctr.h:293:6: note: expected 'XTmrCtr_Handler' but argument is of type 'void (*)(void *)'
 void XTmrCtr_SetHandler(XTmrCtr * InstancePtr, XTmrCtr_Handler FuncPtr,
      ^
../src/interrupt_counter_2B.c:79:13: warning: unused variable 'TimerInstancePtr' [-Wunused-variable]
  XScuTimer *TimerInstancePtr = &Timer;
             ^
../src/interrupt_counter_2B.c:78:20: warning: unused variable 'ConfigPtr' [-Wunused-variable]
  XScuTimer_Config *ConfigPtr;
                    ^
../src/interrupt_counter_2B.c:66:15: warning: unused variable 'i' [-Wunused-variable]
  unsigned int i;
               ^
../src/interrupt_counter_2B.c: At top level:
../src/interrupt_counter_2B.c:31:12: warning: 'tmr_count' defined but not used [-Wunused-variable]
 static int tmr_count;
            ^
'Finished building: ../src/interrupt_counter_2B.c'
' '
'Building target: interruot_counter.elf'
'Invoking: ARM gcc linker'
arm-xilinx-eabi-gcc -Wl,-T -Wl,../src/lscript.ld -L../../interruot_counter_bsp/ps7_cortexa9_0/lib -o "interruot_counter.elf"  ./src/interrupt_counter_2B.o   -Wl,--start-group,-lxil,-lgcc,-lc,--end-group
'Finished building target: interruot_counter.elf'
' '
'Invoking: ARM Print Size'
arm-xilinx-eabi-size interruot_counter.elf  |tee "interruot_counter.elf.size"
   text	   data	    bss	    dec	    hex	filename
  34028	   2008	  22756	  58792	   e5a8	interruot_counter.elf
'Finished building: interruot_counter.elf.size'
' '
23:58:48 **** Incremental Build of configuration Debug for project interruot_counter ****
make all 
make: Nothing to be done for `all'.
23:59:47 **** Auto Build of configuration Debug for project interruot_counter ****
make all 
'Building file: ../src/interrupt_counter_2B.c'
'Invoking: ARM gcc compiler'
arm-xilinx-eabi-gcc -Wall -O0 -g3 -c -fmessage-length=0 -MT"src/interrupt_counter_2B.o" -I../../interruot_counter_bsp/ps7_cortexa9_0/include -MMD -MP -MF"src/interrupt_counter_2B.d" -MT"src/interrupt_counter_2B.d" -o "src/interrupt_counter_2B.o" "../src/interrupt_counter_2B.c"
../src/interrupt_counter_2B.c:53:0: warning: "TMR_LOAD" redefined
 #define TMR_LOAD   0xFF000000
 ^
../src/interrupt_counter_2B.c:24:0: note: this is the location of the previous definition
 #define TMR_LOAD   0xF8000000
 ^
../src/interrupt_counter_2B.c: In function 'main':
../src/interrupt_counter_2B.c:102:3: warning: passing argument 2 of 'XTmrCtr_SetHandler' from incompatible pointer type
   XTmrCtr_SetHandler(&TMRInst, TMR_Intr_Handler, &TMRInst);
   ^
In file included from ../src/interrupt_counter_2B.c:6:0:
../../interruot_counter_bsp/ps7_cortexa9_0/include/xtmrctr.h:293:6: note: expected 'XTmrCtr_Handler' but argument is of type 'void (*)(void *)'
 void XTmrCtr_SetHandler(XTmrCtr * InstancePtr, XTmrCtr_Handler FuncPtr,
      ^
../src/interrupt_counter_2B.c:79:13: warning: unused variable 'TimerInstancePtr' [-Wunused-variable]
  XScuTimer *TimerInstancePtr = &Timer;
             ^
../src/interrupt_counter_2B.c:78:20: warning: unused variable 'ConfigPtr' [-Wunused-variable]
  XScuTimer_Config *ConfigPtr;
                    ^
../src/interrupt_counter_2B.c:66:15: warning: unused variable 'i' [-Wunused-variable]
  unsigned int i;
               ^
../src/interrupt_counter_2B.c: At top level:
../src/interrupt_counter_2B.c:31:12: warning: 'tmr_count' defined but not used [-Wunused-variable]
 static int tmr_count;
            ^
'Finished building: ../src/interrupt_counter_2B.c'
' '
'Building target: interruot_counter.elf'
'Invoking: ARM gcc linker'
arm-xilinx-eabi-gcc -Wl,-T -Wl,../src/lscript.ld -L../../interruot_counter_bsp/ps7_cortexa9_0/lib -o "interruot_counter.elf"  ./src/interrupt_counter_2B.o   -Wl,--start-group,-lxil,-lgcc,-lc,--end-group
'Finished building target: interruot_counter.elf'
' '
'Invoking: ARM Print Size'
arm-xilinx-eabi-size interruot_counter.elf  |tee "interruot_counter.elf.size"
   text	   data	    bss	    dec	    hex	filename
  34028	   2008	  22756	  58792	   e5a8	interruot_counter.elf
'Finished building: interruot_counter.elf.size'
' '
23:59:50 **** Auto Build of configuration Debug for project interruot_counter ****
make all 
'Building file: ../src/interrupt_counter_2B.c'
'Invoking: ARM gcc compiler'
arm-xilinx-eabi-gcc -Wall -O0 -g3 -c -fmessage-length=0 -MT"src/interrupt_counter_2B.o" -I../../interruot_counter_bsp/ps7_cortexa9_0/include -MMD -MP -MF"src/interrupt_counter_2B.d" -MT"src/interrupt_counter_2B.d" -o "src/interrupt_counter_2B.o" "../src/interrupt_counter_2B.c"
../src/interrupt_counter_2B.c:53:0: warning: "TMR_LOAD" redefined
 #define TMR_LOAD 0xFF000000
 ^
../src/interrupt_counter_2B.c:24:0: note: this is the location of the previous definition
 #define TMR_LOAD   0xF8000000
 ^
../src/interrupt_counter_2B.c: In function 'main':
../src/interrupt_counter_2B.c:102:3: warning: passing argument 2 of 'XTmrCtr_SetHandler' from incompatible pointer type
   XTmrCtr_SetHandler(&TMRInst, TMR_Intr_Handler, &TMRInst);
   ^
In file included from ../src/interrupt_counter_2B.c:6:0:
../../interruot_counter_bsp/ps7_cortexa9_0/include/xtmrctr.h:293:6: note: expected 'XTmrCtr_Handler' but argument is of type 'void (*)(void *)'
 void XTmrCtr_SetHandler(XTmrCtr * InstancePtr, XTmrCtr_Handler FuncPtr,
      ^
../src/interrupt_counter_2B.c:79:13: warning: unused variable 'TimerInstancePtr' [-Wunused-variable]
  XScuTimer *TimerInstancePtr = &Timer;
             ^
../src/interrupt_counter_2B.c:78:20: warning: unused variable 'ConfigPtr' [-Wunused-variable]
  XScuTimer_Config *ConfigPtr;
                    ^
../src/interrupt_counter_2B.c:66:15: warning: unused variable 'i' [-Wunused-variable]
  unsigned int i;
               ^
../src/interrupt_counter_2B.c: At top level:
../src/interrupt_counter_2B.c:31:12: warning: 'tmr_count' defined but not used [-Wunused-variable]
 static int tmr_count;
            ^
'Finished building: ../src/interrupt_counter_2B.c'
' '
'Building target: interruot_counter.elf'
'Invoking: ARM gcc linker'
arm-xilinx-eabi-gcc -Wl,-T -Wl,../src/lscript.ld -L../../interruot_counter_bsp/ps7_cortexa9_0/lib -o "interruot_counter.elf"  ./src/interrupt_counter_2B.o   -Wl,--start-group,-lxil,-lgcc,-lc,--end-group
'Finished building target: interruot_counter.elf'
' '
'Invoking: ARM Print Size'
arm-xilinx-eabi-size interruot_counter.elf  |tee "interruot_counter.elf.size"
   text	   data	    bss	    dec	    hex	filename
  34028	   2008	  22756	  58792	   e5a8	interruot_counter.elf
'Finished building: interruot_counter.elf.size'
' '
00:00:02 **** Incremental Build of configuration Debug for project interruot_counter ****
make all 
make: Nothing to be done for `all'.
00:00:43 **** Auto Build of configuration Debug for project interruot_counter ****
make all 
'Building file: ../src/interrupt_counter_2B.c'
'Invoking: ARM gcc compiler'
arm-xilinx-eabi-gcc -Wall -O0 -g3 -c -fmessage-length=0 -MT"src/interrupt_counter_2B.o" -I../../interruot_counter_bsp/ps7_cortexa9_0/include -MMD -MP -MF"src/interrupt_counter_2B.d" -MT"src/interrupt_counter_2B.d" -o "src/interrupt_counter_2B.o" "../src/interrupt_counter_2B.c"
../src/interrupt_counter_2B.c: In function 'main':
../src/interrupt_counter_2B.c:101:3: warning: passing argument 2 of 'XTmrCtr_SetHandler' from incompatible pointer type
   XTmrCtr_SetHandler(&TMRInst, TMR_Intr_Handler, &TMRInst);
   ^
In file included from ../src/interrupt_counter_2B.c:6:0:
../../interruot_counter_bsp/ps7_cortexa9_0/include/xtmrctr.h:293:6: note: expected 'XTmrCtr_Handler' but argument is of type 'void (*)(void *)'
 void XTmrCtr_SetHandler(XTmrCtr * InstancePtr, XTmrCtr_Handler FuncPtr,
      ^
../src/interrupt_counter_2B.c:78:13: warning: unused variable 'TimerInstancePtr' [-Wunused-variable]
  XScuTimer *TimerInstancePtr = &Timer;
             ^
../src/interrupt_counter_2B.c:77:20: warning: unused variable 'ConfigPtr' [-Wunused-variable]
  XScuTimer_Config *ConfigPtr;
                    ^
../src/interrupt_counter_2B.c:65:15: warning: unused variable 'i' [-Wunused-variable]
  unsigned int i;
               ^
../src/interrupt_counter_2B.c: At top level:
../src/interrupt_counter_2B.c:31:12: warning: 'tmr_count' defined but not used [-Wunused-variable]
 static int tmr_count;
            ^
'Finished building: ../src/interrupt_counter_2B.c'
' '
'Building target: interruot_counter.elf'
'Invoking: ARM gcc linker'
arm-xilinx-eabi-gcc -Wl,-T -Wl,../src/lscript.ld -L../../interruot_counter_bsp/ps7_cortexa9_0/lib -o "interruot_counter.elf"  ./src/interrupt_counter_2B.o   -Wl,--start-group,-lxil,-lgcc,-lc,--end-group
'Finished building target: interruot_counter.elf'
' '
'Invoking: ARM Print Size'
arm-xilinx-eabi-size interruot_counter.elf  |tee "interruot_counter.elf.size"
   text	   data	    bss	    dec	    hex	filename
  34028	   2008	  22756	  58792	   e5a8	interruot_counter.elf
'Finished building: interruot_counter.elf.size'
' '
00:01:03 **** Auto Build of configuration Debug for project interruot_counter ****
make all 
'Building file: ../src/interrupt_counter_2B.c'
'Invoking: ARM gcc compiler'
arm-xilinx-eabi-gcc -Wall -O0 -g3 -c -fmessage-length=0 -MT"src/interrupt_counter_2B.o" -I../../interruot_counter_bsp/ps7_cortexa9_0/include -MMD -MP -MF"src/interrupt_counter_2B.d" -MT"src/interrupt_counter_2B.d" -o "src/interrupt_counter_2B.o" "../src/interrupt_counter_2B.c"
../src/interrupt_counter_2B.c:53:0: warning: "TMR_LOAD" redefined
 #define TMR_LOAD   0xFF676981
 ^
../src/interrupt_counter_2B.c:24:0: note: this is the location of the previous definition
 #define TMR_LOAD   0xF8000000
 ^
../src/interrupt_counter_2B.c: In function 'main':
../src/interrupt_counter_2B.c:102:3: warning: passing argument 2 of 'XTmrCtr_SetHandler' from incompatible pointer type
   XTmrCtr_SetHandler(&TMRInst, TMR_Intr_Handler, &TMRInst);
   ^
In file included from ../src/interrupt_counter_2B.c:6:0:
../../interruot_counter_bsp/ps7_cortexa9_0/include/xtmrctr.h:293:6: note: expected 'XTmrCtr_Handler' but argument is of type 'void (*)(void *)'
 void XTmrCtr_SetHandler(XTmrCtr * InstancePtr, XTmrCtr_Handler FuncPtr,
      ^
../src/interrupt_counter_2B.c:79:13: warning: unused variable 'TimerInstancePtr' [-Wunused-variable]
  XScuTimer *TimerInstancePtr = &Timer;
             ^
../src/interrupt_counter_2B.c:78:20: warning: unused variable 'ConfigPtr' [-Wunused-variable]
  XScuTimer_Config *ConfigPtr;
                    ^
../src/interrupt_counter_2B.c:66:15: warning: unused variable 'i' [-Wunused-variable]
  unsigned int i;
               ^
../src/interrupt_counter_2B.c: At top level:
../src/interrupt_counter_2B.c:31:12: warning: 'tmr_count' defined but not used [-Wunused-variable]
 static int tmr_count;
            ^
'Finished building: ../src/interrupt_counter_2B.c'
' '
'Building target: interruot_counter.elf'
'Invoking: ARM gcc linker'
arm-xilinx-eabi-gcc -Wl,-T -Wl,../src/lscript.ld -L../../interruot_counter_bsp/ps7_cortexa9_0/lib -o "interruot_counter.elf"  ./src/interrupt_counter_2B.o   -Wl,--start-group,-lxil,-lgcc,-lc,--end-group
'Finished building target: interruot_counter.elf'
' '
'Invoking: ARM Print Size'
arm-xilinx-eabi-size interruot_counter.elf  |tee "interruot_counter.elf.size"
   text	   data	    bss	    dec	    hex	filename
  34028	   2008	  22756	  58792	   e5a8	interruot_counter.elf
'Finished building: interruot_counter.elf.size'
' '
00:01:05 **** Auto Build of configuration Debug for project interruot_counter ****
make all 
'Building file: ../src/interrupt_counter_2B.c'
'Invoking: ARM gcc compiler'
arm-xilinx-eabi-gcc -Wall -O0 -g3 -c -fmessage-length=0 -MT"src/interrupt_counter_2B.o" -I../../interruot_counter_bsp/ps7_cortexa9_0/include -MMD -MP -MF"src/interrupt_counter_2B.d" -MT"src/interrupt_counter_2B.d" -o "src/interrupt_counter_2B.o" "../src/interrupt_counter_2B.c"
../src/interrupt_counter_2B.c:53:0: warning: "TMR_LOAD" redefined
 #define TMR_LOAD 0xFF676981
 ^
../src/interrupt_counter_2B.c:24:0: note: this is the location of the previous definition
 #define TMR_LOAD   0xF8000000
 ^
../src/interrupt_counter_2B.c: In function 'main':
../src/interrupt_counter_2B.c:102:3: warning: passing argument 2 of 'XTmrCtr_SetHandler' from incompatible pointer type
   XTmrCtr_SetHandler(&TMRInst, TMR_Intr_Handler, &TMRInst);
   ^
In file included from ../src/interrupt_counter_2B.c:6:0:
../../interruot_counter_bsp/ps7_cortexa9_0/include/xtmrctr.h:293:6: note: expected 'XTmrCtr_Handler' but argument is of type 'void (*)(void *)'
 void XTmrCtr_SetHandler(XTmrCtr * InstancePtr, XTmrCtr_Handler FuncPtr,
      ^
../src/interrupt_counter_2B.c:79:13: warning: unused variable 'TimerInstancePtr' [-Wunused-variable]
  XScuTimer *TimerInstancePtr = &Timer;
             ^
../src/interrupt_counter_2B.c:78:20: warning: unused variable 'ConfigPtr' [-Wunused-variable]
  XScuTimer_Config *ConfigPtr;
                    ^
../src/interrupt_counter_2B.c:66:15: warning: unused variable 'i' [-Wunused-variable]
  unsigned int i;
               ^
../src/interrupt_counter_2B.c: At top level:
../src/interrupt_counter_2B.c:31:12: warning: 'tmr_count' defined but not used [-Wunused-variable]
 static int tmr_count;
            ^
'Finished building: ../src/interrupt_counter_2B.c'
' '
'Building target: interruot_counter.elf'
'Invoking: ARM gcc linker'
arm-xilinx-eabi-gcc -Wl,-T -Wl,../src/lscript.ld -L../../interruot_counter_bsp/ps7_cortexa9_0/lib -o "interruot_counter.elf"  ./src/interrupt_counter_2B.o   -Wl,--start-group,-lxil,-lgcc,-lc,--end-group
'Finished building target: interruot_counter.elf'
' '
'Invoking: ARM Print Size'
arm-xilinx-eabi-size interruot_counter.elf  |tee "interruot_counter.elf.size"
   text	   data	    bss	    dec	    hex	filename
  34028	   2008	  22756	  58792	   e5a8	interruot_counter.elf
'Finished building: interruot_counter.elf.size'
' '
00:01:14 **** Incremental Build of configuration Debug for project interruot_counter ****
make all 
make: Nothing to be done for `all'.
00:02:09 **** Auto Build of configuration Debug for project interruot_counter ****
make all 
'Building file: ../src/interrupt_counter_2B.c'
'Invoking: ARM gcc compiler'
arm-xilinx-eabi-gcc -Wall -O0 -g3 -c -fmessage-length=0 -MT"src/interrupt_counter_2B.o" -I../../interruot_counter_bsp/ps7_cortexa9_0/include -MMD -MP -MF"src/interrupt_counter_2B.d" -MT"src/interrupt_counter_2B.d" -o "src/interrupt_counter_2B.o" "../src/interrupt_counter_2B.c"
../src/interrupt_counter_2B.c:53:0: warning: "TMR_LOAD" redefined
 #define TMR_LOAD 0xFF676981
 ^
../src/interrupt_counter_2B.c:24:0: note: this is the location of the previous definition
 #define TMR_LOAD   0xF8000000
 ^
../src/interrupt_counter_2B.c: In function 'main':
../src/interrupt_counter_2B.c:102:3: warning: passing argument 2 of 'XTmrCtr_SetHandler' from incompatible pointer type
   XTmrCtr_SetHandler(&TMRInst, TMR_Intr_Handler, &TMRInst);
   ^
In file included from ../src/interrupt_counter_2B.c:6:0:
../../interruot_counter_bsp/ps7_cortexa9_0/include/xtmrctr.h:293:6: note: expected 'XTmrCtr_Handler' but argument is of type 'void (*)(void *)'
 void XTmrCtr_SetHandler(XTmrCtr * InstancePtr, XTmrCtr_Handler FuncPtr,
      ^
../src/interrupt_counter_2B.c:79:13: warning: unused variable 'TimerInstancePtr' [-Wunused-variable]
  XScuTimer *TimerInstancePtr = &Timer;
             ^
../src/interrupt_counter_2B.c:78:20: warning: unused variable 'ConfigPtr' [-Wunused-variable]
  XScuTimer_Config *ConfigPtr;
                    ^
../src/interrupt_counter_2B.c:66:15: warning: unused variable 'i' [-Wunused-variable]
  unsigned int i;
               ^
../src/interrupt_counter_2B.c: At top level:
../src/interrupt_counter_2B.c:31:12: warning: 'tmr_count' defined but not used [-Wunused-variable]
 static int tmr_count;
            ^
'Finished building: ../src/interrupt_counter_2B.c'
' '
'Building target: interruot_counter.elf'
'Invoking: ARM gcc linker'
arm-xilinx-eabi-gcc -Wl,-T -Wl,../src/lscript.ld -L../../interruot_counter_bsp/ps7_cortexa9_0/lib -o "interruot_counter.elf"  ./src/interrupt_counter_2B.o   -Wl,--start-group,-lxil,-lgcc,-lc,--end-group
'Finished building target: interruot_counter.elf'
' '
'Invoking: ARM Print Size'
arm-xilinx-eabi-size interruot_counter.elf  |tee "interruot_counter.elf.size"
   text	   data	    bss	    dec	    hex	filename
  34028	   2008	  22756	  58792	   e5a8	interruot_counter.elf
'Finished building: interruot_counter.elf.size'
' '
00:03:24 **** Auto Build of configuration Debug for project interruot_counter ****
make all 
'Building file: ../src/interrupt_counter_2B.c'
'Invoking: ARM gcc compiler'
arm-xilinx-eabi-gcc -Wall -O0 -g3 -c -fmessage-length=0 -MT"src/interrupt_counter_2B.o" -I../../interruot_counter_bsp/ps7_cortexa9_0/include -MMD -MP -MF"src/interrupt_counter_2B.d" -MT"src/interrupt_counter_2B.d" -o "src/interrupt_counter_2B.o" "../src/interrupt_counter_2B.c"
../src/interrupt_counter_2B.c:53:0: warning: "TMR_LOAD" redefined
 #define TMR_LOAD 0x135F1B40
 ^
../src/interrupt_counter_2B.c:24:0: note: this is the location of the previous definition
 #define TMR_LOAD   0xF8000000
 ^
../src/interrupt_counter_2B.c: In function 'main':
../src/interrupt_counter_2B.c:102:3: warning: passing argument 2 of 'XTmrCtr_SetHandler' from incompatible pointer type
   XTmrCtr_SetHandler(&TMRInst, TMR_Intr_Handler, &TMRInst);
   ^
In file included from ../src/interrupt_counter_2B.c:6:0:
../../interruot_counter_bsp/ps7_cortexa9_0/include/xtmrctr.h:293:6: note: expected 'XTmrCtr_Handler' but argument is of type 'void (*)(void *)'
 void XTmrCtr_SetHandler(XTmrCtr * InstancePtr, XTmrCtr_Handler FuncPtr,
      ^
../src/interrupt_counter_2B.c:79:13: warning: unused variable 'TimerInstancePtr' [-Wunused-variable]
  XScuTimer *TimerInstancePtr = &Timer;
             ^
../src/interrupt_counter_2B.c:78:20: warning: unused variable 'ConfigPtr' [-Wunused-variable]
  XScuTimer_Config *ConfigPtr;
                    ^
../src/interrupt_counter_2B.c:66:15: warning: unused variable 'i' [-Wunused-variable]
  unsigned int i;
               ^
../src/interrupt_counter_2B.c: At top level:
../src/interrupt_counter_2B.c:31:12: warning: 'tmr_count' defined but not used [-Wunused-variable]
 static int tmr_count;
            ^
'Finished building: ../src/interrupt_counter_2B.c'
' '
'Building target: interruot_counter.elf'
'Invoking: ARM gcc linker'
arm-xilinx-eabi-gcc -Wl,-T -Wl,../src/lscript.ld -L../../interruot_counter_bsp/ps7_cortexa9_0/lib -o "interruot_counter.elf"  ./src/interrupt_counter_2B.o   -Wl,--start-group,-lxil,-lgcc,-lc,--end-group
'Finished building target: interruot_counter.elf'
' '
'Invoking: ARM Print Size'
arm-xilinx-eabi-size interruot_counter.elf  |tee "interruot_counter.elf.size"
   text	   data	    bss	    dec	    hex	filename
  34028	   2008	  22756	  58792	   e5a8	interruot_counter.elf
'Finished building: interruot_counter.elf.size'
' '
00:03:29 **** Incremental Build of configuration Debug for project interruot_counter ****
make all 
make: Nothing to be done for `all'.
00:04:51 **** Auto Build of configuration Debug for project interruot_counter ****
make all 
'Building file: ../src/interrupt_counter_2B.c'
'Invoking: ARM gcc compiler'
arm-xilinx-eabi-gcc -Wall -O0 -g3 -c -fmessage-length=0 -MT"src/interrupt_counter_2B.o" -I../../interruot_counter_bsp/ps7_cortexa9_0/include -MMD -MP -MF"src/interrupt_counter_2B.d" -MT"src/interrupt_counter_2B.d" -o "src/interrupt_counter_2B.o" "../src/interrupt_counter_2B.c"
../src/interrupt_counter_2B.c:53:0: warning: "TMR_LOAD" redefined
 #define TMR_LOAD 0x1FECED302
 ^
../src/interrupt_counter_2B.c:24:0: note: this is the location of the previous definition
 #define TMR_LOAD   0xF8000000
 ^
../src/interrupt_counter_2B.c: In function 'main':
../src/interrupt_counter_2B.c:102:3: warning: passing argument 2 of 'XTmrCtr_SetHandler' from incompatible pointer type
   XTmrCtr_SetHandler(&TMRInst, TMR_Intr_Handler, &TMRInst);
   ^
In file included from ../src/interrupt_counter_2B.c:6:0:
../../interruot_counter_bsp/ps7_cortexa9_0/include/xtmrctr.h:293:6: note: expected 'XTmrCtr_Handler' but argument is of type 'void (*)(void *)'
 void XTmrCtr_SetHandler(XTmrCtr * InstancePtr, XTmrCtr_Handler FuncPtr,
      ^
../src/interrupt_counter_2B.c:79:13: warning: unused variable 'TimerInstancePtr' [-Wunused-variable]
  XScuTimer *TimerInstancePtr = &Timer;
             ^
../src/interrupt_counter_2B.c:78:20: warning: unused variable 'ConfigPtr' [-Wunused-variable]
  XScuTimer_Config *ConfigPtr;
                    ^
../src/interrupt_counter_2B.c:66:15: warning: unused variable 'i' [-Wunused-variable]
  unsigned int i;
               ^
../src/interrupt_counter_2B.c: At top level:
../src/interrupt_counter_2B.c:31:12: warning: 'tmr_count' defined but not used [-Wunused-variable]
 static int tmr_count;
            ^
'Finished building: ../src/interrupt_counter_2B.c'
' '
'Building target: interruot_counter.elf'
'Invoking: ARM gcc linker'
arm-xilinx-eabi-gcc -Wl,-T -Wl,../src/lscript.ld -L../../interruot_counter_bsp/ps7_cortexa9_0/lib -o "interruot_counter.elf"  ./src/interrupt_counter_2B.o   -Wl,--start-group,-lxil,-lgcc,-lc,--end-group
'Finished building target: interruot_counter.elf'
' '
'Invoking: ARM Print Size'
arm-xilinx-eabi-size interruot_counter.elf  |tee "interruot_counter.elf.size"
   text	   data	    bss	    dec	    hex	filename
  34028	   2008	  22756	  58792	   e5a8	interruot_counter.elf
'Finished building: interruot_counter.elf.size'
' '
00:04:57 **** Incremental Build of configuration Debug for project interruot_counter ****
make all 
make: Nothing to be done for `all'.
00:05:40 **** Auto Build of configuration Debug for project interruot_counter ****
make all 
'Building file: ../src/interrupt_counter_2B.c'
'Invoking: ARM gcc compiler'
arm-xilinx-eabi-gcc -Wall -O0 -g3 -c -fmessage-length=0 -MT"src/interrupt_counter_2B.o" -I../../interruot_counter_bsp/ps7_cortexa9_0/include -MMD -MP -MF"src/interrupt_counter_2B.d" -MT"src/interrupt_counter_2B.d" -o "src/interrupt_counter_2B.o" "../src/interrupt_counter_2B.c"
../src/interrupt_counter_2B.c:53:0: warning: "TMR_LOAD" redefined
 #define TMR_LOAD 0x7FB3B4C0
 ^
../src/interrupt_counter_2B.c:24:0: note: this is the location of the previous definition
 #define TMR_LOAD   0xF8000000
 ^
../src/interrupt_counter_2B.c: In function 'main':
../src/interrupt_counter_2B.c:102:3: warning: passing argument 2 of 'XTmrCtr_SetHandler' from incompatible pointer type
   XTmrCtr_SetHandler(&TMRInst, TMR_Intr_Handler, &TMRInst);
   ^
In file included from ../src/interrupt_counter_2B.c:6:0:
../../interruot_counter_bsp/ps7_cortexa9_0/include/xtmrctr.h:293:6: note: expected 'XTmrCtr_Handler' but argument is of type 'void (*)(void *)'
 void XTmrCtr_SetHandler(XTmrCtr * InstancePtr, XTmrCtr_Handler FuncPtr,
      ^
../src/interrupt_counter_2B.c:79:13: warning: unused variable 'TimerInstancePtr' [-Wunused-variable]
  XScuTimer *TimerInstancePtr = &Timer;
             ^
../src/interrupt_counter_2B.c:78:20: warning: unused variable 'ConfigPtr' [-Wunused-variable]
  XScuTimer_Config *ConfigPtr;
                    ^
../src/interrupt_counter_2B.c:66:15: warning: unused variable 'i' [-Wunused-variable]
  unsigned int i;
               ^
../src/interrupt_counter_2B.c: At top level:
../src/interrupt_counter_2B.c:31:12: warning: 'tmr_count' defined but not used [-Wunused-variable]
 static int tmr_count;
            ^
'Finished building: ../src/interrupt_counter_2B.c'
' '
'Building target: interruot_counter.elf'
'Invoking: ARM gcc linker'
arm-xilinx-eabi-gcc -Wl,-T -Wl,../src/lscript.ld -L../../interruot_counter_bsp/ps7_cortexa9_0/lib -o "interruot_counter.elf"  ./src/interrupt_counter_2B.o   -Wl,--start-group,-lxil,-lgcc,-lc,--end-group
'Finished building target: interruot_counter.elf'
' '
'Invoking: ARM Print Size'
arm-xilinx-eabi-size interruot_counter.elf  |tee "interruot_counter.elf.size"
   text	   data	    bss	    dec	    hex	filename
  34028	   2008	  22756	  58792	   e5a8	interruot_counter.elf
'Finished building: interruot_counter.elf.size'
' '
00:06:15 **** Auto Build of configuration Debug for project interruot_counter ****
make all 
'Building file: ../src/interrupt_counter_2B.c'
'Invoking: ARM gcc compiler'
arm-xilinx-eabi-gcc -Wall -O0 -g3 -c -fmessage-length=0 -MT"src/interrupt_counter_2B.o" -I../../interruot_counter_bsp/ps7_cortexa9_0/include -MMD -MP -MF"src/interrupt_counter_2B.d" -MT"src/interrupt_counter_2B.d" -o "src/interrupt_counter_2B.o" "../src/interrupt_counter_2B.c"
../src/interrupt_counter_2B.c:25:0: warning: "TMR_LOAD" redefined
 #define TMR_LOAD 0x7FB3B4C0
 ^
../src/interrupt_counter_2B.c:24:0: note: this is the location of the previous definition
 #define TMR_LOAD   0xF8000000
 ^
../src/interrupt_counter_2B.c: In function 'main':
../src/interrupt_counter_2B.c:103:3: warning: passing argument 2 of 'XTmrCtr_SetHandler' from incompatible pointer type
   XTmrCtr_SetHandler(&TMRInst, TMR_Intr_Handler, &TMRInst);
   ^
In file included from ../src/interrupt_counter_2B.c:6:0:
../../interruot_counter_bsp/ps7_cortexa9_0/include/xtmrctr.h:293:6: note: expected 'XTmrCtr_Handler' but argument is of type 'void (*)(void *)'
 void XTmrCtr_SetHandler(XTmrCtr * InstancePtr, XTmrCtr_Handler FuncPtr,
      ^
../src/interrupt_counter_2B.c:80:13: warning: unused variable 'TimerInstancePtr' [-Wunused-variable]
  XScuTimer *TimerInstancePtr = &Timer;
             ^
../src/interrupt_counter_2B.c:79:20: warning: unused variable 'ConfigPtr' [-Wunused-variable]
  XScuTimer_Config *ConfigPtr;
                    ^
../src/interrupt_counter_2B.c:67:15: warning: unused variable 'i' [-Wunused-variable]
  unsigned int i;
               ^
../src/interrupt_counter_2B.c: At top level:
../src/interrupt_counter_2B.c:32:12: warning: 'tmr_count' defined but not used [-Wunused-variable]
 static int tmr_count;
            ^
'Finished building: ../src/interrupt_counter_2B.c'
' '
'Building target: interruot_counter.elf'
'Invoking: ARM gcc linker'
[...]
                    ^
../src/interrupt_counter_2B.c:64:15: warning: unused variable 'i' [-Wunused-variable]
  unsigned int i;
               ^
../src/interrupt_counter_2B.c: At top level:
../src/interrupt_counter_2B.c:42:12: warning: 'tmr_count' defined but not used [-Wunused-variable]
 static int tmr_count;
            ^
'Finished building: ../src/interrupt_counter_2B.c'
' '
'Building target: interruot_counter.elf'
'Invoking: ARM gcc linker'
arm-xilinx-eabi-gcc -Wl,-T -Wl,../src/lscript.ld -L../../interruot_counter_bsp/ps7_cortexa9_0/lib -o "interruot_counter.elf"  ./src/interrupt_counter_2B.o   -Wl,--start-group,-lxil,-lgcc,-lc,--end-group
'Finished building target: interruot_counter.elf'
' '
'Invoking: ARM Print Size'
arm-xilinx-eabi-size interruot_counter.elf  |tee "interruot_counter.elf.size"
   text	   data	    bss	    dec	    hex	filename
  34028	   2008	  22756	  58792	   e5a8	interruot_counter.elf
'Finished building: interruot_counter.elf.size'
' '
12:02:23 **** Incremental Build of configuration Debug for project interruot_counter ****
make all 
make: Nothing to be done for `all'.
12:03:33 **** Auto Build of configuration Debug for project interruot_counter ****
make all 
'Building file: ../src/interrupt_counter_2B.c'
'Invoking: ARM gcc compiler'
arm-xilinx-eabi-gcc -Wall -O0 -g3 -c -fmessage-length=0 -MT"src/interrupt_counter_2B.o" -I../../interruot_counter_bsp/ps7_cortexa9_0/include -MMD -MP -MF"src/interrupt_counter_2B.d" -MT"src/interrupt_counter_2B.d" -o "src/interrupt_counter_2B.o" "../src/interrupt_counter_2B.c"
../src/interrupt_counter_2B.c: In function 'main':
../src/interrupt_counter_2B.c:100:3: warning: passing argument 2 of 'XTmrCtr_SetHandler' from incompatible pointer type
   XTmrCtr_SetHandler(&TMRInst, TMR_Intr_Handler, &TMRInst);
   ^
In file included from ../src/interrupt_counter_2B.c:6:0:
../../interruot_counter_bsp/ps7_cortexa9_0/include/xtmrctr.h:293:6: note: expected 'XTmrCtr_Handler' but argument is of type 'void (*)(void *)'
 void XTmrCtr_SetHandler(XTmrCtr * InstancePtr, XTmrCtr_Handler FuncPtr,
      ^
../src/interrupt_counter_2B.c:77:13: warning: unused variable 'TimerInstancePtr' [-Wunused-variable]
  XScuTimer *TimerInstancePtr = &Timer;
             ^
../src/interrupt_counter_2B.c:76:20: warning: unused variable 'ConfigPtr' [-Wunused-variable]
  XScuTimer_Config *ConfigPtr;
                    ^
../src/interrupt_counter_2B.c:64:15: warning: unused variable 'i' [-Wunused-variable]
  unsigned int i;
               ^
../src/interrupt_counter_2B.c: In function 'TMR_Intr_Handler':
../src/interrupt_counter_2B.c:217:19: error: expected expression before '<' token
     if (led_data =< 3) {
                   ^
../src/interrupt_counter_2B.c: At top level:
../src/interrupt_counter_2B.c:42:12: warning: 'tmr_count' defined but not used [-Wunused-variable]
 static int tmr_count;
            ^
make: *** [src/interrupt_counter_2B.o] Error 1
12:03:41 **** Auto Build of configuration Debug for project interruot_counter ****
make all 
'Building file: ../src/interrupt_counter_2B.c'
'Invoking: ARM gcc compiler'
arm-xilinx-eabi-gcc -Wall -O0 -g3 -c -fmessage-length=0 -MT"src/interrupt_counter_2B.o" -I../../interruot_counter_bsp/ps7_cortexa9_0/include -MMD -MP -MF"src/interrupt_counter_2B.d" -MT"src/interrupt_counter_2B.d" -o "src/interrupt_counter_2B.o" "../src/interrupt_counter_2B.c"
../src/interrupt_counter_2B.c: In function 'main':
../src/interrupt_counter_2B.c:100:3: warning: passing argument 2 of 'XTmrCtr_SetHandler' from incompatible pointer type
   XTmrCtr_SetHandler(&TMRInst, TMR_Intr_Handler, &TMRInst);
   ^
In file included from ../src/interrupt_counter_2B.c:6:0:
../../interruot_counter_bsp/ps7_cortexa9_0/include/xtmrctr.h:293:6: note: expected 'XTmrCtr_Handler' but argument is of type 'void (*)(void *)'
 void XTmrCtr_SetHandler(XTmrCtr * InstancePtr, XTmrCtr_Handler FuncPtr,
      ^
../src/interrupt_counter_2B.c:77:13: warning: unused variable 'TimerInstancePtr' [-Wunused-variable]
  XScuTimer *TimerInstancePtr = &Timer;
             ^
../src/interrupt_counter_2B.c:76:20: warning: unused variable 'ConfigPtr' [-Wunused-variable]
  XScuTimer_Config *ConfigPtr;
                    ^
../src/interrupt_counter_2B.c:64:15: warning: unused variable 'i' [-Wunused-variable]
  unsigned int i;
               ^
../src/interrupt_counter_2B.c: At top level:
../src/interrupt_counter_2B.c:42:12: warning: 'tmr_count' defined but not used [-Wunused-variable]
 static int tmr_count;
            ^
'Finished building: ../src/interrupt_counter_2B.c'
' '
'Building target: interruot_counter.elf'
'Invoking: ARM gcc linker'
arm-xilinx-eabi-gcc -Wl,-T -Wl,../src/lscript.ld -L../../interruot_counter_bsp/ps7_cortexa9_0/lib -o "interruot_counter.elf"  ./src/interrupt_counter_2B.o   -Wl,--start-group,-lxil,-lgcc,-lc,--end-group
'Finished building target: interruot_counter.elf'
' '
'Invoking: ARM Print Size'
arm-xilinx-eabi-size interruot_counter.elf  |tee "interruot_counter.elf.size"
   text	   data	    bss	    dec	    hex	filename
  34028	   2008	  22756	  58792	   e5a8	interruot_counter.elf
'Finished building: interruot_counter.elf.size'
' '
12:03:48 **** Incremental Build of configuration Debug for project interruot_counter ****
make all 
make: Nothing to be done for `all'.
12:04:44 **** Auto Build of configuration Debug for project interruot_counter ****
make all 
'Building file: ../src/interrupt_counter_2B.c'
'Invoking: ARM gcc compiler'
arm-xilinx-eabi-gcc -Wall -O0 -g3 -c -fmessage-length=0 -MT"src/interrupt_counter_2B.o" -I../../interruot_counter_bsp/ps7_cortexa9_0/include -MMD -MP -MF"src/interrupt_counter_2B.d" -MT"src/interrupt_counter_2B.d" -o "src/interrupt_counter_2B.o" "../src/interrupt_counter_2B.c"
../src/interrupt_counter_2B.c: In function 'main':
../src/interrupt_counter_2B.c:100:3: warning: passing argument 2 of 'XTmrCtr_SetHandler' from incompatible pointer type
   XTmrCtr_SetHandler(&TMRInst, TMR_Intr_Handler, &TMRInst);
   ^
In file included from ../src/interrupt_counter_2B.c:6:0:
../../interruot_counter_bsp/ps7_cortexa9_0/include/xtmrctr.h:293:6: note: expected 'XTmrCtr_Handler' but argument is of type 'void (*)(void *)'
 void XTmrCtr_SetHandler(XTmrCtr * InstancePtr, XTmrCtr_Handler FuncPtr,
      ^
../src/interrupt_counter_2B.c:77:13: warning: unused variable 'TimerInstancePtr' [-Wunused-variable]
  XScuTimer *TimerInstancePtr = &Timer;
             ^
../src/interrupt_counter_2B.c:76:20: warning: unused variable 'ConfigPtr' [-Wunused-variable]
  XScuTimer_Config *ConfigPtr;
                    ^
../src/interrupt_counter_2B.c:64:15: warning: unused variable 'i' [-Wunused-variable]
  unsigned int i;
               ^
../src/interrupt_counter_2B.c: At top level:
../src/interrupt_counter_2B.c:244:1: error: expected identifier or '(' before '}' token
 }
 ^
../src/interrupt_counter_2B.c:42:12: warning: 'tmr_count' defined but not used [-Wunused-variable]
 static int tmr_count;
            ^
make: *** [src/interrupt_counter_2B.o] Error 1
12:05:02 **** Auto Build of configuration Debug for project interruot_counter ****
make all 
'Building file: ../src/interrupt_counter_2B.c'
'Invoking: ARM gcc compiler'
arm-xilinx-eabi-gcc -Wall -O0 -g3 -c -fmessage-length=0 -MT"src/interrupt_counter_2B.o" -I../../interruot_counter_bsp/ps7_cortexa9_0/include -MMD -MP -MF"src/interrupt_counter_2B.d" -MT"src/interrupt_counter_2B.d" -o "src/interrupt_counter_2B.o" "../src/interrupt_counter_2B.c"
../src/interrupt_counter_2B.c: In function 'main':
../src/interrupt_counter_2B.c:100:3: warning: passing argument 2 of 'XTmrCtr_SetHandler' from incompatible pointer type
   XTmrCtr_SetHandler(&TMRInst, TMR_Intr_Handler, &TMRInst);
   ^
In file included from ../src/interrupt_counter_2B.c:6:0:
../../interruot_counter_bsp/ps7_cortexa9_0/include/xtmrctr.h:293:6: note: expected 'XTmrCtr_Handler' but argument is of type 'void (*)(void *)'
 void XTmrCtr_SetHandler(XTmrCtr * InstancePtr, XTmrCtr_Handler FuncPtr,
      ^
../src/interrupt_counter_2B.c:77:13: warning: unused variable 'TimerInstancePtr' [-Wunused-variable]
  XScuTimer *TimerInstancePtr = &Timer;
             ^
../src/interrupt_counter_2B.c:76:20: warning: unused variable 'ConfigPtr' [-Wunused-variable]
  XScuTimer_Config *ConfigPtr;
                    ^
../src/interrupt_counter_2B.c:64:15: warning: unused variable 'i' [-Wunused-variable]
  unsigned int i;
               ^
../src/interrupt_counter_2B.c: At top level:
../src/interrupt_counter_2B.c:244:1: error: expected identifier or '(' before '}' token
 }
 ^
../src/interrupt_counter_2B.c:42:12: warning: 'tmr_count' defined but not used [-Wunused-variable]
 static int tmr_count;
            ^
make: *** [src/interrupt_counter_2B.o] Error 1
12:05:14 **** Incremental Build of configuration Debug for project interruot_counter ****
make all 
'Building file: ../src/interrupt_counter_2B.c'
'Invoking: ARM gcc compiler'
arm-xilinx-eabi-gcc -Wall -O0 -g3 -c -fmessage-length=0 -MT"src/interrupt_counter_2B.o" -I../../interruot_counter_bsp/ps7_cortexa9_0/include -MMD -MP -MF"src/interrupt_counter_2B.d" -MT"src/interrupt_counter_2B.d" -o "src/interrupt_counter_2B.o" "../src/interrupt_counter_2B.c"
../src/interrupt_counter_2B.c: In function 'main':
../src/interrupt_counter_2B.c:100:3: warning: passing argument 2 of 'XTmrCtr_SetHandler' from incompatible pointer type
   XTmrCtr_SetHandler(&TMRInst, TMR_Intr_Handler, &TMRInst);
   ^
In file included from ../src/interrupt_counter_2B.c:6:0:
../../interruot_counter_bsp/ps7_cortexa9_0/include/xtmrctr.h:293:6: note: expected 'XTmrCtr_Handler' but argument is of type 'void (*)(void *)'
 void XTmrCtr_SetHandler(XTmrCtr * InstancePtr, XTmrCtr_Handler FuncPtr,
      ^
../src/interrupt_counter_2B.c:77:13: warning: unused variable 'TimerInstancePtr' [-Wunused-variable]
  XScuTimer *TimerInstancePtr = &Timer;
             ^
../src/interrupt_counter_2B.c:76:20: warning: unused variable 'ConfigPtr' [-Wunused-variable]
  XScuTimer_Config *ConfigPtr;
                    ^
../src/interrupt_counter_2B.c:64:15: warning: unused variable 'i' [-Wunused-variable]
  unsigned int i;
               ^
../src/interrupt_counter_2B.c: At top level:
../src/interrupt_counter_2B.c:244:1: error: expected identifier or '(' before '}' token
 }
 ^
../src/interrupt_counter_2B.c:42:12: warning: 'tmr_count' defined but not used [-Wunused-variable]
 static int tmr_count;
            ^
make: *** [src/interrupt_counter_2B.o] Error 1
12:05:40 **** Auto Build of configuration Debug for project interruot_counter ****
make all 
'Building file: ../src/interrupt_counter_2B.c'
'Invoking: ARM gcc compiler'
arm-xilinx-eabi-gcc -Wall -O0 -g3 -c -fmessage-length=0 -MT"src/interrupt_counter_2B.o" -I../../interruot_counter_bsp/ps7_cortexa9_0/include -MMD -MP -MF"src/interrupt_counter_2B.d" -MT"src/interrupt_counter_2B.d" -o "src/interrupt_counter_2B.o" "../src/interrupt_counter_2B.c"
../src/interrupt_counter_2B.c: In function 'main':
../src/interrupt_counter_2B.c:100:3: warning: passing argument 2 of 'XTmrCtr_SetHandler' from incompatible pointer type
   XTmrCtr_SetHandler(&TMRInst, TMR_Intr_Handler, &TMRInst);
   ^
In file included from ../src/interrupt_counter_2B.c:6:0:
../../interruot_counter_bsp/ps7_cortexa9_0/include/xtmrctr.h:293:6: note: expected 'XTmrCtr_Handler' but argument is of type 'void (*)(void *)'
 void XTmrCtr_SetHandler(XTmrCtr * InstancePtr, XTmrCtr_Handler FuncPtr,
      ^
../src/interrupt_counter_2B.c:77:13: warning: unused variable 'TimerInstancePtr' [-Wunused-variable]
  XScuTimer *TimerInstancePtr = &Timer;
             ^
../src/interrupt_counter_2B.c:76:20: warning: unused variable 'ConfigPtr' [-Wunused-variable]
  XScuTimer_Config *ConfigPtr;
                    ^
../src/interrupt_counter_2B.c:64:15: warning: unused variable 'i' [-Wunused-variable]
  unsigned int i;
               ^
../src/interrupt_counter_2B.c: At top level:
../src/interrupt_counter_2B.c:42:12: warning: 'tmr_count' defined but not used [-Wunused-variable]
 static int tmr_count;
            ^
'Finished building: ../src/interrupt_counter_2B.c'
' '
'Building target: interruot_counter.elf'
'Invoking: ARM gcc linker'
arm-xilinx-eabi-gcc -Wl,-T -Wl,../src/lscript.ld -L../../interruot_counter_bsp/ps7_cortexa9_0/lib -o "interruot_counter.elf"  ./src/interrupt_counter_2B.o   -Wl,--start-group,-lxil,-lgcc,-lc,--end-group
'Finished building target: interruot_counter.elf'
' '
'Invoking: ARM Print Size'
arm-xilinx-eabi-size interruot_counter.elf  |tee "interruot_counter.elf.size"
   text	   data	    bss	    dec	    hex	filename
  34028	   2008	  22756	  58792	   e5a8	interruot_counter.elf
'Finished building: interruot_counter.elf.size'
' '
12:05:58 **** Auto Build of configuration Debug for project interruot_counter ****
make all 
'Building file: ../src/interrupt_counter_2B.c'
'Invoking: ARM gcc compiler'
arm-xilinx-eabi-gcc -Wall -O0 -g3 -c -fmessage-length=0 -MT"src/interrupt_counter_2B.o" -I../../interruot_counter_bsp/ps7_cortexa9_0/include -MMD -MP -MF"src/interrupt_counter_2B.d" -MT"src/interrupt_counter_2B.d" -o "src/interrupt_counter_2B.o" "../src/interrupt_counter_2B.c"
../src/interrupt_counter_2B.c: In function 'main':
../src/interrupt_counter_2B.c:100:3: warning: passing argument 2 of 'XTmrCtr_SetHandler' from incompatible pointer type
   XTmrCtr_SetHandler(&TMRInst, TMR_Intr_Handler, &TMRInst);
   ^
In file included from ../src/interrupt_counter_2B.c:6:0:
../../interruot_counter_bsp/ps7_cortexa9_0/include/xtmrctr.h:293:6: note: expected 'XTmrCtr_Handler' but argument is of type 'void (*)(void *)'
 void XTmrCtr_SetHandler(XTmrCtr * InstancePtr, XTmrCtr_Handler FuncPtr,
      ^
../src/interrupt_counter_2B.c:77:13: warning: unused variable 'TimerInstancePtr' [-Wunused-variable]
  XScuTimer *TimerInstancePtr = &Timer;
             ^
../src/interrupt_counter_2B.c:76:20: warning: unused variable 'ConfigPtr' [-Wunused-variable]
  XScuTimer_Config *ConfigPtr;
                    ^
../src/interrupt_counter_2B.c:64:15: warning: unused variable 'i' [-Wunused-variable]
  unsigned int i;
               ^
../src/interrupt_counter_2B.c: At top level:
../src/interrupt_counter_2B.c:42:12: warning: 'tmr_count' defined but not used [-Wunused-variable]
 static int tmr_count;
            ^
'Finished building: ../src/interrupt_counter_2B.c'
' '
'Building target: interruot_counter.elf'
'Invoking: ARM gcc linker'
arm-xilinx-eabi-gcc -Wl,-T -Wl,../src/lscript.ld -L../../interruot_counter_bsp/ps7_cortexa9_0/lib -o "interruot_counter.elf"  ./src/interrupt_counter_2B.o   -Wl,--start-group,-lxil,-lgcc,-lc,--end-group
'Finished building target: interruot_counter.elf'
' '
'Invoking: ARM Print Size'
arm-xilinx-eabi-size interruot_counter.elf  |tee "interruot_counter.elf.size"
   text	   data	    bss	    dec	    hex	filename
  34028	   2008	  22756	  58792	   e5a8	interruot_counter.elf
'Finished building: interruot_counter.elf.size'
' '
12:06:03 **** Incremental Build of configuration Debug for project interruot_counter ****
make all 
make: Nothing to be done for `all'.
14:08:31 **** Incremental Build of configuration Debug for project interruot_counter ****
make all 
make: Nothing to be done for `all'.
14:19:15 **** Auto Build of configuration Debug for project interruot_counter ****
make all 
'Building file: ../src/interrupt_counter_2B.c'
'Invoking: ARM gcc compiler'
arm-xilinx-eabi-gcc -Wall -O0 -g3 -c -fmessage-length=0 -MT"src/interrupt_counter_2B.o" -I../../interruot_counter_bsp/ps7_cortexa9_0/include -MMD -MP -MF"src/interrupt_counter_2B.d" -MT"src/interrupt_counter_2B.d" -o "src/interrupt_counter_2B.o" "../src/interrupt_counter_2B.c"
../src/interrupt_counter_2B.c: In function 'main':
../src/interrupt_counter_2B.c:99:3: warning: passing argument 2 of 'XTmrCtr_SetHandler' from incompatible pointer type
   XTmrCtr_SetHandler(&TMRInst, TMR_Intr_Handler, &TMRInst);
   ^
In file included from ../src/interrupt_counter_2B.c:6:0:
../../interruot_counter_bsp/ps7_cortexa9_0/include/xtmrctr.h:293:6: note: expected 'XTmrCtr_Handler' but argument is of type 'void (*)(void *)'
 void XTmrCtr_SetHandler(XTmrCtr * InstancePtr, XTmrCtr_Handler FuncPtr,
      ^
../src/interrupt_counter_2B.c:76:13: warning: unused variable 'TimerInstancePtr' [-Wunused-variable]
  XScuTimer *TimerInstancePtr = &Timer;
             ^
../src/interrupt_counter_2B.c:75:20: warning: unused variable 'ConfigPtr' [-Wunused-variable]
  XScuTimer_Config *ConfigPtr;
                    ^
../src/interrupt_counter_2B.c:63:15: warning: unused variable 'i' [-Wunused-variable]
  unsigned int i;
               ^
../src/interrupt_counter_2B.c: At top level:
../src/interrupt_counter_2B.c:41:12: warning: 'tmr_count' defined but not used [-Wunused-variable]
 static int tmr_count;
            ^
'Finished building: ../src/interrupt_counter_2B.c'
' '
'Building target: interruot_counter.elf'
'Invoking: ARM gcc linker'
arm-xilinx-eabi-gcc -Wl,-T -Wl,../src/lscript.ld -L../../interruot_counter_bsp/ps7_cortexa9_0/lib -o "interruot_counter.elf"  ./src/interrupt_counter_2B.o   -Wl,--start-group,-lxil,-lgcc,-lc,--end-group
'Finished building target: interruot_counter.elf'
' '
'Invoking: ARM Print Size'
arm-xilinx-eabi-size interruot_counter.elf  |tee "interruot_counter.elf.size"
   text	   data	    bss	    dec	    hex	filename
  34028	   2008	  22756	  58792	   e5a8	interruot_counter.elf
'Finished building: interruot_counter.elf.size'
' '
14:36:38 **** Incremental Build of configuration Debug for project interruot_counter ****
make all 
make: Nothing to be done for `all'.
14:42:19 **** Auto Build of configuration Debug for project interruot_counter ****
make all 
'Building file: ../src/interrupt_counter_2B.c'
'Invoking: ARM gcc compiler'
arm-xilinx-eabi-gcc -Wall -O0 -g3 -c -fmessage-length=0 -MT"src/interrupt_counter_2B.o" -I../../interruot_counter_bsp/ps7_cortexa9_0/include -MMD -MP -MF"src/interrupt_counter_2B.d" -MT"src/interrupt_counter_2B.d" -o "src/interrupt_counter_2B.o" "../src/interrupt_counter_2B.c"
../src/interrupt_counter_2B.c: In function 'main':
../src/interrupt_counter_2B.c:99:3: warning: passing argument 2 of 'XTmrCtr_SetHandler' from incompatible pointer type
   XTmrCtr_SetHandler(&TMRInst, TMR_Intr_Handler, &TMRInst);
   ^
In file included from ../src/interrupt_counter_2B.c:6:0:
../../interruot_counter_bsp/ps7_cortexa9_0/include/xtmrctr.h:293:6: note: expected 'XTmrCtr_Handler' but argument is of type 'void (*)(void *)'
 void XTmrCtr_SetHandler(XTmrCtr * InstancePtr, XTmrCtr_Handler FuncPtr,
      ^
../src/interrupt_counter_2B.c:76:13: warning: unused variable 'TimerInstancePtr' [-Wunused-variable]
  XScuTimer *TimerInstancePtr = &Timer;
             ^
../src/interrupt_counter_2B.c:75:20: warning: unused variable 'ConfigPtr' [-Wunused-variable]
  XScuTimer_Config *ConfigPtr;
                    ^
../src/interrupt_counter_2B.c:63:15: warning: unused variable 'i' [-Wunused-variable]
  unsigned int i;
               ^
../src/interrupt_counter_2B.c: At top level:
../src/interrupt_counter_2B.c:41:12: warning: 'tmr_count' defined but not used [-Wunused-variable]
 static int tmr_count;
            ^
'Finished building: ../src/interrupt_counter_2B.c'
' '
'Building target: interruot_counter.elf'
'Invoking: ARM gcc linker'
arm-xilinx-eabi-gcc -Wl,-T -Wl,../src/lscript.ld -L../../interruot_counter_bsp/ps7_cortexa9_0/lib -o "interruot_counter.elf"  ./src/interrupt_counter_2B.o   -Wl,--start-group,-lxil,-lgcc,-lc,--end-group
'Finished building target: interruot_counter.elf'
' '
'Invoking: ARM Print Size'
arm-xilinx-eabi-size interruot_counter.elf  |tee "interruot_counter.elf.size"
   text	   data	    bss	    dec	    hex	filename
  34028	   2008	  22756	  58792	   e5a8	interruot_counter.elf
'Finished building: interruot_counter.elf.size'
' '
14:42:25 **** Incremental Build of configuration Debug for project interruot_counter ****
make all 
make: Nothing to be done for `all'.
14:43:48 **** Incremental Build of configuration Debug for project interruot_counter ****
make all 
make: Nothing to be done for `all'.
